Component: ARM Compiler 5.06 update 6 (build 750) Tool: armlink [4d35ed]

==============================================================================

Section Cross References

    main.o(.text) refers to tasks.o(.text) for xTaskNotifyWait
    main.o(.text) refers to user_process.o(.text) for MessageProcess
    main.o(.text) refers to malloc.o(.text) for mymemset
    main.o(.text) refers to usart.o(.text) for UartInit
    main.o(.text) refers to led.o(.text) for LedInit
    main.o(.text) refers to exti.o(.text) for EXTIX_Init
    main.o(.text) refers to port.o(.text) for vPortEnterCritical
    main.o(.text) refers to timers.o(.text) for xTimerCreate
    main.o(.text) refers to misc.o(.text) for NVIC_PriorityGroupConfig
    main.o(.text) refers to delay.o(.text) for delay_init
    main.o(.text) refers to usart.o(.data) for uart1RxSta
    main.o(.text) refers to usart.o(.bss) for uart1RxBuf
    main.o(.text) refers to exti.o(.data) for CardCheckFlag
    main.o(.text) refers to main.o(.data) for MessageProcessTask_Handler
    system_stm32f10x.o(.text) refers to system_stm32f10x.o(.data) for SystemCoreClock
    user_process.o(.text) refers to tasks.o(.text) for vTaskDelay
    user_process.o(.text) refers to stm32f10x_rcc.o(.text) for RCC_APB2PeriphClockCmd
    user_process.o(.text) refers to stm32f10x_gpio.o(.text) for GPIO_Init
    user_process.o(.text) refers to max6675.o(.text) for Max6675_readTemperature
    user_process.o(.text) refers to f2d.o(.text) for __aeabi_f2d
    user_process.o(.text) refers to printfa.o(i.__0printf) for __2printf
    user_process.o(.text) refers to cfrcmple.o(.text) for __aeabi_cfrcmple
    user_process.o(.text) refers to stm32f10x_tim.o(.text) for TIM_SetCompare3
    user_process.o(.text) refers to timer.o(.text) for TIM3_PWM_Init
    user_process.o(.text) refers to stm32f10x_usart.o(.text) for USART_GetFlagStatus
    user_process.o(.text) refers to detectboard.o(.text) for DetectBoard_Initial
    user_process.o(.text) refers to cjson.o(.text) for cJSON_CreateObject
    user_process.o(.text) refers to malloc.o(.text) for mymemcpy
    user_process.o(.text) refers to strlen.o(.text) for strlen
    user_process.o(.text) refers to usart.o(.text) for MyUartSend
    user_process.o(.text) refers to mallocr.o(i.__free$realloc) for free
    user_process.o(.text) refers to atof.o(i.atof) for atof
    user_process.o(.text) refers to d2f.o(.text) for __aeabi_d2f
    user_process.o(.text) refers to user_process.o(.data) for startScanFlag
    user_process.o(.text) refers to main.o(.data) for MessageProcessTask_Handler
    user_process.o(.text) refers to dfltui.o(.text) for __aeabi_ui2d
    led.o(.text) refers to stm32f10x_rcc.o(.text) for RCC_APB2PeriphClockCmd
    led.o(.text) refers to stm32f10x_gpio.o(.text) for GPIO_Init
    key.o(.text) refers to stm32f10x_rcc.o(.text) for RCC_APB2PeriphClockCmd
    key.o(.text) refers to stm32f10x_gpio.o(.text) for GPIO_Init
    key.o(.text) refers to delay.o(.text) for delay_ms
    key.o(.text) refers to key.o(.data) for key_up
    exti.o(.text) refers to stm32f10x_rcc.o(.text) for RCC_APB2PeriphClockCmd
    exti.o(.text) refers to key.o(.text) for KEY_Init
    exti.o(.text) refers to stm32f10x_gpio.o(.text) for GPIO_EXTILineConfig
    exti.o(.text) refers to stm32f10x_exti.o(.text) for EXTI_Init
    exti.o(.text) refers to misc.o(.text) for NVIC_Init
    exti.o(.text) refers to delay.o(.text) for delay_xms
    exti.o(.text) refers to tasks.o(.text) for xTaskResumeFromISR
    exti.o(.text) refers to printfa.o(i.__0printf) for __2printf
    exti.o(.text) refers to exti.o(.data) for CardCheckFlag
    timer.o(.text) refers to stm32f10x_rcc.o(.text) for RCC_APB1PeriphClockCmd
    timer.o(.text) refers to stm32f10x_tim.o(.text) for TIM_TimeBaseInit
    timer.o(.text) refers to misc.o(.text) for NVIC_Init
    timer.o(.text) refers to stm32f10x_gpio.o(.text) for GPIO_Init
    timer.o(.text) refers to timer.o(.data) for FreeRTOSRunTimeTicks
    max6675.o(.text) refers to stm32f10x_rcc.o(.text) for RCC_APB2PeriphClockCmd
    max6675.o(.text) refers to stm32f10x_gpio.o(.text) for GPIO_PinRemapConfig
    max6675.o(.text) refers to delay.o(.text) for delay_us
    max6675.o(.text) refers to f2d.o(.text) for __aeabi_f2d
    max6675.o(.text) refers to dfltui.o(.text) for __aeabi_ui2d
    max6675.o(.text) refers to dmul.o(.text) for __aeabi_dmul
    max6675.o(.text) refers to ddiv.o(.text) for __aeabi_ddiv
    max6675.o(.text) refers to d2f.o(.text) for __aeabi_d2f
    ad5676.o(.text) refers to stm32f10x_rcc.o(.text) for RCC_APB2PeriphClockCmd
    ad5676.o(.text) refers to stm32f10x_gpio.o(.text) for GPIO_Init
    ad5676.o(.text) refers to delay.o(.text) for delay_us
    ad5676.o(.text) refers to spi1.o(.text) for SPI1_Init
    ad5933.o(.text) refers to ad5933_i2c.o(.text) for AD5933_IIC_Write
    ad5933.o(.text) refers to delay.o(.text) for delay_ms
    ad5933.o(.text) refers to ad5933.o(.data) for currentRange
[...]
    PendSV_Handler                           0x08000189   Thumb Code    72  port.o(.emb_text)
    vPortGetIPSR                             0x080001d5   Thumb Code     6  port.o(.emb_text)
    messageprocess_task                      0x080001dd   Thumb Code    32  main.o(.text)
    uart_task                                0x080001fd   Thumb Code   122  main.o(.text)
    AutoReloadCallback                       0x08000277   Thumb Code    56  main.o(.text)
    start_task                               0x080002af   Thumb Code   140  main.o(.text)
    main                                     0x0800033b   Thumb Code    44  main.o(.text)
    timercontrol_task                        0x08000367   Thumb Code    48  main.o(.text)
    NMI_Handler                              0x08000401   Thumb Code     2  stm32f10x_it.o(.text)
    HardFault_Handler                        0x08000403   Thumb Code     4  stm32f10x_it.o(.text)
    MemManage_Handler                        0x08000407   Thumb Code     4  stm32f10x_it.o(.text)
    BusFault_Handler                         0x0800040b   Thumb Code     4  stm32f10x_it.o(.text)
    UsageFault_Handler                       0x0800040f   Thumb Code     4  stm32f10x_it.o(.text)
    DebugMon_Handler                         0x08000413   Thumb Code     2  stm32f10x_it.o(.text)
    SystemInit                               0x080004f3   Thumb Code    78  system_stm32f10x.o(.text)
    SystemCoreClockUpdate                    0x08000541   Thumb Code   142  system_stm32f10x.o(.text)
    StartScanCode                            0x080005f5   Thumb Code    32  user_process.o(.text)
    StopScanCode                             0x08000615   Thumb Code     8  user_process.o(.text)
    ScanCodeInit                             0x0800061d   Thumb Code    54  user_process.o(.text)
    ScanHeatingTemp                          0x08000653   Thumb Code   100  user_process.o(.text)
    HeatInit                                 0x080006b7   Thumb Code    32  user_process.o(.text)
    CardCheckInit                            0x080006d7   Thumb Code    32  user_process.o(.text)
    HalBoardInit                             0x080006f7   Thumb Code    44  user_process.o(.text)
    PreTestProcess                           0x08000723   Thumb Code     6  user_process.o(.text)
    IntialProcess                            0x08000729   Thumb Code     6  user_process.o(.text)
    SelfTestProcess                          0x0800072f   Thumb Code    22  user_process.o(.text)
    StartHeatBody                            0x08000745   Thumb Code    34  user_process.o(.text)
    SendSampleCollect                        0x08000767   Thumb Code   404  user_process.o(.text)
    GetTestCardValue                         0x080008fb   Thumb Code     6  user_process.o(.text)
    ProcessValueKeyDate                      0x08000901   Thumb Code   536  user_process.o(.text)
    Uart1Process                             0x08000b19   Thumb Code   248  user_process.o(.text)
    Uart2Process                             0x08000c11   Thumb Code   154  user_process.o(.text)
    UartProcess                              0x08000cab   Thumb Code    54  user_process.o(.text)
    MessageProcess                           0x08000ce1   Thumb Code   352  user_process.o(.text)
    LedInit                                  0x08000f79   Thumb Code    46  led.o(.text)
    KEY_Init                                 0x08000fad   Thumb Code    32  key.o(.text)
    KEY_Scan                                 0x08000fcd   Thumb Code   154  key.o(.text)
    EXTIX_Init                               0x08001079   Thumb Code    82  exti.o(.text)
    EXTI1_IRQHandler                         0x080010cb   Thumb Code    34  exti.o(.text)
    EXTI9_5_IRQHandler                       0x080010ed   Thumb Code    62  exti.o(.text)
    TIM3_Int_Init                            0x08001155   Thumb Code    90  timer.o(.text)
    ConfigureTimeForRunTimeStats             0x080011af   Thumb Code    20  timer.o(.text)
    TIM3_IRQHandler                          0x080011c3   Thumb Code    42  timer.o(.text)
    TIM3_PWM_Init                            0x080011ed   Thumb Code   122  timer.o(.text)
    Max6675Init                              0x08001275   Thumb Code   164  max6675.o(.text)
    Max6675_readRawValue                     0x08001319   Thumb Code   156  max6675.o(.text)
    Max6675_readTemperature                  0x080013b5   Thumb Code    90  max6675.o(.text)
    AD5676_GPIO_Init                         0x08001425   Thumb Code    40  ad5676.o(.text)
    AD5676_Reset                             0x0800144d   Thumb Code    36  ad5676.o(.text)
    AD5676_Init                              0x08001471   Thumb Code    34  ad5676.o(.text)
    AD5676_WriteReg                          0x08001493   Thumb Code    82  ad5676.o(.text)
    AD5676_WriteToInputReg                   0x080014e5   Thumb Code    18  ad5676.o(.text)
    AD5676_UpdateDAC                         0x080014f7   Thumb Code    16  ad5676.o(.text)
    AD5676_WriteToInputRegDAC                0x08001507   Thumb Code    18  ad5676.o(.text)
    AD5676_PowerDown_ALL                     0x08001519   Thumb Code    54  ad5676.o(.text)
    AD5676_PowerUp_ALL                       0x0800154f   Thumb Code    56  ad5676.o(.text)
    AD5933_SetRegisterValue                  0x08001591   Thumb Code    64  ad5933.o(.text)
    AD5933_StartFreqSweep                    0x080015d1   Thumb Code    30  ad5933.o(.text)
    AD5933_InitStartFreq                     0x080015ef   Thumb Code    30  ad5933.o(.text)
    AD5933_SetRangeAndGain                   0x0800160d   Thumb Code    34  ad5933.o(.text)
    AD5933_SetSystemClk                      0x0800162f   Thumb Code    20  ad5933.o(.text)
    AD5933_Standby                           0x08001643   Thumb Code    30  ad5933.o(.text)
    AD5933_ConfigSettlingCycl                0x08001661   Thumb Code    16  ad5933.o(.text)
    AD5933_ConfigSweep                       0x08001671   Thumb Code    40  ad5933.o(.text)
    AD5933_Reset                             0x08001699   Thumb Code    20  ad5933.o(.text)
    AD5933_Init                              0x080016ad   Thumb Code    68  ad5933.o(.text)
    AD5933_GetRegisterValue                  0x080016f1   Thumb Code    88  ad5933.o(.text)
    AD5933_StartSweep                        0x08001749   Thumb Code   114  ad5933.o(.text)
    AD5933_CalculateGainFactor               0x080017bb   Thumb Code    18  ad5933.o(.text)
    AD5933_CalculateImpedance                0x080017cd   Thumb Code    20  ad5933.o(.text)
    AD5933_CalRelatedImp                     0x080017e1   Thumb Code   102  ad5933.o(.text)
    ReadTemp                                 0x08001847   Thumb Code    82  ad5933.o(.text)
    AD5933_GetTemperature                    0x08001899   Thumb Code     4  ad5933.o(.text)
    AD5933_IIC_Init                          0x080018ad   Thumb Code    50  ad5933_i2c.o(.text)
    AD5933_IIC_Start                         0x080018df   Thumb Code    58  ad5933_i2c.o(.text)
    AD5933_IIC_Stop                          0x08001919   Thumb Code    40  ad5933_i2c.o(.text)
    AD5933_IIC_Wait_Ack                      0x08001941   Thumb Code    76  ad5933_i2c.o(.text)
    AD5933_IIC_Ack                           0x0800198d   Thumb Code    44  ad5933_i2c.o(.text)
    AD5933_IIC_NAck                          0x080019b9   Thumb Code    46  ad5933_i2c.o(.text)
    AD5933_IIC_Send_Byte                     0x080019e7   Thumb Code    88  ad5933_i2c.o(.text)
    AD5933_IIC_Write                         0x08001a3f   Thumb Code    70  ad5933_i2c.o(.text)
    AD5933_IIC_Read_Byte                     0x08001a85   Thumb Code    82  ad5933_i2c.o(.text)
    AD5933_IIC_Read                          0x08001ad7   Thumb Code    66  ad5933_i2c.o(.text)
    AD7124_ComputeCRC8                       0x08001b1d   Thumb Code    66  ad7124.o(.text)
    AD7124_NoCheckReadRegister               0x08001b5f   Thumb Code   194  ad7124.o(.text)
    AD7124_NoCheckWriteRegister              0x08001c21   Thumb Code   128  ad7124.o(.text)
    AD7124_ReadRegister                      0x08001ca1   Thumb Code    20  ad7124.o(.text)
    AD7124_WriteRegister                     0x08001cb5   Thumb Code    30  ad7124.o(.text)
    AD7124_Reset                             0x08001cd3   Thumb Code    36  ad7124.o(.text)
    AD7124_WaitForSpiReady                   0x08001cf7   Thumb Code    76  ad7124.o(.text)
    AD7124_WaitForConvReady                  0x08001d43   Thumb Code    74  ad7124.o(.text)
    AD7124_GetChannel                        0x08001d8d   Thumb Code    50  ad7124.o(.text)
    AD7124_ReadData                          0x08001dbf   Thumb Code    94  ad7124.o(.text)
    AD7124_ReadAverData                      0x08001e1d   Thumb Code    56  ad7124.o(.text)
    AD7124_ReadRawData                       0x08001e55   Thumb Code    36  ad7124.o(.text)
    AD7124_UpdateCRCSetting                  0x08001e79   Thumb Code    30  ad7124.o(.text)
    AD7124_UpdateDevSpiSettings              0x08001e97   Thumb Code    30  ad7124.o(.text)
    AD7124_Setup                             0x08001eb5   Thumb Code   150  ad7124.o(.text)
    AD7124_Calibration                       0x08001f4b   Thumb Code    60  ad7124.o(.text)
    AD7124_SetChannle                        0x08001f87   Thumb Code   142  ad7124.o(.text)
    AD7124_SetChannles                       0x08002015   Thumb Code   196  ad7124.o(.text)
    AD7124_SPI1_Init                         0x080020d9   Thumb Code   136  platform_drivers.o(.text)
    AD7124_IO_Init                           0x08002161   Thumb Code    58  platform_drivers.o(.text)
    AD7124_SPI_Init                          0x0800219b   Thumb Code    14  platform_drivers.o(.text)
    AD7124_SPI_Read                          0x080021a9   Thumb Code    64  platform_drivers.o(.text)
    AD7124_SPI_Write                         0x080021e9   Thumb Code    56  platform_drivers.o(.text)
    DetectBoard_Initial                      0x0800222d   Thumb Code    96  detectboard.o(.text)
    DetectBoard_SelfCheck                    0x0800228d   Thumb Code   200  detectboard.o(.text)
    DetectBoard_Check_R1                     0x08002355   Thumb Code    40  detectboard.o(.text)
    DetectBoard_Check_R2                     0x0800237d   Thumb Code    40  detectboard.o(.text)
    DetectBoard_GetCartridgeAData            0x080023a5   Thumb Code   254  detectboard.o(.text)
    DetectBoard_GetCartridgeBData            0x080024a3   Thumb Code   326  detectboard.o(.text)
    DetectBoard_GetCartridgeCData            0x080025e9   Thumb Code   496  detectboard.o(.text)
    SPI1_ReadWriteByte                       0x080027d9   Thumb Code    78  spi1.o(.text)
    SPI1_Init                                0x08002827   Thumb Code   134  spi1.o(.text)
    SPI1_SetSpeed                            0x080028ad   Thumb Code    36  spi1.o(.text)
    SW_IIC_Write                             0x080028d9   Thumb Code    28  analogswitch.o(.text)
    SW_Impedance1_config                     0x080028f5   Thumb Code    82  analogswitch.o(.text)
    SW_TEST_config                           0x08002947   Thumb Code    72  analogswitch.o(.text)
    SW_IIC_Read                              0x0800298f   Thumb Code    28  analogswitch.o(.text)
    SW_GPIO_Init                             0x080029ab   Thumb Code    96  analogswitch.o(.text)
    SysTick_Handler                          0x08002a15   Thumb Code    16  delay.o(.text)
    delay_init                               0x08002a25   Thumb Code    74  delay.o(.text)
    delay_us                                 0x08002a6f   Thumb Code    68  delay.o(.text)
    delay_ms                                 0x08002ab3   Thumb Code    60  delay.o(.text)
    delay_xms                                0x08002aef   Thumb Code    24  delay.o(.text)
    _sys_exit                                0x08002b19   Thumb Code     4  usart.o(.text)
    _ttywrch                                 0x08002b1d   Thumb Code     4  usart.o(.text)
    fputc                                    0x08002b21   Thumb Code    24  usart.o(.text)
    Uart4Init                                0x08002b39   Thumb Code   158  usart.o(.text)
    Uart2Init                                0x08002bd7   Thumb Code   166  usart.o(.text)
    Uart1Init                                0x08002c7d   Thumb Code   154  usart.o(.text)
    UartInit                                 0x08002d17   Thumb Code    28  usart.o(.text)
    MyUartSend                               0x08002d33   Thumb Code   130  usart.o(.text)
    USART1_IRQHandler                        0x08002db5   Thumb Code   258  usart.o(.text)
    USART2_IRQHandler                        0x08002eb7   Thumb Code   194  usart.o(.text)
    UART4_IRQHandler                         0x08002f79   Thumb Code   212  usart.o(.text)
    Reset_Handler                            0x08003069   Thumb Code     8  startup_stm32f10x_hd.o(.text)
    ADC1_2_IRQHandler                        0x08003083   Thumb Code     0  startup_stm32f10x_hd.o(.text)
    ADC3_IRQHandler                          0x08003083   Thumb Code     0  startup_stm32f10x_hd.o(.text)
    CAN1_RX1_IRQHandler                      0x08003083   Thumb Code     0  startup_stm32f10x_hd.o(.text)
    CAN1_SCE_IRQHandler                      0x08003083   Thumb Code     0  startup_stm32f10x_hd.o(.text)
    DMA1_Channel1_IRQHandler                 0x08003083   Thumb Code     0  startup_stm32f10x_hd.o(.text)
    DMA1_Channel2_IRQHandler                 0x08003083   Thumb Code     0  startup_stm32f10x_hd.o(.text)
    DMA1_Channel3_IRQHandler                 0x08003083   Thumb Code     0  startup_stm32f10x_hd.o(.text)
    DMA1_Channel4_IRQHandler                 0x08003083   Thumb Code     0  startup_stm32f10x_hd.o(.text)
    DMA1_Channel5_IRQHandler                 0x08003083   Thumb Code     0  startup_stm32f10x_hd.o(.text)
    DMA1_Channel6_IRQHandler                 0x08003083   Thumb Code     0  startup_stm32f10x_hd.o(.text)
    DMA1_Channel7_IRQHandler                 0x08003083   Thumb Code     0  startup_stm32f10x_hd.o(.text)
    DMA2_Channel1_IRQHandler                 0x08003083   Thumb Code     0  startup_stm32f10x_hd.o(.text)
    DMA2_Channel2_IRQHandler                 0x08003083   Thumb Code     0  startup_stm32f10x_hd.o(.text)
    DMA2_Channel3_IRQHandler                 0x08003083   Thumb Code     0  startup_stm32f10x_hd.o(.text)
    DMA2_Channel4_5_IRQHandler               0x08003083   Thumb Code     0  startup_stm32f10x_hd.o(.text)
    EXTI0_IRQHandler                         0x08003083   Thumb Code     0  startup_stm32f10x_hd.o(.text)
    EXTI15_10_IRQHandler                     0x08003083   Thumb Code     0  startup_stm32f10x_hd.o(.text)
    EXTI2_IRQHandler                         0x08003083   Thumb Code     0  startup_stm32f10x_hd.o(.text)
    EXTI3_IRQHandler                         0x08003083   Thumb Code     0  startup_stm32f10x_hd.o(.text)
    EXTI4_IRQHandler                         0x08003083   Thumb Code     0  startup_stm32f10x_hd.o(.text)
    FLASH_IRQHandler                         0x08003083   Thumb Code     0  startup_stm32f10x_hd.o(.text)
    FSMC_IRQHandler                          0x08003083   Thumb Code     0  startup_stm32f10x_hd.o(.text)
    I2C1_ER_IRQHandler                       0x08003083   Thumb Code     0  startup_stm32f10x_hd.o(.text)
    I2C1_EV_IRQHandler                       0x08003083   Thumb Code     0  startup_stm32f10x_hd.o(.text)
    I2C2_ER_IRQHandler                       0x08003083   Thumb Code     0  startup_stm32f10x_hd.o(.text)
    I2C2_EV_IRQHandler                       0x08003083   Thumb Code     0  startup_stm32f10x_hd.o(.text)
    PVD_IRQHandler                           0x08003083   Thumb Code     0  startup_stm32f10x_hd.o(.text)
    RCC_IRQHandler                           0x08003083   Thumb Code     0  startup_stm32f10x_hd.o(.text)
    RTCAlarm_IRQHandler                      0x08003083   Thumb Code     0  startup_stm32f10x_hd.o(.text)
    RTC_IRQHandler                           0x08003083   Thumb Code     0  startup_stm32f10x_hd.o(.text)
    SDIO_IRQHandler                          0x08003083   Thumb Code     0  startup_stm32f10x_hd.o(.text)
    SPI1_IRQHandler                          0x08003083   Thumb Code     0  startup_stm32f10x_hd.o(.text)
    SPI2_IRQHandler                          0x08003083   Thumb Code     0  startup_stm32f10x_hd.o(.text)
    SPI3_IRQHandler                          0x08003083   Thumb Code     0  startup_stm32f10x_hd.o(.text)
    TAMPER_IRQHandler                        0x08003083   Thumb Code     0  startup_stm32f10x_hd.o(.text)
    TIM1_BRK_IRQHandler                      0x08003083   Thumb Code     0  startup_stm32f10x_hd.o(.text)
    TIM1_CC_IRQHandler                       0x08003083   Thumb Code     0  startup_stm32f10x_hd.o(.text)
    TIM1_TRG_COM_IRQHandler                  0x08003083   Thumb Code     0  startup_stm32f10x_hd.o(.text)
    TIM1_UP_IRQHandler                       0x08003083   Thumb Code     0  startup_stm32f10x_hd.o(.text)
    TIM2_IRQHandler                          0x08003083   Thumb Code     0  startup_stm32f10x_hd.o(.text)
    TIM4_IRQHandler                          0x08003083   Thumb Code     0  startup_stm32f10x_hd.o(.text)
    TIM5_IRQHandler                          0x08003083   Thumb Code     0  startup_stm32f10x_hd.o(.text)
    TIM6_IRQHandler                          0x08003083   Thumb Code     0  startup_stm32f10x_hd.o(.text)
    TIM7_IRQHandler                          0x08003083   Thumb Code     0  startup_stm32f10x_hd.o(.text)
    TIM8_BRK_IRQHandler                      0x08003083   Thumb Code     0  startup_stm32f10x_hd.o(.text)
    TIM8_CC_IRQHandler                       0x08003083   Thumb Code     0  startup_stm32f10x_hd.o(.text)
    TIM8_TRG_COM_IRQHandler                  0x08003083   Thumb Code     0  startup_stm32f10x_hd.o(.text)
    TIM8_UP_IRQHandler                       0x08003083   Thumb Code     0  startup_stm32f10x_hd.o(.text)
    UART5_IRQHandler                         0x08003083   Thumb Code     0  startup_stm32f10x_hd.o(.text)
    USART3_IRQHandler                        0x08003083   Thumb Code     0  startup_stm32f10x_hd.o(.text)
    USBWakeUp_IRQHandler                     0x08003083   Thumb Code     0  startup_stm32f10x_hd.o(.text)
    USB_HP_CAN1_TX_IRQHandler                0x08003083   Thumb Code     0  startup_stm32f10x_hd.o(.text)
    USB_LP_CAN1_RX0_IRQHandler               0x08003083   Thumb Code     0  startup_stm32f10x_hd.o(.text)
    WWDG_IRQHandler                          0x08003083   Thumb Code     0  startup_stm32f10x_hd.o(.text)
    GPIO_DeInit                              0x0800308d   Thumb Code   172  stm32f10x_gpio.o(.text)
    GPIO_AFIODeInit                          0x08003139   Thumb Code    20  stm32f10x_gpio.o(.text)
    GPIO_Init                                0x0800314d   Thumb Code   278  stm32f10x_gpio.o(.text)
    GPIO_StructInit                          0x08003263   Thumb Code    16  stm32f10x_gpio.o(.text)
    GPIO_ReadInputDataBit                    0x08003273   Thumb Code    18  stm32f10x_gpio.o(.text)
    GPIO_ReadInputData                       0x08003285   Thumb Code     8  stm32f10x_gpio.o(.text)
    GPIO_ReadOutputDataBit                   0x0800328d   Thumb Code    18  stm32f10x_gpio.o(.text)
    GPIO_ReadOutputData                      0x0800329f   Thumb Code     8  stm32f10x_gpio.o(.text)
    GPIO_SetBits                             0x080032a7   Thumb Code     4  stm32f10x_gpio.o(.text)
    GPIO_ResetBits                           0x080032ab   Thumb Code     4  stm32f10x_gpio.o(.text)
    GPIO_WriteBit                            0x080032af   Thumb Code    10  stm32f10x_gpio.o(.text)
    GPIO_Write                               0x080032b9   Thumb Code     4  stm32f10x_gpio.o(.text)
    GPIO_PinLockConfig                       0x080032bd   Thumb Code    18  stm32f10x_gpio.o(.text)
    GPIO_EventOutputConfig                   0x080032cf   Thumb Code    26  stm32f10x_gpio.o(.text)
    GPIO_EventOutputCmd                      0x080032e9   Thumb Code     6  stm32f10x_gpio.o(.text)
    GPIO_PinRemapConfig                      0x080032ef   Thumb Code   138  stm32f10x_gpio.o(.text)
    GPIO_EXTILineConfig                      0x08003379   Thumb Code    66  stm32f10x_gpio.o(.text)
    GPIO_ETH_MediaInterfaceConfig            0x080033bb   Thumb Code     8  stm32f10x_gpio.o(.text)
    RCC_DeInit                               0x080033e9   Thumb Code    64  stm32f10x_rcc.o(.text)
    RCC_HSEConfig                            0x08003429   Thumb Code    70  stm32f10x_rcc.o(.text)
    RCC_GetFlagStatus                        0x0800346f   Thumb Code    56  stm32f10x_rcc.o(.text)
    RCC_WaitForHSEStartUp                    0x080034a7   Thumb Code    56  stm32f10x_rcc.o(.text)
    RCC_AdjustHSICalibrationValue            0x080034df   Thumb Code    20  stm32f10x_rcc.o(.text)
    RCC_HSICmd                               0x080034f3   Thumb Code     6  stm32f10x_rcc.o(.text)
    RCC_PLLConfig                            0x080034f9   Thumb Code    24  stm32f10x_rcc.o(.text)
    RCC_PLLCmd                               0x08003511   Thumb Code     6  stm32f10x_rcc.o(.text)
    RCC_SYSCLKConfig                         0x08003517   Thumb Code    18  stm32f10x_rcc.o(.text)
    RCC_GetSYSCLKSource                      0x08003529   Thumb Code    10  stm32f10x_rcc.o(.text)
    RCC_HCLKConfig                           0x08003533   Thumb Code    18  stm32f10x_rcc.o(.text)
    RCC_PCLK1Config                          0x08003545   Thumb Code    18  stm32f10x_rcc.o(.text)
    RCC_PCLK2Config                          0x08003557   Thumb Code    20  stm32f10x_rcc.o(.text)
    RCC_ITConfig                             0x0800356b   Thumb Code    26  stm32f10x_rcc.o(.text)
    RCC_USBCLKConfig                         0x08003585   Thumb Code     8  stm32f10x_rcc.o(.text)
    RCC_ADCCLKConfig                         0x0800358d   Thumb Code    18  stm32f10x_rcc.o(.text)
    RCC_LSEConfig                            0x0800359f   Thumb Code    50  stm32f10x_rcc.o(.text)
    RCC_LSICmd                               0x080035d1   Thumb Code     6  stm32f10x_rcc.o(.text)
    RCC_RTCCLKConfig                         0x080035d7   Thumb Code    12  stm32f10x_rcc.o(.text)
    RCC_RTCCLKCmd                            0x080035e3   Thumb Code     8  stm32f10x_rcc.o(.text)
    RCC_GetClocksFreq                        0x080035eb   Thumb Code   192  stm32f10x_rcc.o(.text)
    RCC_AHBPeriphClockCmd                    0x080036ab   Thumb Code    26  stm32f10x_rcc.o(.text)
    RCC_APB2PeriphClockCmd                   0x080036c5   Thumb Code    26  stm32f10x_rcc.o(.text)
    RCC_APB1PeriphClockCmd                   0x080036df   Thumb Code    26  stm32f10x_rcc.o(.text)
    RCC_APB2PeriphResetCmd                   0x080036f9   Thumb Code    26  stm32f10x_rcc.o(.text)
    RCC_APB1PeriphResetCmd                   0x08003713   Thumb Code    26  stm32f10x_rcc.o(.text)
    RCC_BackupResetCmd                       0x0800372d   Thumb Code     8  stm32f10x_rcc.o(.text)
    RCC_ClockSecuritySystemCmd               0x08003735   Thumb Code     6  stm32f10x_rcc.o(.text)
    RCC_MCOConfig                            0x0800373b   Thumb Code     6  stm32f10x_rcc.o(.text)
    RCC_ClearFlag                            0x08003741   Thumb Code    14  stm32f10x_rcc.o(.text)
    RCC_GetITStatus                          0x0800374f   Thumb Code    20  stm32f10x_rcc.o(.text)
    RCC_ClearITPendingBit                    0x08003763   Thumb Code     6  stm32f10x_rcc.o(.text)
    NVIC_PriorityGroupConfig                 0x0800378d   Thumb Code    10  misc.o(.text)
    NVIC_Init                                0x08003797   Thumb Code   100  misc.o(.text)
    NVIC_SetVectorTable                      0x080037fb   Thumb Code    14  misc.o(.text)
    NVIC_SystemLPConfig                      0x08003809   Thumb Code    34  misc.o(.text)
    SysTick_CLKSourceConfig                  0x0800382b   Thumb Code    40  misc.o(.text)
    USART_DeInit                             0x08003869   Thumb Code   134  stm32f10x_usart.o(.text)
    USART_Init                               0x080038ef   Thumb Code   210  stm32f10x_usart.o(.text)
    USART_StructInit                         0x080039c1   Thumb Code    24  stm32f10x_usart.o(.text)
    USART_ClockInit                          0x080039d9   Thumb Code    34  stm32f10x_usart.o(.text)
    USART_ClockStructInit                    0x080039fb   Thumb Code    12  stm32f10x_usart.o(.text)
    USART_Cmd                                0x08003a07   Thumb Code    24  stm32f10x_usart.o(.text)
    USART_ITConfig                           0x08003a1f   Thumb Code    74  stm32f10x_usart.o(.text)
    USART_DMACmd                             0x08003a69   Thumb Code    18  stm32f10x_usart.o(.text)
    USART_SetAddress                         0x08003a7b   Thumb Code    18  stm32f10x_usart.o(.text)
    USART_WakeUpConfig                       0x08003a8d   Thumb Code    18  stm32f10x_usart.o(.text)
    USART_ReceiverWakeUpCmd                  0x08003a9f   Thumb Code    24  stm32f10x_usart.o(.text)
    USART_LINBreakDetectLengthConfig         0x08003ab7   Thumb Code    18  stm32f10x_usart.o(.text)
    USART_LINCmd                             0x08003ac9   Thumb Code    24  stm32f10x_usart.o(.text)
    USART_SendData                           0x08003ae1   Thumb Code     8  stm32f10x_usart.o(.text)
    USART_ReceiveData                        0x08003ae9   Thumb Code    10  stm32f10x_usart.o(.text)
    USART_SendBreak                          0x08003af3   Thumb Code    10  stm32f10x_usart.o(.text)
    USART_SetGuardTime                       0x08003afd   Thumb Code    16  stm32f10x_usart.o(.text)
    USART_SetPrescaler                       0x08003b0d   Thumb Code    16  stm32f10x_usart.o(.text)
    USART_SmartCardCmd                       0x08003b1d   Thumb Code    24  stm32f10x_usart.o(.text)
    USART_SmartCardNACKCmd                   0x08003b35   Thumb Code    24  stm32f10x_usart.o(.text)
    USART_HalfDuplexCmd                      0x08003b4d   Thumb Code    24  stm32f10x_usart.o(.text)
    USART_OverSampling8Cmd                   0x08003b65   Thumb Code    22  stm32f10x_usart.o(.text)
    USART_OneBitMethodCmd                    0x08003b7b   Thumb Code    24  stm32f10x_usart.o(.text)
    USART_IrDAConfig                         0x08003b93   Thumb Code    18  stm32f10x_usart.o(.text)
    USART_IrDACmd                            0x08003ba5   Thumb Code    24  stm32f10x_usart.o(.text)
    USART_GetFlagStatus                      0x08003bbd   Thumb Code    26  stm32f10x_usart.o(.text)
    USART_ClearFlag                          0x08003bd7   Thumb Code    18  stm32f10x_usart.o(.text)
    USART_GetITStatus                        0x08003be9   Thumb Code    84  stm32f10x_usart.o(.text)
    USART_ClearITPendingBit                  0x08003c3d   Thumb Code    52  stm32f10x_usart.o(.text)
    TIM_DeInit                               0x08003c71   Thumb Code   424  stm32f10x_tim.o(.text)
    TIM_TimeBaseInit                         0x08003e19   Thumb Code   122  stm32f10x_tim.o(.text)
    TIM_OC1Init                              0x08003e93   Thumb Code   132  stm32f10x_tim.o(.text)
    TIM_OC2Init                              0x08003f17   Thumb Code   154  stm32f10x_tim.o(.text)
    TIM_OC3Init                              0x08003fb1   Thumb Code   150  stm32f10x_tim.o(.text)
    TIM_OC4Init                              0x08004047   Thumb Code   182  stm32f10x_tim.o(.text)
    TIM_SetIC4Prescaler                      0x080040fd   Thumb Code    26  stm32f10x_tim.o(.text)
    TIM_SetIC3Prescaler                      0x08004199   Thumb Code    18  stm32f10x_tim.o(.text)
    TIM_SetIC2Prescaler                      0x08004225   Thumb Code    26  stm32f10x_tim.o(.text)
    TIM_SetIC1Prescaler                      0x080042c1   Thumb Code    18  stm32f10x_tim.o(.text)
    TIM_ICInit                               0x0800433f   Thumb Code   150  stm32f10x_tim.o(.text)
    TIM_PWMIConfig                           0x080043d5   Thumb Code   124  stm32f10x_tim.o(.text)
    TIM_BDTRConfig                           0x08004451   Thumb Code    32  stm32f10x_tim.o(.text)
    TIM_TimeBaseStructInit                   0x08004471   Thumb Code    18  stm32f10x_tim.o(.text)
    TIM_OCStructInit                         0x08004483   Thumb Code    20  stm32f10x_tim.o(.text)
    TIM_ICStructInit                         0x08004497   Thumb Code    18  stm32f10x_tim.o(.text)
    TIM_BDTRStructInit                       0x080044a9   Thumb Code    40  stm32f10x_tim.o(.text)
    TIM_Cmd                                  0x080044d1   Thumb Code    24  stm32f10x_tim.o(.text)
    TIM_CtrlPWMOutputs                       0x080044e9   Thumb Code    30  stm32f10x_tim.o(.text)
    TIM_ITConfig                             0x08004507   Thumb Code    18  stm32f10x_tim.o(.text)
    TIM_GenerateEvent                        0x08004519   Thumb Code     4  stm32f10x_tim.o(.text)
    TIM_DMAConfig                            0x0800451d   Thumb Code    10  stm32f10x_tim.o(.text)
    TIM_DMACmd                               0x08004527   Thumb Code    18  stm32f10x_tim.o(.text)
    TIM_InternalClockConfig                  0x08004539   Thumb Code    12  stm32f10x_tim.o(.text)
    TIM_SelectInputTrigger                   0x08004545   Thumb Code    18  stm32f10x_tim.o(.text)
    TIM_ITRxExternalClockConfig              0x08004557   Thumb Code    24  stm32f10x_tim.o(.text)
    TIM_TIxExternalClockConfig               0x0800456f   Thumb Code    62  stm32f10x_tim.o(.text)
    TIM_ETRConfig                            0x080045ad   Thumb Code    28  stm32f10x_tim.o(.text)
    TIM_ETRClockMode1Config                  0x080045c9   Thumb Code    54  stm32f10x_tim.o(.text)
    TIM_ETRClockMode2Config                  0x080045ff   Thumb Code    32  stm32f10x_tim.o(.text)
    TIM_PrescalerConfig                      0x0800461f   Thumb Code     6  stm32f10x_tim.o(.text)
    TIM_CounterModeConfig                    0x08004625   Thumb Code    18  stm32f10x_tim.o(.text)
    TIM_EncoderInterfaceConfig               0x08004637   Thumb Code    66  stm32f10x_tim.o(.text)
    TIM_ForcedOC1Config                      0x08004679   Thumb Code    18  stm32f10x_tim.o(.text)
    TIM_ForcedOC2Config                      0x0800468b   Thumb Code    26  stm32f10x_tim.o(.text)
    TIM_ForcedOC3Config                      0x080046a5   Thumb Code    18  stm32f10x_tim.o(.text)
    TIM_ForcedOC4Config                      0x080046b7   Thumb Code    26  stm32f10x_tim.o(.text)
    TIM_ARRPreloadConfig                     0x080046d1   Thumb Code    24  stm32f10x_tim.o(.text)
    TIM_SelectCOM                            0x080046e9   Thumb Code    24  stm32f10x_tim.o(.text)
    TIM_SelectCCDMA                          0x08004701   Thumb Code    24  stm32f10x_tim.o(.text)
    TIM_CCPreloadControl                     0x08004719   Thumb Code    24  stm32f10x_tim.o(.text)
    TIM_OC1PreloadConfig                     0x08004731   Thumb Code    18  stm32f10x_tim.o(.text)
    TIM_OC2PreloadConfig                     0x08004743   Thumb Code    26  stm32f10x_tim.o(.text)
    TIM_OC3PreloadConfig                     0x0800475d   Thumb Code    18  stm32f10x_tim.o(.text)
    TIM_OC4PreloadConfig                     0x0800476f   Thumb Code    26  stm32f10x_tim.o(.text)
    TIM_OC1FastConfig                        0x08004789   Thumb Code    18  stm32f10x_tim.o(.text)
    TIM_OC2FastConfig                        0x0800479b   Thumb Code    26  stm32f10x_tim.o(.text)
    TIM_OC3FastConfig                        0x080047b5   Thumb Code    18  stm32f10x_tim.o(.text)
    TIM_OC4FastConfig                        0x080047c7   Thumb Code    26  stm32f10x_tim.o(.text)
    TIM_ClearOC1Ref                          0x080047e1   Thumb Code    18  stm32f10x_tim.o(.text)
    TIM_ClearOC2Ref                          0x080047f3   Thumb Code    24  stm32f10x_tim.o(.text)
    TIM_ClearOC3Ref                          0x0800480b   Thumb Code    18  stm32f10x_tim.o(.text)
    TIM_ClearOC4Ref                          0x0800481d   Thumb Code    24  stm32f10x_tim.o(.text)
    TIM_OC1PolarityConfig                    0x08004835   Thumb Code    18  stm32f10x_tim.o(.text)
    TIM_OC1NPolarityConfig                   0x08004847   Thumb Code    18  stm32f10x_tim.o(.text)
    TIM_OC2PolarityConfig                    0x08004859   Thumb Code    26  stm32f10x_tim.o(.text)
    TIM_OC2NPolarityConfig                   0x08004873   Thumb Code    26  stm32f10x_tim.o(.text)
    TIM_OC3PolarityConfig                    0x0800488d   Thumb Code    26  stm32f10x_tim.o(.text)
    TIM_OC3NPolarityConfig                   0x080048a7   Thumb Code    26  stm32f10x_tim.o(.text)
    TIM_OC4PolarityConfig                    0x080048c1   Thumb Code    26  stm32f10x_tim.o(.text)
    TIM_CCxCmd                               0x080048db   Thumb Code    30  stm32f10x_tim.o(.text)
    TIM_CCxNCmd                              0x080048f9   Thumb Code    30  stm32f10x_tim.o(.text)
    TIM_SelectOCxM                           0x08004917   Thumb Code    82  stm32f10x_tim.o(.text)
    TIM_UpdateDisableConfig                  0x08004969   Thumb Code    24  stm32f10x_tim.o(.text)
    TIM_UpdateRequestConfig                  0x08004981   Thumb Code    24  stm32f10x_tim.o(.text)
    TIM_SelectHallSensor                     0x08004999   Thumb Code    24  stm32f10x_tim.o(.text)
    TIM_SelectOnePulseMode                   0x080049b1   Thumb Code    18  stm32f10x_tim.o(.text)
    TIM_SelectOutputTrigger                  0x080049c3   Thumb Code    18  stm32f10x_tim.o(.text)
    TIM_SelectSlaveMode                      0x080049d5   Thumb Code    18  stm32f10x_tim.o(.text)
    TIM_SelectMasterSlaveMode                0x080049e7   Thumb Code    18  stm32f10x_tim.o(.text)
    TIM_SetCounter                           0x080049f9   Thumb Code     4  stm32f10x_tim.o(.text)
    TIM_SetAutoreload                        0x080049fd   Thumb Code     4  stm32f10x_tim.o(.text)
    TIM_SetCompare1                          0x08004a01   Thumb Code     4  stm32f10x_tim.o(.text)
    TIM_SetCompare2                          0x08004a05   Thumb Code     4  stm32f10x_tim.o(.text)
    TIM_SetCompare3                          0x08004a09   Thumb Code     4  stm32f10x_tim.o(.text)
    TIM_SetCompare4                          0x08004a0d   Thumb Code     6  stm32f10x_tim.o(.text)
    TIM_SetClockDivision                     0x08004a13   Thumb Code    18  stm32f10x_tim.o(.text)
    TIM_GetCapture1                          0x08004a25   Thumb Code     6  stm32f10x_tim.o(.text)
    TIM_GetCapture2                          0x08004a2b   Thumb Code     6  stm32f10x_tim.o(.text)
    TIM_GetCapture3                          0x08004a31   Thumb Code     6  stm32f10x_tim.o(.text)
    TIM_GetCapture4                          0x08004a37   Thumb Code     8  stm32f10x_tim.o(.text)
    TIM_GetCounter                           0x08004a3f   Thumb Code     6  stm32f10x_tim.o(.text)
    TIM_GetPrescaler                         0x08004a45   Thumb Code     6  stm32f10x_tim.o(.text)
    TIM_GetFlagStatus                        0x08004a4b   Thumb Code    18  stm32f10x_tim.o(.text)
    TIM_ClearFlag                            0x08004a5d   Thumb Code     6  stm32f10x_tim.o(.text)
    TIM_GetITStatus                          0x08004a63   Thumb Code    34  stm32f10x_tim.o(.text)
    TIM_ClearITPendingBit                    0x08004a85   Thumb Code     6  stm32f10x_tim.o(.text)
    EXTI_DeInit                              0x08004a8d   Thumb Code    28  stm32f10x_exti.o(.text)
    EXTI_Init                                0x08004aa9   Thumb Code   142  stm32f10x_exti.o(.text)
    EXTI_StructInit                          0x08004b37   Thumb Code    16  stm32f10x_exti.o(.text)
    EXTI_GenerateSWInterrupt                 0x08004b47   Thumb Code    16  stm32f10x_exti.o(.text)
    EXTI_GetFlagStatus                       0x08004b57   Thumb Code    22  stm32f10x_exti.o(.text)
    EXTI_ClearFlag                           0x08004b6d   Thumb Code     8  stm32f10x_exti.o(.text)
    EXTI_GetITStatus                         0x08004b75   Thumb Code    34  stm32f10x_exti.o(.text)
    EXTI_ClearITPendingBit                   0x08004b97   Thumb Code     8  stm32f10x_exti.o(.text)
    SPI_I2S_DeInit                           0x08004ba9   Thumb Code    76  stm32f10x_spi.o(.text)
    SPI_Init                                 0x08004bf5   Thumb Code    60  stm32f10x_spi.o(.text)
    I2S_Init                                 0x08004c31   Thumb Code   226  stm32f10x_spi.o(.text)
    SPI_StructInit                           0x08004d13   Thumb Code    24  stm32f10x_spi.o(.text)
    I2S_StructInit                           0x08004d2b   Thumb Code    20  stm32f10x_spi.o(.text)
    SPI_Cmd                                  0x08004d3f   Thumb Code    24  stm32f10x_spi.o(.text)
    I2S_Cmd                                  0x08004d57   Thumb Code    24  stm32f10x_spi.o(.text)
    SPI_I2S_ITConfig                         0x08004d6f   Thumb Code    32  stm32f10x_spi.o(.text)
    SPI_I2S_DMACmd                           0x08004d8f   Thumb Code    18  stm32f10x_spi.o(.text)
    SPI_I2S_SendData                         0x08004da1   Thumb Code     4  stm32f10x_spi.o(.text)
    SPI_I2S_ReceiveData                      0x08004da5   Thumb Code     6  stm32f10x_spi.o(.text)
    SPI_NSSInternalSoftwareConfig            0x08004dab   Thumb Code    30  stm32f10x_spi.o(.text)
    SPI_SSOutputCmd                          0x08004dc9   Thumb Code    24  stm32f10x_spi.o(.text)
    SPI_DataSizeConfig                       0x08004de1   Thumb Code    18  stm32f10x_spi.o(.text)
    SPI_TransmitCRC                          0x08004df3   Thumb Code    10  stm32f10x_spi.o(.text)
    SPI_CalculateCRC                         0x08004dfd   Thumb Code    24  stm32f10x_spi.o(.text)
    SPI_GetCRC                               0x08004e15   Thumb Code    16  stm32f10x_spi.o(.text)
    SPI_GetCRCPolynomial                     0x08004e25   Thumb Code     6  stm32f10x_spi.o(.text)
    SPI_BiDirectionalLineConfig              0x08004e2b   Thumb Code    28  stm32f10x_spi.o(.text)
    SPI_I2S_GetFlagStatus                    0x08004e47   Thumb Code    18  stm32f10x_spi.o(.text)
    SPI_I2S_ClearFlag                        0x08004e59   Thumb Code     6  stm32f10x_spi.o(.text)
    SPI_I2S_GetITStatus                      0x08004e5f   Thumb Code    52  stm32f10x_spi.o(.text)
    SPI_I2S_ClearITPendingBit                0x08004e93   Thumb Code    20  stm32f10x_spi.o(.text)
    vListInitialise                          0x08004eb5   Thumb Code    26  list.o(.text)
    vListInitialiseItem                      0x08004ecf   Thumb Code     6  list.o(.text)
    vListInsertEnd                           0x08004ed5   Thumb Code    24  list.o(.text)
    vListInsert                              0x08004eed   Thumb Code    52  list.o(.text)
    uxListRemove                             0x08004f21   Thumb Code    40  list.o(.text)
    xQueueGenericReset                       0x08004f49   Thumb Code   136  queue.o(.text)
    xQueueGenericCreate                      0x08004fff   Thumb Code    78  queue.o(.text)
    xQueueGenericSend                        0x080051f5   Thumb Code   456  queue.o(.text)
    xQueueCreateMutex                        0x080053d9   Thumb Code    34  queue.o(.text)
    xQueueGiveMutexRecursive                 0x080053fb   Thumb Code    66  queue.o(.text)
    xQueueGenericReceive                     0x08005481   Thumb Code   428  queue.o(.text)
    xQueueTakeMutexRecursive                 0x0800562d   Thumb Code    76  queue.o(.text)
    xQueueCreateCountingSemaphore            0x08005679   Thumb Code    80  queue.o(.text)
    xQueueGenericSendFromISR                 0x080056c9   Thumb Code   252  queue.o(.text)
    xQueueGiveFromISR                        0x080057c5   Thumb Code   228  queue.o(.text)
    xQueueReceiveFromISR                     0x080058a9   Thumb Code   190  queue.o(.text)
    xQueuePeekFromISR                        0x08005967   Thumb Code   158  queue.o(.text)
    uxQueueMessagesWaiting                   0x08005a05   Thumb Code    36  queue.o(.text)
    uxQueueSpacesAvailable                   0x08005a29   Thumb Code    42  queue.o(.text)
    uxQueueMessagesWaitingFromISR            0x08005a53   Thumb Code    28  queue.o(.text)
    vQueueUnregisterQueue                    0x08005a6f   Thumb Code    44  queue.o(.text)
    vQueueDelete                             0x08005a9b   Thumb Code    38  queue.o(.text)
    uxQueueGetQueueNumber                    0x08005ac1   Thumb Code     6  queue.o(.text)
    vQueueSetQueueNumber                     0x08005ac7   Thumb Code     4  queue.o(.text)
    ucQueueGetQueueType                      0x08005acb   Thumb Code     8  queue.o(.text)
    xQueueIsQueueEmptyFromISR                0x08005ad3   Thumb Code    36  queue.o(.text)
    xQueueIsQueueFullFromISR                 0x08005af7   Thumb Code    40  queue.o(.text)
    vQueueAddToRegistry                      0x08005b1f   Thumb Code    38  queue.o(.text)
    pcQueueGetName                           0x08005b45   Thumb Code    38  queue.o(.text)
    vQueueWaitForMessageRestricted           0x08005b6b   Thumb Code    74  queue.o(.text)
    xQueueCreateSet                          0x08005bb5   Thumb Code    20  queue.o(.text)
    xQueueAddToSet                           0x08005bc9   Thumb Code    38  queue.o(.text)
    xQueueRemoveFromSet                      0x08005bef   Thumb Code    48  queue.o(.text)
    xQueueSelectFromSet                      0x08005c1f   Thumb Code    26  queue.o(.text)
    xQueueSelectFromSetFromISR               0x08005c39   Thumb Code    22  queue.o(.text)
    xTaskCreate                              0x08005de3   Thumb Code    96  tasks.o(.text)
    vTaskDelete                              0x08005e7f   Thumb Code   192  tasks.o(.text)
    xTaskIncrementTick                       0x08005f3f   Thumb Code   384  tasks.o(.text)
    xTaskResumeAll                           0x080060bf   Thumb Code   218  tasks.o(.text)
    vTaskSuspendAll                          0x08006215   Thumb Code    12  tasks.o(.text)
    vTaskDelayUntil                          0x08006221   Thumb Code   182  tasks.o(.text)
    vTaskDelay                               0x080062d7   Thumb Code    76  tasks.o(.text)
    eTaskGetState                            0x08006323   Thumb Code   106  tasks.o(.text)
    uxTaskPriorityGet                        0x0800638d   Thumb Code    30  tasks.o(.text)
    uxTaskPriorityGetFromISR                 0x080063ab   Thumb Code    62  tasks.o(.text)
    vTaskPrioritySet                         0x080063e9   Thumb Code   314  tasks.o(.text)
    vTaskSwitchContext                       0x08006523   Thumb Code   168  tasks.o(.text)
    vTaskSuspend                             0x080065cb   Thumb Code   190  tasks.o(.text)
    vTaskResume                              0x080066d5   Thumb Code   122  tasks.o(.text)
    xTaskResumeFromISR                       0x0800674f   Thumb Code   152  tasks.o(.text)
    vTaskStartScheduler                      0x0800685d   Thumb Code   202  tasks.o(.text)
    vTaskEndScheduler                        0x08006927   Thumb Code    32  tasks.o(.text)
    xTaskGetTickCount                        0x08006947   Thumb Code     6  tasks.o(.text)
    xTaskGetTickCountFromISR                 0x0800694d   Thumb Code    16  tasks.o(.text)
    uxTaskGetNumberOfTasks                   0x0800695d   Thumb Code     6  tasks.o(.text)
    pcTaskGetName                            0x08006963   Thumb Code    40  tasks.o(.text)
    vTaskGetInfo                             0x080069a1   Thumb Code   114  tasks.o(.text)
    uxTaskGetSystemState                     0x08006a7d   Thumb Code   156  tasks.o(.text)
    vTaskPlaceOnEventList                    0x08006b19   Thumb Code    46  tasks.o(.text)
    vTaskPlaceOnUnorderedEventList           0x08006b47   Thumb Code    88  tasks.o(.text)
    vTaskPlaceOnEventListRestricted          0x08006b9f   Thumb Code    54  tasks.o(.text)
    xTaskRemoveFromEventList                 0x08006bd5   Thumb Code   122  tasks.o(.text)
    xTaskRemoveFromUnorderedEventList        0x08006c4f   Thumb Code   142  tasks.o(.text)
    vTaskSetTimeOutState                     0x08006cdd   Thumb Code    36  tasks.o(.text)
    xTaskCheckForTimeOut                     0x08006d01   Thumb Code   186  tasks.o(.text)
    vTaskMissedYield                         0x08006dbb   Thumb Code     8  tasks.o(.text)
    uxTaskGetTaskNumber                      0x08006dc3   Thumb Code    14  tasks.o(.text)
    vTaskSetTaskNumber                       0x08006dd1   Thumb Code     8  tasks.o(.text)
    xTaskGetCurrentTaskHandle                0x08006dd9   Thumb Code     6  tasks.o(.text)
    xTaskGetSchedulerState                   0x08006ddf   Thumb Code    24  tasks.o(.text)
    vTaskPriorityInherit                     0x08006df7   Thumb Code   164  tasks.o(.text)
    xTaskPriorityDisinherit                  0x08006e9b   Thumb Code   176  tasks.o(.text)
    vTaskList                                0x08006f75   Thumb Code   204  tasks.o(.text)
    vTaskGetRunTimeStats                     0x08007041   Thumb Code   182  tasks.o(.text)
    uxTaskResetEventItemValue                0x080070f7   Thumb Code    24  tasks.o(.text)
    pvTaskIncrementMutexHeldCount            0x0800710f   Thumb Code    26  tasks.o(.text)
    ulTaskNotifyTake                         0x08007129   Thumb Code   190  tasks.o(.text)
    xTaskNotifyWait                          0x080071e7   Thumb Code   150  tasks.o(.text)
    xTaskGenericNotify                       0x0800727d   Thumb Code   226  tasks.o(.text)
    xTaskGenericNotifyFromISR                0x0800735f   Thumb Code   282  tasks.o(.text)
    vTaskNotifyGiveFromISR                   0x08007479   Thumb Code   200  tasks.o(.text)
    xTaskNotifyStateClear                    0x08007541   Thumb Code    48  tasks.o(.text)
    xTimerGenericCommand                     0x080075e1   Thumb Code   118  timers.o(.text)
    xTimerCreateTimerTask                    0x08007949   Thumb Code    54  timers.o(.text)
    xTimerCreate                             0x08007a25   Thumb Code    48  timers.o(.text)
    xTimerGetTimerDaemonTaskHandle           0x08007a55   Thumb Code    38  timers.o(.text)
    xTimerGetPeriod                          0x08007a7b   Thumb Code    28  timers.o(.text)
    xTimerGetExpiryTime                      0x08007a97   Thumb Code    30  timers.o(.text)
    pcTimerGetName                           0x08007ab5   Thumb Code    28  timers.o(.text)
    xTimerIsTimerActive                      0x08007ad1   Thumb Code    50  timers.o(.text)
    pvTimerGetTimerID                        0x08007b03   Thumb Code    38  timers.o(.text)
    vTimerSetTimerID                         0x08007b29   Thumb Code    38  timers.o(.text)
    xTimerPendFunctionCallFromISR            0x08007b4f   Thumb Code    48  timers.o(.text)
    xTimerPendFunctionCall                   0x08007b7f   Thumb Code    70  timers.o(.text)
    pxPortInitialiseStack                    0x08007bfd   Thumb Code    30  port.o(.text)
    vPortSetupTimerInterrupt                 0x08007c1b   Thumb Code    26  port.o(.text)
    xPortStartScheduler                      0x08007c35   Thumb Code   140  port.o(.text)
    vPortEndScheduler                        0x08007cc1   Thumb Code    34  port.o(.text)
    vPortEnterCritical                       0x08007ce3   Thumb Code    70  port.o(.text)
    vPortExitCritical                        0x08007d29   Thumb Code    48  port.o(.text)
    xPortSysTickHandler                      0x08007d59   Thumb Code    48  port.o(.text)
    vPortValidateInterruptPriority           0x08007d89   Thumb Code    88  port.o(.text)
    pvPortMalloc                             0x08007efb   Thumb Code   262  heap_4.o(.text)
    vPortFree                                0x08008001   Thumb Code   120  heap_4.o(.text)
    xPortGetFreeHeapSize                     0x08008079   Thumb Code     6  heap_4.o(.text)
    xPortGetMinimumEverFreeHeapSize          0x0800807f   Thumb Code     6  heap_4.o(.text)
    vPortInitialiseBlocks                    0x08008085   Thumb Code     2  heap_4.o(.text)
    mymemcpy                                 0x080080d9   Thumb Code    26  malloc.o(.text)
    mymemcmp                                 0x080080f3   Thumb Code    20  malloc.o(.text)
    mymemset                                 0x08008107   Thumb Code    20  malloc.o(.text)
    my_mem_init                              0x0800811b   Thumb Code    54  malloc.o(.text)
    my_mem_perused                           0x08008151   Thumb Code    54  malloc.o(.text)
    my_mem_malloc                            0x08008187   Thumb Code   154  malloc.o(.text)
    my_mem_free                              0x08008221   Thumb Code    94  malloc.o(.text)
    myfree                                   0x0800827f   Thumb Code    32  malloc.o(.text)
    mymalloc                                 0x0800829f   Thumb Code    36  malloc.o(.text)
    myrealloc                                0x080082c3   Thumb Code    68  malloc.o(.text)
    cJSON_GetErrorPtr                        0x08008319   Thumb Code    12  cjson.o(.text)
    cJSON_IsString                           0x08008325   Thumb Code    22  cjson.o(.text)
    cJSON_GetStringValue                     0x0800833b   Thumb Code    20  cjson.o(.text)
    cJSON_Version                            0x0800834f   Thumb Code    22  cjson.o(.text)
    cJSON_InitHooks                          0x080083e5   Thumb Code    82  cjson.o(.text)
    cJSON_Delete                             0x08008451   Thumb Code    84  cjson.o(.text)
    cJSON_SetNumberHelper                    0x080085d3   Thumb Code    72  cjson.o(.text)
    cJSON_ParseWithOpts                      0x0800908f   Thumb Code   204  cjson.o(.text)
    cJSON_Parse                              0x0800915b   Thumb Code    16  cjson.o(.text)
    cJSON_Print                              0x0800953f   Thumb Code    16  cjson.o(.text)
    cJSON_PrintUnformatted                   0x0800954f   Thumb Code    16  cjson.o(.text)
    cJSON_PrintBuffered                      0x0800955f   Thumb Code    90  cjson.o(.text)
    cJSON_PrintPreallocated                  0x080095b9   Thumb Code    64  cjson.o(.text)
    cJSON_GetArraySize                       0x080095f9   Thumb Code    28  cjson.o(.text)
    cJSON_GetArrayItem                       0x08009633   Thumb Code    24  cjson.o(.text)
    cJSON_GetObjectItem                      0x0800969d   Thumb Code    18  cjson.o(.text)
    cJSON_GetObjectItemCaseSensitive         0x080096af   Thumb Code    18  cjson.o(.text)
    cJSON_HasObjectItem                      0x080096c1   Thumb Code    24  cjson.o(.text)
    cJSON_AddItemToArray                     0x08009749   Thumb Code    16  cjson.o(.text)
    cJSON_AddItemToObject                    0x080097d1   Thumb Code    26  cjson.o(.text)
    cJSON_AddItemToObjectCS                  0x080097eb   Thumb Code    26  cjson.o(.text)
    cJSON_AddItemReferenceToArray            0x08009805   Thumb Code    32  cjson.o(.text)
    cJSON_AddItemReferenceToObject           0x08009825   Thumb Code    44  cjson.o(.text)
    cJSON_CreateNull                         0x08009851   Thumb Code    20  cjson.o(.text)
    cJSON_AddNullToObject                    0x08009865   Thumb Code    44  cjson.o(.text)
    cJSON_CreateTrue                         0x08009891   Thumb Code    20  cjson.o(.text)
    cJSON_AddTrueToObject                    0x080098a5   Thumb Code    44  cjson.o(.text)
    cJSON_CreateFalse                        0x080098d1   Thumb Code    20  cjson.o(.text)
    cJSON_AddFalseToObject                   0x080098e5   Thumb Code    44  cjson.o(.text)
    cJSON_CreateBool                         0x08009911   Thumb Code    32  cjson.o(.text)
    cJSON_AddBoolToObject                    0x08009931   Thumb Code    48  cjson.o(.text)
    cJSON_CreateNumber                       0x08009961   Thumb Code    82  cjson.o(.text)
    cJSON_AddNumberToObject                  0x080099b3   Thumb Code    56  cjson.o(.text)
    cJSON_CreateString                       0x080099eb   Thumb Code    46  cjson.o(.text)
    cJSON_AddStringToObject                  0x08009a19   Thumb Code    48  cjson.o(.text)
    cJSON_CreateRaw                          0x08009a49   Thumb Code    46  cjson.o(.text)
    cJSON_AddRawToObject                     0x08009a77   Thumb Code    48  cjson.o(.text)
    cJSON_CreateObject                       0x08009aa7   Thumb Code    20  cjson.o(.text)
    cJSON_AddObjectToObject                  0x08009abb   Thumb Code    44  cjson.o(.text)
    cJSON_CreateArray                        0x08009ae7   Thumb Code    20  cjson.o(.text)
    cJSON_AddArrayToObject                   0x08009afb   Thumb Code    44  cjson.o(.text)
    cJSON_DetachItemViaPointer               0x08009b27   Thumb Code    50  cjson.o(.text)
    cJSON_DetachItemFromArray                0x08009b59   Thumb Code    34  cjson.o(.text)
    cJSON_DeleteItemFromArray                0x08009b7b   Thumb Code    22  cjson.o(.text)
    cJSON_DetachItemFromObject               0x08009b91   Thumb Code    26  cjson.o(.text)
    cJSON_DetachItemFromObjectCaseSensitive  0x08009bab   Thumb Code    26  cjson.o(.text)
    cJSON_DeleteItemFromObject               0x08009bc5   Thumb Code    22  cjson.o(.text)
    cJSON_DeleteItemFromObjectCaseSensitive  0x08009bdb   Thumb Code    22  cjson.o(.text)
    cJSON_InsertItemInArray                  0x08009bf1   Thumb Code    68  cjson.o(.text)
    cJSON_ReplaceItemViaPointer              0x08009c35   Thumb Code    74  cjson.o(.text)
    cJSON_ReplaceItemInArray                 0x08009c7f   Thumb Code    42  cjson.o(.text)
    cJSON_free                               0x08009ca9   Thumb Code    14  cjson.o(.text)
    cJSON_ReplaceItemInObject                0x08009d0b   Thumb Code    38  cjson.o(.text)
    cJSON_ReplaceItemInObjectCaseSensitive   0x08009d31   Thumb Code    22  cjson.o(.text)
    cJSON_CreateStringReference              0x08009d47   Thumb Code    32  cjson.o(.text)
    cJSON_CreateObjectReference              0x08009d67   Thumb Code    32  cjson.o(.text)
    cJSON_CreateArrayReference               0x08009d87   Thumb Code    32  cjson.o(.text)
    cJSON_CreateIntArray                     0x08009da7   Thumb Code   102  cjson.o(.text)
    cJSON_CreateFloatArray                   0x08009e0d   Thumb Code   102  cjson.o(.text)
    cJSON_CreateDoubleArray                  0x08009e73   Thumb Code   100  cjson.o(.text)
    cJSON_CreateStringArray                  0x08009ed7   Thumb Code    94  cjson.o(.text)
    cJSON_Duplicate                          0x08009f35   Thumb Code   178  cjson.o(.text)
    cJSON_Minify                             0x0800a0b7   Thumb Code   158  cjson.o(.text)
    cJSON_IsInvalid                          0x0800a155   Thumb Code    20  cjson.o(.text)
    cJSON_IsFalse                            0x0800a169   Thumb Code    20  cjson.o(.text)
    cJSON_IsTrue                             0x0800a17d   Thumb Code    22  cjson.o(.text)
    cJSON_IsBool                             0x0800a193   Thumb Code    24  cjson.o(.text)
    cJSON_IsNull                             0x0800a1ab   Thumb Code    22  cjson.o(.text)
    cJSON_IsNumber                           0x0800a1c1   Thumb Code    22  cjson.o(.text)
    cJSON_IsArray                            0x0800a1d7   Thumb Code    22  cjson.o(.text)
    cJSON_IsObject                           0x0800a1ed   Thumb Code    22  cjson.o(.text)
    cJSON_IsRaw                              0x0800a203   Thumb Code    22  cjson.o(.text)
    cJSON_Compare                            0x0800a219   Thumb Code   392  cjson.o(.text)
    cJSON_malloc                             0x0800a3a1   Thumb Code    14  cjson.o(.text)
    tolower                                  0x0800a3b5   Thumb Code    12  tolower.o(.text)
    __aeabi_memcpy                           0x0800a3c1   Thumb Code    36  memcpya.o(.text)
    __aeabi_memcpy4                          0x0800a3c1   Thumb Code     0  memcpya.o(.text)
    __aeabi_memcpy8                          0x0800a3c1   Thumb Code     0  memcpya.o(.text)
    __aeabi_memset                           0x0800a3e5   Thumb Code    14  memseta.o(.text)
    __aeabi_memset4                          0x0800a3e5   Thumb Code     0  memseta.o(.text)
    __aeabi_memset8                          0x0800a3e5   Thumb Code     0  memseta.o(.text)
    __aeabi_memclr                           0x0800a3f3   Thumb Code     4  memseta.o(.text)
    __aeabi_memclr4                          0x0800a3f3   Thumb Code     0  memseta.o(.text)
    __aeabi_memclr8                          0x0800a3f3   Thumb Code     0  memseta.o(.text)
    _memset$wrapper                          0x0800a3f7   Thumb Code    18  memseta.o(.text)
    strlen                                   0x0800a409   Thumb Code    14  strlen.o(.text)
    strcmp                                   0x0800a417   Thumb Code    28  strcmp.o(.text)
    memcmp                                   0x0800a433   Thumb Code    26  memcmp.o(.text)
    strcpy                                   0x0800a44d   Thumb Code    18  strcpy.o(.text)
    strncmp                                  0x0800a45f   Thumb Code    30  strncmp.o(.text)
    __0sscanf                                0x0800a47d   Thumb Code    48  __0sscanf.o(.text)
    _scanf_real                              0x0800a5dd   Thumb Code     0  scanf_fp.o(.text)
    _scanf_really_real                       0x0800a5dd   Thumb Code   556  scanf_fp.o(.text)
    __aeabi_dadd                             0x0800a815   Thumb Code   322  dadd.o(.text)
    __aeabi_dsub                             0x0800a957   Thumb Code     6  dadd.o(.text)
    __aeabi_drsub                            0x0800a95d   Thumb Code     6  dadd.o(.text)
    __aeabi_dmul                             0x0800a963   Thumb Code   228  dmul.o(.text)
    __aeabi_ddiv                             0x0800aa47   Thumb Code   222  ddiv.o(.text)
    __aeabi_i2d                              0x0800ab25   Thumb Code    34  dflti.o(.text)
    __aeabi_ui2d                             0x0800ab47   Thumb Code    26  dfltui.o(.text)
    __aeabi_d2iz                             0x0800ab61   Thumb Code    62  dfixi.o(.text)
    __aeabi_f2d                              0x0800ab9f   Thumb Code    38  f2d.o(.text)
    __aeabi_cdcmpeq                          0x0800abc5   Thumb Code     0  cdcmple.o(.text)
    __aeabi_cdcmple                          0x0800abc5   Thumb Code    48  cdcmple.o(.text)
    __aeabi_cdrcmple                         0x0800abf5   Thumb Code    48  cdrcmple.o(.text)
    __aeabi_d2f                              0x0800ac25   Thumb Code    56  d2f.o(.text)
    __aeabi_cfrcmple                         0x0800ac5d   Thumb Code    20  cfrcmple.o(.text)
    __aeabi_uidiv                            0x0800ac71   Thumb Code     0  uidiv.o(.text)
    __aeabi_uidivmod                         0x0800ac71   Thumb Code    44  uidiv.o(.text)
    __aeabi_uldivmod                         0x0800ac9d   Thumb Code    98  uldiv.o(.text)
    __aeabi_llsl                             0x0800acff   Thumb Code    30  llshl.o(.text)
    _ll_shift_l                              0x0800acff   Thumb Code     0  llshl.o(.text)
    __aeabi_llsr                             0x0800ad1d   Thumb Code    32  llushr.o(.text)
    _ll_ushift_r                             0x0800ad1d   Thumb Code     0  llushr.o(.text)
    __aeabi_lasr                             0x0800ad3d   Thumb Code    36  llsshr.o(.text)
    _ll_sshift_r                             0x0800ad3d   Thumb Code     0  llsshr.o(.text)
    __vfscanf_char                           0x0800ad6d   Thumb Code    20  scanf_char.o(.text)
    _sgetc                                   0x0800ad89   Thumb Code    30  _sgetc.o(.text)
    _sbackspace                              0x0800ada7   Thumb Code    34  _sgetc.o(.text)
    __strtod_int                             0x0800adff   Thumb Code    90  strtod.o(.text)
    __I$use$fp                               0x0800ae65   Thumb Code     0  iusefp.o(.text)
    _float_round                             0x0800ae65   Thumb Code    18  fepilogue.o(.text)
    _float_epilogue                          0x0800ae77   Thumb Code    92  fepilogue.o(.text)
    _double_round                            0x0800aed3   Thumb Code    30  depilogue.o(.text)
    _double_epilogue                         0x0800aef1   Thumb Code   156  depilogue.o(.text)
    __aeabi_ul2d                             0x0800af8d   Thumb Code    24  dfltul.o(.text)
    __aeabi_d2ulz                            0x0800afa5   Thumb Code    48  dfixul.o(.text)
    __scatterload                            0x0800afd5   Thumb Code    28  init.o(.text)
    __scatterload_rt2                        0x0800afd5   Thumb Code     0  init.o(.text)
    isspace                                  0x0800aff9   Thumb Code    10  isspace_c.o(.text)
    __vfscanf                                0x0800b005   Thumb Code   808  _scanf.o(.text)
    __ctype_lookup                           0x0800b331   Thumb Code    34  ctype_c.o(.text)
    __decompress                             0x0800b359   Thumb Code     0  __dczerorl2.o(.text)
    __decompress1                            0x0800b359   Thumb Code    86  __dczerorl2.o(.text)
    __0printf                                0x0800b3b1   Thumb Code    22  printfa.o(i.__0printf)
    __1printf                                0x0800b3b1   Thumb Code     0  printfa.o(i.__0printf)
    __2printf                                0x0800b3b1   Thumb Code     0  printfa.o(i.__0printf)
    __c89printf                              0x0800b3b1   Thumb Code     0  printfa.o(i.__0printf)
    printf                                   0x0800b3b1   Thumb Code     0  printfa.o(i.__0printf)
    __0sprintf                               0x0800b3d1   Thumb Code    34  printfa.o(i.__0sprintf)
    __1sprintf                               0x0800b3d1   Thumb Code     0  printfa.o(i.__0sprintf)
    __2sprintf                               0x0800b3d1   Thumb Code     0  printfa.o(i.__0sprintf)
    __c89sprintf                             0x0800b3d1   Thumb Code     0  printfa.o(i.__0sprintf)
    sprintf                                  0x0800b3d1   Thumb Code     0  printfa.o(i.__0sprintf)
    free                                     0x0800b3f9   Thumb Code    88  mallocr.o(i.__free$realloc)
    malloc                                   0x0800b455   Thumb Code    64  mallocr.o(i.__malloc$realloc)
    __read_errno                             0x0800b4a5   Thumb Code     6  errno.o(i.__read_errno)
    __scatterload_copy                       0x0800b4b1   Thumb Code    14  handlers.o(i.__scatterload_copy)
    __scatterload_null                       0x0800b4bf   Thumb Code     2  handlers.o(i.__scatterload_null)
    __scatterload_zeroinit                   0x0800b4c1   Thumb Code    14  handlers.o(i.__scatterload_zeroinit)
    __set_errno                              0x0800b4d1   Thumb Code     6  errno.o(i.__set_errno)
    _is_digit                                0x0800b661   Thumb Code    14  scanf_fp.o(i._is_digit)
    atof                                     0x0800bda9   Thumb Code    42  atof.o(i.atof)
    realloc                                  0x0800be25   Thumb Code   102  mallocr.o(i.realloc)
    strtod                                   0x0800be91   Thumb Code    28  strtod.o(i.strtod)
    memtblsize                               0x0800beac   Data           8  malloc.o(.constdata)
    memblksize                               0x0800beb4   Data           8  malloc.o(.constdata)
    memsize                                  0x0800bebc   Data           8  malloc.o(.constdata)
    __ctype_categories                       0x0800bec4   Data          64  ctype_c.o(.constdata)
    Region$$Table$$Base                      0x0800bf04   Number         0  anon$$obj.o(Region$$Table)
    Region$$Table$$Limit                     0x0800bf24   Number         0  anon$$obj.o(Region$$Table)
    StartTask_Handler                        0x20000000   Data           4  main.o(.data)
    UartTask_Handler                         0x20000004   Data           4  main.o(.data)
    autoLoadTimeFlag                         0x20000008   Data           4  main.o(.data)
    TimerControlTask_Handler                 0x2000000c   Data           4  main.o(.data)
    MessageProcessTask_Handler               0x20000010   Data           4  main.o(.data)
    AutoReloadTimer_Handle                   0x20000014   Data           4  main.o(.data)
    SystemCoreClock                          0x20000018   Data           4  system_stm32f10x.o(.data)
    AHBPrescTable                            0x2000001c   Data          16  system_stm32f10x.o(.data)
    startScanFlag                            0x2000002c   Data           1  user_process.o(.data)
    heatSendMessageFlag                      0x2000002d   Data           1  user_process.o(.data)
    heatBodyFlag                             0x2000002e   Data           1  user_process.o(.data)
    setingTempValue                          0x20000030   Data           4  user_process.o(.data)
    numb                                     0x20000034   Data          20  user_process.o(.data)
    systemState                              0x20000048   Data           4  user_process.o(.data)
    CardCheckFlag                            0x20000050   Data           1  exti.o(.data)
    Task2Task_Handler                        0x20000054   Data           4  exti.o(.data)
    FreeRTOSRunTimeTicks                     0x20000058   Data           8  timer.o(.data)
    currentSysClk                            0x20000060   Data           4  ad5933.o(.data)
    currentClockSource                       0x20000064   Data           4  ad5933.o(.data)
    currentRange                             0x20000068   Data           1  ad5933.o(.data)
    currentGain                              0x20000069   Data           1  ad5933.o(.data)
    ad7124_regs                              0x2000006c   Data         912  ad7124.o(.data)
    ad7124_regs_calibration                  0x200003fc   Data          32  ad7124.o(.data)
    __stdout                                 0x20000420   Data           4  usart.o(.data)
    uart1StartFlag                           0x20000424   Data           1  usart.o(.data)
    uart2StartFlag                           0x20000425   Data           1  usart.o(.data)
    uart1RxSta                               0x20000426   Data           2  usart.o(.data)
    uart1ReciveSufixCount                    0x20000428   Data           2  usart.o(.data)
    uart1RecivePrefixCount                   0x2000042a   Data           2  usart.o(.data)
    uart2RxSta                               0x2000042c   Data           2  usart.o(.data)
    uart2ReciveSufixCount                    0x2000042e   Data           2  usart.o(.data)
    uart2RecivePrefixCount                   0x20000430   Data           2  usart.o(.data)
    uart4RxSta                               0x20000432   Data           2  usart.o(.data)
    uart4ReciveSufixCount                    0x20000434   Data           2  usart.o(.data)
    uart4RecivePrefixCount                   0x20000436   Data           2  usart.o(.data)
    pxCurrentTCB                             0x2000044c   Data           4  tasks.o(.data)
    mallco_dev                               0x200004c8   Data          28  malloc.o(.data)
    __microlib_freelist                      0x200004f8   Data           4  mvars.o(.data)
    __microlib_freelist_initialised          0x200004fc   Data           4  mvars.o(.data)
    ad7124Dev                                0x20000504   Data          20  detectboard.o(.bss)
    uart1RxBuf                               0x20000518   Data         512  usart.o(.bss)
    uart2RxBuf                               0x20000718   Data         512  usart.o(.bss)
    uart4RxBuf                               0x20000918   Data         512  usart.o(.bss)
    xQueueRegistry                           0x20000b18   Data          64  queue.o(.bss)
    mem1base                                 0x20004e80   Data       20480  malloc.o(.bss)
    mem1mapbase                              0x20009e80   Data        1280  malloc.o(.bss)
    __heap_base                              0x2000a390   Data           0  startup_stm32f10x_hd.o(HEAP)
    __heap_limit                             0x2000b390   Data           0  startup_stm32f10x_hd.o(HEAP)
    __initial_sp                             0x2000b790   Data           0  startup_stm32f10x_hd.o(STACK)
    mem2base                                 0x68000000   Data       983040  malloc.o(.ARM.__AT_0x68000000)
    mem2mapbase                              0x680f0000   Data       61440  malloc.o(.ARM.__AT_0x680F0000)



==============================================================================

Memory Map of the image

  Image Entry point : 0x08000131

  Load Region LR_IROM1 (Base: 0x08000000, Size: 0x0000c428, Max: 0x00080000, ABSOLUTE, COMPRESSED[0x0000c07c])

    Execution Region ER_IROM1 (Exec base: 0x08000000, Load base: 0x08000000, Size: 0x0000bf24, Max: 0x00080000, ABSOLUTE)

    Exec Addr    Load Addr    Size         Type   Attr      Idx    E Section Name        Object

    0x08000000   0x08000000   0x00000130   Data   RO          567    RESET               startup_stm32f10x_hd.o
    0x08000130   0x08000130   0x00000000   Code   RO          909  * .ARM.Collect$$$$00000000  mc_w.l(entry.o)
    0x08000130   0x08000130   0x00000004   Code   RO         1247    .ARM.Collect$$$$00000001  mc_w.l(entry2.o)
    0x08000134   0x08000134   0x00000004   Code   RO         1250    .ARM.Collect$$$$00000004  mc_w.l(entry5.o)
    0x08000138   0x08000138   0x00000000   Code   RO         1252    .ARM.Collect$$$$00000008  mc_w.l(entry7b.o)
    0x08000138   0x08000138   0x00000000   Code   RO         1254    .ARM.Collect$$$$0000000A  mc_w.l(entry8b.o)
    0x08000138   0x08000138   0x00000008   Code   RO         1255    .ARM.Collect$$$$0000000B  mc_w.l(entry9a.o)
    0x08000140   0x08000140   0x00000000   Code   RO         1257    .ARM.Collect$$$$0000000D  mc_w.l(entry10a.o)
    0x08000140   0x08000140   0x00000000   Code   RO         1259    .ARM.Collect$$$$0000000F  mc_w.l(entry11a.o)
    0x08000140   0x08000140   0x00000004   Code   RO         1248    .ARM.Collect$$$$00002712  mc_w.l(entry2.o)
    0x08000144   0x08000144   0x00000096   Code   RO          795    .emb_text           port.o
    0x080001da   0x080001da   0x00000002   PAD
    0x080001dc   0x080001dc   0x00000224   Code   RO            1    .text               main.o
    0x08000400   0x08000400   0x00000014   Code   RO          199    .text               stm32f10x_it.o
    0x08000414   0x08000414   0x000001e0   Code   RO          240    .text               system_stm32f10x.o
    0x080005f4   0x080005f4   0x00000984   Code   RO          258    .text               user_process.o
    0x08000f78   0x08000f78   0x00000034   Code   RO          297    .text               led.o
    0x08000fac   0x08000fac   0x000000cc   Code   RO          309    .text               key.o
    0x08001078   0x08001078   0x000000dc   Code   RO          322    .text               exti.o
    0x08001154   0x08001154   0x00000120   Code   RO          340    .text               timer.o
    0x08001274   0x08001274   0x000001b0   Code   RO          361    .text               max6675.o
    0x08001424   0x08001424   0x0000016c   Code   RO          373    .text               ad5676.o
    0x08001590   0x08001590   0x0000031c   Code   RO          391    .text               ad5933.o
    0x080018ac   0x080018ac   0x00000270   Code   RO          413    .text               ad5933_i2c.o
    0x08001b1c   0x08001b1c   0x000005bc   Code   RO          425    .text               ad7124.o
    0x080020d8   0x080020d8   0x00000154   Code   RO          440    .text               platform_drivers.o
    0x0800222c   0x0800222c   0x000005ac   Code   RO          452    .text               detectboard.o
    0x080027d8   0x080027d8   0x00000100   Code   RO          470    .text               spi1.o
    0x080028d8   0x080028d8   0x0000013c   Code   RO          482    .text               analogswitch.o
    0x08002a14   0x08002a14   0x00000104   Code   RO          494    .text               delay.o
    0x08002b18   0x08002b18   0x00000550   Code   RO          525    .text               usart.o
    0x08003068   0x08003068   0x00000024   Code   RO          568    .text               startup_stm32f10x_hd.o
    0x0800308c   0x0800308c   0x0000035c   Code   RO          572    .text               stm32f10x_gpio.o
    0x080033e8   0x080033e8   0x000003a4   Code   RO          584    .text               stm32f10x_rcc.o
    0x0800378c   0x0800378c   0x000000dc   Code   RO          598    .text               misc.o
    0x08003868   0x08003868   0x00000408   Code   RO          610    .text               stm32f10x_usart.o
    0x08003c70   0x08003c70   0x00000e1a   Code   RO          622    .text               stm32f10x_tim.o
    0x08004a8a   0x08004a8a   0x00000002   PAD
    0x08004a8c   0x08004a8c   0x0000011c   Code   RO          634    .text               stm32f10x_exti.o
    0x08004ba8   0x08004ba8   0x0000030c   Code   RO          646    .text               stm32f10x_spi.o
    0x08004eb4   0x08004eb4   0x00000094   Code   RO          707    .text               list.o
    0x08004f48   0x08004f48   0x00000d0c   Code   RO          719    .text               queue.o
    0x08005c54   0x08005c54   0x0000193c   Code   RO          737    .text               tasks.o
    0x08007590   0x08007590   0x0000063c   Code   RO          768    .text               timers.o
    0x08007bcc   0x08007bcc   0x0000026c   Code   RO          796    .text               port.o
    0x08007e38   0x08007e38   0x000002a0   Code   RO          825    .text               heap_4.o
    0x080080d8   0x080080d8   0x00000240   Code   RO          840    .text               malloc.o
    0x08008318   0x08008318   0x0000209c   Code   RO          865    .text               cjson.o
    0x0800a3b4   0x0800a3b4   0x0000000c   Code   RO          912    .text               mc_w.l(tolower.o)
    0x0800a3c0   0x0800a3c0   0x00000024   Code   RO          914    .text               mc_w.l(memcpya.o)
    0x0800a3e4   0x0800a3e4   0x00000024   Code   RO          916    .text               mc_w.l(memseta.o)
    0x0800a408   0x0800a408   0x0000000e   Code   RO          918    .text               mc_w.l(strlen.o)
    0x0800a416   0x0800a416   0x0000001c   Code   RO          920    .text               mc_w.l(strcmp.o)
    0x0800a432   0x0800a432   0x0000001a   Code   RO          922    .text               mc_w.l(memcmp.o)
    0x0800a44c   0x0800a44c   0x00000012   Code   RO          924    .text               mc_w.l(strcpy.o)
    0x0800a45e   0x0800a45e   0x0000001e   Code   RO          926    .text               mc_w.l(strncmp.o)
    0x0800a47c   0x0800a47c   0x00000038   Code   RO         1219    .text               mc_w.l(__0sscanf.o)
    0x0800a4b4   0x0800a4b4   0x00000360   Code   RO         1221    .text               mc_w.l(scanf_fp.o)
    0x0800a814   0x0800a814   0x0000014e   Code   RO         1225    .text               mf_w.l(dadd.o)
    0x0800a962   0x0800a962   0x000000e4   Code   RO         1227    .text               mf_w.l(dmul.o)
    0x0800aa46   0x0800aa46   0x000000de   Code   RO         1229    .text               mf_w.l(ddiv.o)
    0x0800ab24   0x0800ab24   0x00000022   Code   RO         1231    .text               mf_w.l(dflti.o)
    0x0800ab46   0x0800ab46   0x0000001a   Code   RO         1233    .text               mf_w.l(dfltui.o)
    0x0800ab60   0x0800ab60   0x0000003e   Code   RO         1235    .text               mf_w.l(dfixi.o)
    0x0800ab9e   0x0800ab9e   0x00000026   Code   RO         1237    .text               mf_w.l(f2d.o)
    0x0800abc4   0x0800abc4   0x00000030   Code   RO         1239    .text               mf_w.l(cdcmple.o)
    0x0800abf4   0x0800abf4   0x00000030   Code   RO         1241    .text               mf_w.l(cdrcmple.o)
    0x0800ac24   0x0800ac24   0x00000038   Code   RO         1243    .text               mf_w.l(d2f.o)
    0x0800ac5c   0x0800ac5c   0x00000014   Code   RO         1245    .text               mf_w.l(cfrcmple.o)
    0x0800ac70   0x0800ac70   0x0000002c   Code   RO         1261    .text               mc_w.l(uidiv.o)
    0x0800ac9c   0x0800ac9c   0x00000062   Code   RO         1263    .text               mc_w.l(uldiv.o)
    0x0800acfe   0x0800acfe   0x0000001e   Code   RO         1265    .text               mc_w.l(llshl.o)
    0x0800ad1c   0x0800ad1c   0x00000020   Code   RO         1267    .text               mc_w.l(llushr.o)
    0x0800ad3c   0x0800ad3c   0x00000024   Code   RO         1269    .text               mc_w.l(llsshr.o)
    0x0800ad60   0x0800ad60   0x00000028   Code   RO         1280    .text               mc_w.l(scanf_char.o)
    0x0800ad88   0x0800ad88   0x00000040   Code   RO         1282    .text               mc_w.l(_sgetc.o)
    0x0800adc8   0x0800adc8   0x0000009c   Code   RO         1284    .text               mc_w.l(strtod.o)
    0x0800ae64   0x0800ae64   0x00000000   Code   RO         1286    .text               mc_w.l(iusefp.o)
    0x0800ae64   0x0800ae64   0x0000006e   Code   RO         1287    .text               mf_w.l(fepilogue.o)
    0x0800aed2   0x0800aed2   0x000000ba   Code   RO         1289    .text               mf_w.l(depilogue.o)
    0x0800af8c   0x0800af8c   0x00000018   Code   RO         1291    .text               mf_w.l(dfltul.o)
    0x0800afa4   0x0800afa4   0x00000030   Code   RO         1293    .text               mf_w.l(dfixul.o)
    0x0800afd4   0x0800afd4   0x00000024   Code   RO         1295    .text               mc_w.l(init.o)
    0x0800aff8   0x0800aff8   0x0000000a   Code   RO         1297    .text               mc_w.l(isspace_c.o)
    0x0800b002   0x0800b002   0x00000002   PAD
    0x0800b004   0x0800b004   0x0000032c   Code   RO         1299    .text               mc_w.l(_scanf.o)
    0x0800b330   0x0800b330   0x00000028   Code   RO         1301    .text               mc_w.l(ctype_c.o)
    0x0800b358   0x0800b358   0x00000056   Code   RO         1312    .text               mc_w.l(__dczerorl2.o)
    0x0800b3ae   0x0800b3ae   0x00000002   PAD
    0x0800b3b0   0x0800b3b0   0x00000020   Code   RO         1163    i.__0printf         mc_w.l(printfa.o)
    0x0800b3d0   0x0800b3d0   0x00000028   Code   RO         1165    i.__0sprintf        mc_w.l(printfa.o)
    0x0800b3f8   0x0800b3f8   0x0000005c   Code   RO         1195    i.__free$realloc    mc_w.l(mallocr.o)
    0x0800b454   0x0800b454   0x00000050   Code   RO         1196    i.__malloc$realloc  mc_w.l(mallocr.o)
    0x0800b4a4   0x0800b4a4   0x0000000c   Code   RO         1274    i.__read_errno      mc_w.l(errno.o)
    0x0800b4b0   0x0800b4b0   0x0000000e   Code   RO         1306    i.__scatterload_copy  mc_w.l(handlers.o)
    0x0800b4be   0x0800b4be   0x00000002   Code   RO         1307    i.__scatterload_null  mc_w.l(handlers.o)
    0x0800b4c0   0x0800b4c0   0x0000000e   Code   RO         1308    i.__scatterload_zeroinit  mc_w.l(handlers.o)
    0x0800b4ce   0x0800b4ce   0x00000002   PAD
    0x0800b4d0   0x0800b4d0   0x0000000c   Code   RO         1275    i.__set_errno       mc_w.l(errno.o)
    0x0800b4dc   0x0800b4dc   0x00000184   Code   RO         1170    i._fp_digits        mc_w.l(printfa.o)
    0x0800b660   0x0800b660   0x0000000e   Code   RO         1223    i._is_digit         mc_w.l(scanf_fp.o)
    0x0800b66e   0x0800b66e   0x00000002   PAD
    0x0800b670   0x0800b670   0x000006dc   Code   RO         1171    i._printf_core      mc_w.l(printfa.o)
    0x0800bd4c   0x0800bd4c   0x00000024   Code   RO         1172    i._printf_post_padding  mc_w.l(printfa.o)
    0x0800bd70   0x0800bd70   0x0000002e   Code   RO         1173    i._printf_pre_padding  mc_w.l(printfa.o)
    0x0800bd9e   0x0800bd9e   0x0000000a   Code   RO         1175    i._sputc            mc_w.l(printfa.o)
    0x0800bda8   0x0800bda8   0x0000002a   Code   RO          902    i.atof              m_ws.l(atof.o)
    0x0800bdd2   0x0800bdd2   0x00000002   PAD
    0x0800bdd4   0x0800bdd4   0x00000050   Code   RO         1197    i.internal_alloc    mc_w.l(mallocr.o)
    0x0800be24   0x0800be24   0x0000006c   Code   RO         1198    i.realloc           mc_w.l(mallocr.o)
    0x0800be90   0x0800be90   0x0000001c   Code   RO          906    i.strtod            m_ws.l(strtod.o)
    0x0800beac   0x0800beac   0x00000018   Data   RO          844    .constdata          malloc.o
    0x0800bec4   0x0800bec4   0x00000040   Data   RO         1302    .constdata          mc_w.l(ctype_c.o)
    0x0800bf04   0x0800bf04   0x00000020   Data   RO         1304    Region$$Table       anon$$obj.o


    Execution Region RW_IRAM1 (Exec base: 0x20000000, Load base: 0x0800bf24, Size: 0x0000b790, Max: 0x00010000, ABSOLUTE, COMPRESSED[0x00000158])

    Exec Addr    Load Addr    Size         Type   Attr      Idx    E Section Name        Object

    0x20000000   COMPRESSED   0x00000018   Data   RW            2    .data               main.o
    0x20000018   COMPRESSED   0x00000014   Data   RW          241    .data               system_stm32f10x.o
    0x2000002c   COMPRESSED   0x00000020   Data   RW          259    .data               user_process.o
    0x2000004c   COMPRESSED   0x00000001   Data   RW          310    .data               key.o
    0x2000004d   COMPRESSED   0x00000003   PAD
    0x20000050   COMPRESSED   0x00000008   Data   RW          323    .data               exti.o
    0x20000058   COMPRESSED   0x00000008   Data   RW          341    .data               timer.o
    0x20000060   COMPRESSED   0x0000000a   Data   RW          393    .data               ad5933.o
    0x2000006a   COMPRESSED   0x00000002   PAD
    0x2000006c   COMPRESSED   0x000003b0   Data   RW          426    .data               ad7124.o
    0x2000041c   COMPRESSED   0x00000004   Data   RW          495    .data               delay.o
    0x20000420   COMPRESSED   0x00000018   Data   RW          527    .data               usart.o
    0x20000438   COMPRESSED   0x00000014   Data   RW          585    .data               stm32f10x_rcc.o
    0x2000044c   COMPRESSED   0x00000044   Data   RW          739    .data               tasks.o
    0x20000490   COMPRESSED   0x00000014   Data   RW          770    .data               timers.o
    0x200004a4   COMPRESSED   0x0000000c   Data   RW          797    .data               port.o
    0x200004b0   COMPRESSED   0x00000018   Data   RW          827    .data               heap_4.o
    0x200004c8   COMPRESSED   0x0000001c   Data   RW          845    .data               malloc.o
    0x200004e4   COMPRESSED   0x00000014   Data   RW          867    .data               cjson.o
    0x200004f8   COMPRESSED   0x00000004   Data   RW         1271    .data               mc_w.l(mvars.o)
    0x200004fc   COMPRESSED   0x00000004   Data   RW         1272    .data               mc_w.l(mvars.o)
    0x20000500   COMPRESSED   0x00000004   Data   RW         1276    .data               mc_w.l(errno.o)
    0x20000504        -       0x00000014   Zero   RW          453    .bss                detectboard.o
    0x20000518        -       0x00000600   Zero   RW          526    .bss                usart.o
    0x20000b18        -       0x00000040   Zero   RW          720    .bss                queue.o
    0x20000b58        -       0x000002e4   Zero   RW          738    .bss                tasks.o
    0x20000e3c        -       0x00000028   Zero   RW          769    .bss                timers.o
    0x20000e64        -       0x00004000   Zero   RW          826    .bss                heap_4.o
    0x20004e64   COMPRESSED   0x0000001c   PAD
    0x20004e80        -       0x00005500   Zero   RW          843    .bss                malloc.o
    0x2000a380        -       0x0000000f   Zero   RW          866    .bss                cjson.o
    0x2000a38f   COMPRESSED   0x00000001   PAD
    0x2000a390        -       0x00001000   Zero   RW          566    HEAP                startup_stm32f10x_hd.o
    0x2000b390        -       0x00000400   Zero   RW          565    STACK               startup_stm32f10x_hd.o



  Load Region LR$$.ARM.__AT_0x68000000 (Base: 0x68000000, Size: 0x00000000, Max: 0x000f0000, ABSOLUTE)

    Execution Region ER$$.ARM.__AT_0x68000000 (Exec base: 0x68000000, Load base: 0x68000000, Size: 0x000f0000, Max: 0x000f0000, ABSOLUTE, UNINIT)

    Exec Addr    Load Addr    Size         Type   Attr      Idx    E Section Name        Object

    0x68000000        -       0x000f0000   Zero   RW          841    .ARM.__AT_0x68000000  malloc.o



  Load Region LR$$.ARM.__AT_0x680F0000 (Base: 0x680f0000, Size: 0x00000000, Max: 0x0000f000, ABSOLUTE)

    Execution Region ER$$.ARM.__AT_0x680F0000 (Exec base: 0x680f0000, Load base: 0x680f0000, Size: 0x0000f000, Max: 0x0000f000, ABSOLUTE, UNINIT)

    Exec Addr    Load Addr    Size         Type   Attr      Idx    E Section Name        Object

    0x680f0000        -       0x0000f000   Zero   RW          842    .ARM.__AT_0x680F0000  malloc.o


==============================================================================

Image component sizes


      Code (inc. data)   RO Data    RW Data    ZI Data      Debug   Object Name

       364         10          0          0          0       2146   ad5676.o
       796         16          0         10          0       4685   ad5933.o
       624          4          0          0          0       2741   ad5933_i2c.o
      1468         34          0        944          0       7785   ad7124.o
       316         10          0          0          0       1604   analogswitch.o
      8348        162          0         20         15      39454   cjson.o
       260         18          0          4          0       1417   delay.o
      1452         72          0          0         20       3952   detectboard.o
         0          0          0          0          0       9248   event_groups.o
       220         42          0          8          0       1095   exti.o
       672         82          0         24      16384       3160   heap_4.o
       204         18          0          1          0        764   key.o
        52          6          0          0          0        442   led.o
       148          0          0          0          0       1754   list.o
       548        106          0         24          0     279146   main.o
       576         18         24         28    1066240       5237   malloc.o
       432         22          0          0          0       1203   max6675.o
       220         22          0          0          0       1721   misc.o
       340         12          0          0          0       1659   platform_drivers.o
       770        100          0         12          0       7507   port.o
      3340         52          0          0         64      16246   queue.o
       256          8          0          0          0       1093   spi1.o
        36          8        304          0       5120        756   startup_stm32f10x_hd.o
       284         10          0          0          0       2175   stm32f10x_exti.o
       860         38          0          0          0       5653   stm32f10x_gpio.o
        20          0          0          0          0        871   stm32f10x_it.o
       932         36          0         20          0       8792   stm32f10x_rcc.o
       780         14          0          0          0       6534   stm32f10x_spi.o
      3610         88          0          0          0      22760   stm32f10x_tim.o
      1032         22          0          0          0       8380   stm32f10x_usart.o
         0          0          0          0          0         32   sys.o
       480         38          0         20          0       1623   system_stm32f10x.o
      6460        438          0         68        740      32385   tasks.o
       288         14          0          8          0       3958   timer.o
      1596        110          0         20         40       8744   timers.o
      1360         88          0         24       1536       5954   usart.o
      2436        622          0         32          0       8628   user_process.o

    ----------------------------------------------------------------------
     41584       2340        360       1272    1090188     511304   Object Totals
         0          0         32          0          0          0   (incl. Generated)
         4          0          0          5         29          0   (incl. Padding)

    ----------------------------------------------------------------------

      Code (inc. data)   RO Data    RW Data    ZI Data      Debug   Library Member Name

        42          0          0          0          0         84   atof.o
        28          0          0          0          0         80   strtod.o
        56          8          0          0          0         84   __0sscanf.o
        86          0          0          0          0          0   __dczerorl2.o
       812          4          0          0          0        112   _scanf.o
        64          0          0          0          0         84   _sgetc.o
        40          6         64          0          0         68   ctype_c.o
         0          0          0          0          0          0   entry.o
         0          0          0          0          0          0   entry10a.o
         0          0          0          0          0          0   entry11a.o
         8          4          0          0          0          0   entry2.o
         4          0          0          0          0          0   entry5.o
         0          0          0          0          0          0   entry7b.o
         0          0          0          0          0          0   entry8b.o
         8          4          0          0          0          0   entry9a.o
        24         12          0          4          0        136   errno.o
        30          0          0          0          0          0   handlers.o
        36          8          0          0          0         68   init.o
        10          0          0          0          0         68   isspace_c.o
         0          0          0          0          0          0   iusefp.o
        30          0          0          0          0         68   llshl.o
        36          0          0          0          0         68   llsshr.o
        32          0          0          0          0         68   llushr.o
       360         30          0          0          0        356   mallocr.o
        26          0          0          0          0         80   memcmp.o
        36          0          0          0          0         68   memcpya.o
        36          0          0          0          0        108   memseta.o
         0          0          0          8          0          0   mvars.o
      2308         96          0          0          0        604   printfa.o
        40          8          0          0          0         84   scanf_char.o
       878         12          0          0          0        216   scanf_fp.o
        28          0          0          0          0         76   strcmp.o
        18          0          0          0          0         68   strcpy.o
        14          0          0          0          0         68   strlen.o
        30          0          0          0          0         80   strncmp.o
       156         12          0          0          0        120   strtod.o
        12          0          0          0          0         68   tolower.o
        44          0          0          0          0         80   uidiv.o
        98          0          0          0          0         92   uldiv.o
        48          0          0          0          0         68   cdcmple.o
        48          0          0          0          0         68   cdrcmple.o
        20          0          0          0          0         68   cfrcmple.o
        56          0          0          0          0         88   d2f.o
       334          0          0          0          0        148   dadd.o
       222          0          0          0          0        100   ddiv.o
       186          0          0          0          0        176   depilogue.o
        62          0          0          0          0         80   dfixi.o
        48          0          0          0          0         68   dfixul.o
        34          0          0          0          0         76   dflti.o
        26          0          0          0          0         76   dfltui.o
        24          0          0          0          0         76   dfltul.o
       228          0          0          0          0         96   dmul.o
        38          0          0          0          0         68   f2d.o
       110          0          0          0          0        168   fepilogue.o

    ----------------------------------------------------------------------
      6924        204         64         12          0       4580   Library Totals
        10          0          0          0          0          0   (incl. Padding)

    ----------------------------------------------------------------------

      Code (inc. data)   RO Data    RW Data    ZI Data      Debug   Library Name

        70          0          0          0          0        164   m_ws.l
      5360        204         64         12          0       2992   mc_w.l
      1484          0          0          0          0       1424   mf_w.l

    ----------------------------------------------------------------------
      6924        204         64         12          0       4580   Library Totals

    ----------------------------------------------------------------------

==============================================================================


      Code (inc. data)   RO Data    RW Data    ZI Data      Debug   

     48508       2544        424       1284    1090188     510396   Grand Totals
     48508       2544        424        344    1090188     510396   ELF Image Totals (compressed)
     48508       2544        424        344          0          0   ROM Totals

==============================================================================

    Total RO  Size (Code + RO Data)                48932 (  47.79kB)
    Total RW  Size (RW Data + ZI Data)           1091472 (1065.89kB)
    Total ROM Size (Code + RO Data + RW Data)      49276 (  48.12kB)

==============================================================================

