Component: ARM Compiler 5.06 update 6 (build 750) Tool: armlink [4d35ed]

==============================================================================

Section Cross References

    main.o(.text) refers to tasks.o(.text) for xTaskNotifyWait
    main.o(.text) refers to user_process.o(.text) for MessageProcess
    main.o(.text) refers to malloc.o(.text) for mymemset
    main.o(.text) refers to usart.o(.text) for UartInit
    main.o(.text) refers to led.o(.text) for LedInit
    main.o(.text) refers to exti.o(.text) for EXTIX_Init
    main.o(.text) refers to port.o(.text) for vPortEnterCritical
    main.o(.text) refers to timers.o(.text) for xTimerCreate
    main.o(.text) refers to misc.o(.text) for NVIC_PriorityGroupConfig
    main.o(.text) refers to delay.o(.text) for delay_init
    main.o(.text) refers to usart.o(.data) for uart1RxSta
    main.o(.text) refers to usart.o(.bss) for uart1RxBuf
    main.o(.text) refers to exti.o(.data) for CardCheckFlag
    main.o(.text) refers to main.o(.data) for MessageProcessTask_Handler
    system_stm32f10x.o(.text) refers to system_stm32f10x.o(.data) for SystemCoreClock
    user_process.o(.text) refers to tasks.o(.text) for vTaskDelay
    user_process.o(.text) refers to stm32f10x_rcc.o(.text) for RCC_APB2PeriphClockCmd
    user_process.o(.text) refers to stm32f10x_gpio.o(.text) for GPIO_Init
    user_process.o(.text) refers to max6675.o(.text) for Max6675_readTemperature
    user_process.o(.text) refers to cfrcmple.o(.text) for __aeabi_cfrcmple
    user_process.o(.text) refers to stm32f10x_tim.o(.text) for TIM_SetCompare3
    user_process.o(.text) refers to timer.o(.text) for TIM3_PWM_Init
    user_process.o(.text) refers to stm32f10x_usart.o(.text) for USART_GetFlagStatus
    user_process.o(.text) refers to malloc.o(.text) for mymemcmp
    user_process.o(.text) refers to atof.o(i.atof) for atof
    user_process.o(.text) refers to d2f.o(.text) for __aeabi_d2f
    user_process.o(.text) refers to cjson.o(.text) for cJSON_Parse
    user_process.o(.text) refers to strlen.o(.text) for strlen
    user_process.o(.text) refers to usart.o(.text) for MyUartSend
    user_process.o(.text) refers to mallocr.o(i.__free$realloc) for free
    user_process.o(.text) refers to dfltui.o(.text) for __aeabi_ui2d
    user_process.o(.text) refers to user_process.o(.data) for startScanFlag
    user_process.o(.text) refers to main.o(.data) for MessageProcessTask_Handler
    led.o(.text) refers to stm32f10x_rcc.o(.text) for RCC_APB2PeriphClockCmd
    led.o(.text) refers to stm32f10x_gpio.o(.text) for GPIO_Init
    key.o(.text) refers to stm32f10x_rcc.o(.text) for RCC_APB2PeriphClockCmd
    key.o(.text) refers to stm32f10x_gpio.o(.text) for GPIO_Init
    key.o(.text) refers to delay.o(.text) for delay_ms
    key.o(.text) refers to key.o(.data) for key_up
    exti.o(.text) refers to stm32f10x_rcc.o(.text) for RCC_APB2PeriphClockCmd
    exti.o(.text) refers to key.o(.text) for KEY_Init
    exti.o(.text) refers to stm32f10x_gpio.o(.text) for GPIO_EXTILineConfig
    exti.o(.text) refers to stm32f10x_exti.o(.text) for EXTI_Init
    exti.o(.text) refers to misc.o(.text) for NVIC_Init
    exti.o(.text) refers to delay.o(.text) for delay_xms
    exti.o(.text) refers to tasks.o(.text) for xTaskResumeFromISR
    exti.o(.text) refers to printfa.o(i.__0printf) for __2printf
    exti.o(.text) refers to exti.o(.data) for CardCheckFlag
    timer.o(.text) refers to stm32f10x_rcc.o(.text) for RCC_APB1PeriphClockCmd
    timer.o(.text) refers to stm32f10x_tim.o(.text) for TIM_TimeBaseInit
    timer.o(.text) refers to misc.o(.text) for NVIC_Init
    timer.o(.text) refers to stm32f10x_gpio.o(.text) for GPIO_Init
    timer.o(.text) refers to timer.o(.data) for FreeRTOSRunTimeTicks
    max6675.o(.text) refers to stm32f10x_rcc.o(.text) for RCC_APB2PeriphClockCmd
    max6675.o(.text) refers to stm32f10x_gpio.o(.text) for GPIO_Init
    max6675.o(.text) refers to delay.o(.text) for delay_us
    max6675.o(.text) refers to f2d.o(.text) for __aeabi_f2d
    max6675.o(.text) refers to dfltui.o(.text) for __aeabi_ui2d
    max6675.o(.text) refers to dmul.o(.text) for __aeabi_dmul
    max6675.o(.text) refers to ddiv.o(.text) for __aeabi_ddiv
    max6675.o(.text) refers to d2f.o(.text) for __aeabi_d2f
    delay.o(.text) refers to tasks.o(.text) for xTaskGetSchedulerState
    delay.o(.text) refers to port.o(.text) for xPortSysTickHandler
    delay.o(.text) refers to misc.o(.text) for SysTick_CLKSourceConfig
    delay.o(.text) refers to system_stm32f10x.o(.data) for SystemCoreClock
    delay.o(.text) refers to delay.o(.data) for fac_us
    usart.o(.text) refers to stm32f10x_rcc.o(.text) for RCC_APB1PeriphClockCmd
    usart.o(.text) refers to stm32f10x_gpio.o(.text) for GPIO_Init
    usart.o(.text) refers to misc.o(.text) for NVIC_Init
    usart.o(.text) refers to stm32f10x_usart.o(.text) for USART_Init
    usart.o(.text) refers to tasks.o(.text) for vTaskNotifyGiveFromISR
    usart.o(.text) refers to usart.o(.data) for uart1RxSta
[...]
    uxPendedTicks                            0x200000a0   Data           4  tasks.o(.data)
    xYieldPending                            0x200000a4   Data           4  tasks.o(.data)
    xNumOfOverflows                          0x200000a8   Data           4  tasks.o(.data)
    uxTaskNumber                             0x200000ac   Data           4  tasks.o(.data)
    xNextTaskUnblockTime                     0x200000b0   Data           4  tasks.o(.data)
    xIdleTaskHandle                          0x200000b4   Data           4  tasks.o(.data)
    uxSchedulerSuspended                     0x200000b8   Data           4  tasks.o(.data)
    ulTaskSwitchedInTime                     0x200000bc   Data           4  tasks.o(.data)
    ulTotalRunTime                           0x200000c0   Data           4  tasks.o(.data)
    .data                                    0x200000c4   Section       20  timers.o(.data)
    pxCurrentTimerList                       0x200000c4   Data           4  timers.o(.data)
    pxOverflowTimerList                      0x200000c8   Data           4  timers.o(.data)
    xTimerQueue                              0x200000cc   Data           4  timers.o(.data)
    xTimerTaskHandle                         0x200000d0   Data           4  timers.o(.data)
    xLastTime                                0x200000d4   Data           4  timers.o(.data)
    .data                                    0x200000d8   Section       12  port.o(.data)
    uxCriticalNesting                        0x200000d8   Data           4  port.o(.data)
    ucMaxSysCallPriority                     0x200000dc   Data           1  port.o(.data)
    ulMaxPRIGROUPValue                       0x200000e0   Data           4  port.o(.data)
    .data                                    0x200000e4   Section       24  heap_4.o(.data)
    xStart                                   0x200000e4   Data           8  heap_4.o(.data)
    pxEnd                                    0x200000ec   Data           4  heap_4.o(.data)
    xFreeBytesRemaining                      0x200000f0   Data           4  heap_4.o(.data)
    xMinimumEverFreeBytesRemaining           0x200000f4   Data           4  heap_4.o(.data)
    xBlockAllocatedBit                       0x200000f8   Data           4  heap_4.o(.data)
    .data                                    0x200000fc   Section       28  malloc.o(.data)
    .data                                    0x20000118   Section       20  cjson.o(.data)
    global_error                             0x20000118   Data           8  cjson.o(.data)
    global_hooks                             0x20000120   Data          12  cjson.o(.data)
    .data                                    0x2000012c   Section        4  mvars.o(.data)
    .data                                    0x20000130   Section        4  mvars.o(.data)
    .data                                    0x20000134   Section        4  errno.o(.data)
    _errno                                   0x20000134   Data           4  errno.o(.data)
    .bss                                     0x20000138   Section     1536  usart.o(.bss)
    .bss                                     0x20000738   Section       64  queue.o(.bss)
    .bss                                     0x20000778   Section      740  tasks.o(.bss)
    pxReadyTasksLists                        0x20000778   Data         640  tasks.o(.bss)
    xDelayedTaskList1                        0x200009f8   Data          20  tasks.o(.bss)
    xDelayedTaskList2                        0x20000a0c   Data          20  tasks.o(.bss)
    xPendingReadyList                        0x20000a20   Data          20  tasks.o(.bss)
    xTasksWaitingTermination                 0x20000a34   Data          20  tasks.o(.bss)
    xSuspendedTaskList                       0x20000a48   Data          20  tasks.o(.bss)
    .bss                                     0x20000a5c   Section       40  timers.o(.bss)
    xActiveTimerList1                        0x20000a5c   Data          20  timers.o(.bss)
    xActiveTimerList2                        0x20000a70   Data          20  timers.o(.bss)
    .bss                                     0x20000a84   Section    16384  heap_4.o(.bss)
    ucHeap                                   0x20000a84   Data       16384  heap_4.o(.bss)
    .bss                                     0x20004aa0   Section    21760  malloc.o(.bss)
    .bss                                     0x20009fa0   Section       15  cjson.o(.bss)
    version                                  0x20009fa0   Data          15  cjson.o(.bss)
    HEAP                                     0x20009fb0   Section     4096  startup_stm32f10x_hd.o(HEAP)
    STACK                                    0x2000afb0   Section     1024  startup_stm32f10x_hd.o(STACK)
    .ARM.__AT_0x68000000                     0x68000000   Section    983040  malloc.o(.ARM.__AT_0x68000000)
    .ARM.__AT_0x680F0000                     0x680f0000   Section    61440  malloc.o(.ARM.__AT_0x680F0000)

    Global Symbols

    Symbol Name                              Value     Ov Type        Size  Object(Section)

    BuildAttributes$$THM_ISAv4$P$D$K$B$S$PE$A:L22UL41UL21$X:L11$S22US41US21$IEEE1$IW$USESV6$~STKCKD$USESV7$~SHL$OTIME$ROPI$IEEEJ$EBA8$MICROLIB$REQ8$PRES8$EABIv2 0x00000000   Number         0  anon$$obj.o ABSOLUTE
    __ARM_use_no_argv                        0x00000000   Number         0  main.o ABSOLUTE
    __use_no_errno                           0x00000000   Number         0  useno.o ABSOLUTE
    __use_no_exception_handling              0x00000000   Number         0  useno.o ABSOLUTE
    __use_no_fp                              0x00000000   Number         0  useno.o ABSOLUTE
    __use_no_heap                            0x00000000   Number         0  useno.o ABSOLUTE
    __use_no_heap_region                     0x00000000   Number         0  useno.o ABSOLUTE
    __use_no_semihosting                     0x00000000   Number         0  useno.o ABSOLUTE
    __use_no_semihosting_swi                 0x00000000   Number         0  useno.o ABSOLUTE
    __use_no_signal_handling                 0x00000000   Number         0  useno.o ABSOLUTE
    _printf_a                                0x00000000   Number         0  stubs.o ABSOLUTE
    _printf_c                                0x00000000   Number         0  stubs.o ABSOLUTE
    _printf_charcount                        0x00000000   Number         0  stubs.o ABSOLUTE
    _printf_d                                0x00000000   Number         0  stubs.o ABSOLUTE
    _printf_e                                0x00000000   Number         0  stubs.o ABSOLUTE
    _printf_f                                0x00000000   Number         0  stubs.o ABSOLUTE
    _printf_flags                            0x00000000   Number         0  stubs.o ABSOLUTE
    _printf_fp_dec                           0x00000000   Number         0  stubs.o ABSOLUTE
    _printf_fp_hex                           0x00000000   Number         0  stubs.o ABSOLUTE
    _printf_g                                0x00000000   Number         0  stubs.o ABSOLUTE
    _printf_i                                0x00000000   Number         0  stubs.o ABSOLUTE
    _printf_int_dec                          0x00000000   Number         0  stubs.o ABSOLUTE
    _printf_l                                0x00000000   Number         0  stubs.o ABSOLUTE
    _printf_lc                               0x00000000   Number         0  stubs.o ABSOLUTE
    _printf_ll                               0x00000000   Number         0  stubs.o ABSOLUTE
    _printf_lld                              0x00000000   Number         0  stubs.o ABSOLUTE
    _printf_lli                              0x00000000   Number         0  stubs.o ABSOLUTE
    _printf_llo                              0x00000000   Number         0  stubs.o ABSOLUTE
    _printf_llu                              0x00000000   Number         0  stubs.o ABSOLUTE
    _printf_llx                              0x00000000   Number         0  stubs.o ABSOLUTE
    _printf_longlong_dec                     0x00000000   Number         0  stubs.o ABSOLUTE
    _printf_longlong_hex                     0x00000000   Number         0  stubs.o ABSOLUTE
    _printf_longlong_oct                     0x00000000   Number         0  stubs.o ABSOLUTE
    _printf_ls                               0x00000000   Number         0  stubs.o ABSOLUTE
    _printf_mbtowc                           0x00000000   Number         0  stubs.o ABSOLUTE
    _printf_n                                0x00000000   Number         0  stubs.o ABSOLUTE
    _printf_o                                0x00000000   Number         0  stubs.o ABSOLUTE
    _printf_p                                0x00000000   Number         0  stubs.o ABSOLUTE
    _printf_percent                          0x00000000   Number         0  stubs.o ABSOLUTE
    _printf_pre_padding                      0x00000000   Number         0  stubs.o ABSOLUTE
    _printf_return_value                     0x00000000   Number         0  stubs.o ABSOLUTE
    _printf_s                                0x00000000   Number         0  stubs.o ABSOLUTE
    _printf_sizespec                         0x00000000   Number         0  stubs.o ABSOLUTE
    _printf_str                              0x00000000   Number         0  stubs.o ABSOLUTE
    _printf_truncate_signed                  0x00000000   Number         0  stubs.o ABSOLUTE
    _printf_truncate_unsigned                0x00000000   Number         0  stubs.o ABSOLUTE
    _printf_u                                0x00000000   Number         0  stubs.o ABSOLUTE
    _printf_wc                               0x00000000   Number         0  stubs.o ABSOLUTE
    _printf_wctomb                           0x00000000   Number         0  stubs.o ABSOLUTE
    _printf_widthprec                        0x00000000   Number         0  stubs.o ABSOLUTE
    _printf_x                                0x00000000   Number         0  stubs.o ABSOLUTE
    __cpp_initialize__aeabi_                  - Undefined Weak Reference
    __cxa_finalize                            - Undefined Weak Reference
    _clock_init                               - Undefined Weak Reference
    _microlib_exit                            - Undefined Weak Reference
    _scanf_int                                - Undefined Weak Reference
    _scanf_longlong                           - Undefined Weak Reference
    _scanf_string                             - Undefined Weak Reference
    __Vectors_Size                           0x00000130   Number         0  startup_stm32f10x_hd.o ABSOLUTE
    __Vectors                                0x08000000   Data           4  startup_stm32f10x_hd.o(RESET)
    __Vectors_End                            0x08000130   Data           0  startup_stm32f10x_hd.o(RESET)
    __main                                   0x08000131   Thumb Code     0  entry.o(.ARM.Collect$$$$00000000)
    _main_stk                                0x08000131   Thumb Code     0  entry2.o(.ARM.Collect$$$$00000001)
    _main_scatterload                        0x08000135   Thumb Code     0  entry5.o(.ARM.Collect$$$$00000004)
    __main_after_scatterload                 0x08000139   Thumb Code     0  entry5.o(.ARM.Collect$$$$00000004)
    _main_clock                              0x08000139   Thumb Code     0  entry7b.o(.ARM.Collect$$$$00000008)
    _main_cpp_init                           0x08000139   Thumb Code     0  entry8b.o(.ARM.Collect$$$$0000000A)
    _main_init                               0x08000139   Thumb Code     0  entry9a.o(.ARM.Collect$$$$0000000B)
    __rt_final_cpp                           0x08000141   Thumb Code     0  entry10a.o(.ARM.Collect$$$$0000000D)
    __rt_final_exit                          0x08000141   Thumb Code     0  entry11a.o(.ARM.Collect$$$$0000000F)
    SVC_Handler                              0x08000145   Thumb Code    32  port.o(.emb_text)
    __asm___6_port_c_39a90d8d__prvStartFirstTask 0x08000169   Thumb Code    28  port.o(.emb_text)
    PendSV_Handler                           0x08000189   Thumb Code    72  port.o(.emb_text)
    vPortGetIPSR                             0x080001d5   Thumb Code     6  port.o(.emb_text)
    messageprocess_task                      0x080001dd   Thumb Code    32  main.o(.text)
    uart_task                                0x080001fd   Thumb Code   122  main.o(.text)
    AutoReloadCallback                       0x08000277   Thumb Code    56  main.o(.text)
    start_task                               0x080002af   Thumb Code   140  main.o(.text)
    main                                     0x0800033b   Thumb Code    44  main.o(.text)
    timercontrol_task                        0x08000367   Thumb Code    48  main.o(.text)
    NMI_Handler                              0x08000401   Thumb Code     2  stm32f10x_it.o(.text)
    HardFault_Handler                        0x08000403   Thumb Code     4  stm32f10x_it.o(.text)
    MemManage_Handler                        0x08000407   Thumb Code     4  stm32f10x_it.o(.text)
    BusFault_Handler                         0x0800040b   Thumb Code     4  stm32f10x_it.o(.text)
    UsageFault_Handler                       0x0800040f   Thumb Code     4  stm32f10x_it.o(.text)
    DebugMon_Handler                         0x08000413   Thumb Code     2  stm32f10x_it.o(.text)
    SystemInit                               0x080004f3   Thumb Code    78  system_stm32f10x.o(.text)
    SystemCoreClockUpdate                    0x08000541   Thumb Code   142  system_stm32f10x.o(.text)
    StartScanCode                            0x080005f5   Thumb Code    32  user_process.o(.text)
    StopScanCode                             0x08000615   Thumb Code     8  user_process.o(.text)
    ScanCodeInit                             0x0800061d   Thumb Code    54  user_process.o(.text)
    ScanHeatingTemp                          0x08000653   Thumb Code    44  user_process.o(.text)
    HeatInit                                 0x0800067f   Thumb Code    22  user_process.o(.text)
    CardCheckInit                            0x08000695   Thumb Code    32  user_process.o(.text)
    HalBoardInit                             0x080006b5   Thumb Code    40  user_process.o(.text)
    PreTestProcess                           0x080006dd   Thumb Code     6  user_process.o(.text)
    IntialProcess                            0x080006e3   Thumb Code     6  user_process.o(.text)
    SelfTestProcess                          0x080006e9   Thumb Code     6  user_process.o(.text)
    StartHeatBody                            0x080006ef   Thumb Code    34  user_process.o(.text)
    GetTestCardValue                         0x08000711   Thumb Code     6  user_process.o(.text)
    ProcessValueKeyDate                      0x08000717   Thumb Code   212  user_process.o(.text)
    Uart1Process                             0x080007eb   Thumb Code   242  user_process.o(.text)
    Uart2Process                             0x080008dd   Thumb Code   144  user_process.o(.text)
    UartProcess                              0x0800096d   Thumb Code    64  user_process.o(.text)
    MessageProcess                           0x080009ad   Thumb Code   602  user_process.o(.text)
    LedInit                                  0x08000cad   Thumb Code    46  led.o(.text)
    KEY_Init                                 0x08000ce1   Thumb Code    32  key.o(.text)
    KEY_Scan                                 0x08000d01   Thumb Code   154  key.o(.text)
    EXTIX_Init                               0x08000dad   Thumb Code    82  exti.o(.text)
    EXTI1_IRQHandler                         0x08000dff   Thumb Code    34  exti.o(.text)
    EXTI9_5_IRQHandler                       0x08000e21   Thumb Code    62  exti.o(.text)
    TIM3_Int_Init                            0x08000e89   Thumb Code    90  timer.o(.text)
    ConfigureTimeForRunTimeStats             0x08000ee3   Thumb Code    20  timer.o(.text)
    TIM3_IRQHandler                          0x08000ef7   Thumb Code    42  timer.o(.text)
    TIM3_PWM_Init                            0x08000f21   Thumb Code   122  timer.o(.text)
    Max6675Init                              0x08000fa9   Thumb Code   120  max6675.o(.text)
    Max6675_readRawValue                     0x08001021   Thumb Code   158  max6675.o(.text)
    Max6675_readTemperature                  0x080010bf   Thumb Code    90  max6675.o(.text)
    SysTick_Handler                          0x08001129   Thumb Code    16  delay.o(.text)
    delay_init                               0x08001139   Thumb Code    74  delay.o(.text)
    delay_us                                 0x08001183   Thumb Code    68  delay.o(.text)
    delay_ms                                 0x080011c7   Thumb Code    60  delay.o(.text)
    delay_xms                                0x08001203   Thumb Code    24  delay.o(.text)
    _sys_exit                                0x0800122d   Thumb Code     4  usart.o(.text)
    _ttywrch                                 0x08001231   Thumb Code     4  usart.o(.text)
    fputc                                    0x08001235   Thumb Code    24  usart.o(.text)
    Uart4Init                                0x0800124d   Thumb Code   158  usart.o(.text)
    Uart2Init                                0x080012eb   Thumb Code   166  usart.o(.text)
    Uart1Init                                0x08001391   Thumb Code   154  usart.o(.text)
    UartInit                                 0x0800142b   Thumb Code    28  usart.o(.text)
    MyUartSend                               0x08001447   Thumb Code   130  usart.o(.text)
    USART1_IRQHandler                        0x080014c9   Thumb Code   258  usart.o(.text)
    USART2_IRQHandler                        0x080015cb   Thumb Code   194  usart.o(.text)
    UART4_IRQHandler                         0x0800168d   Thumb Code   212  usart.o(.text)
    Reset_Handler                            0x0800177d   Thumb Code     8  startup_stm32f10x_hd.o(.text)
    ADC1_2_IRQHandler                        0x08001797   Thumb Code     0  startup_stm32f10x_hd.o(.text)
    ADC3_IRQHandler                          0x08001797   Thumb Code     0  startup_stm32f10x_hd.o(.text)
    CAN1_RX1_IRQHandler                      0x08001797   Thumb Code     0  startup_stm32f10x_hd.o(.text)
    CAN1_SCE_IRQHandler                      0x08001797   Thumb Code     0  startup_stm32f10x_hd.o(.text)
    DMA1_Channel1_IRQHandler                 0x08001797   Thumb Code     0  startup_stm32f10x_hd.o(.text)
    DMA1_Channel2_IRQHandler                 0x08001797   Thumb Code     0  startup_stm32f10x_hd.o(.text)
    DMA1_Channel3_IRQHandler                 0x08001797   Thumb Code     0  startup_stm32f10x_hd.o(.text)
    DMA1_Channel4_IRQHandler                 0x08001797   Thumb Code     0  startup_stm32f10x_hd.o(.text)
    DMA1_Channel5_IRQHandler                 0x08001797   Thumb Code     0  startup_stm32f10x_hd.o(.text)
    DMA1_Channel6_IRQHandler                 0x08001797   Thumb Code     0  startup_stm32f10x_hd.o(.text)
    DMA1_Channel7_IRQHandler                 0x08001797   Thumb Code     0  startup_stm32f10x_hd.o(.text)
    DMA2_Channel1_IRQHandler                 0x08001797   Thumb Code     0  startup_stm32f10x_hd.o(.text)
    DMA2_Channel2_IRQHandler                 0x08001797   Thumb Code     0  startup_stm32f10x_hd.o(.text)
    DMA2_Channel3_IRQHandler                 0x08001797   Thumb Code     0  startup_stm32f10x_hd.o(.text)
    DMA2_Channel4_5_IRQHandler               0x08001797   Thumb Code     0  startup_stm32f10x_hd.o(.text)
    EXTI0_IRQHandler                         0x08001797   Thumb Code     0  startup_stm32f10x_hd.o(.text)
    EXTI15_10_IRQHandler                     0x08001797   Thumb Code     0  startup_stm32f10x_hd.o(.text)
    EXTI2_IRQHandler                         0x08001797   Thumb Code     0  startup_stm32f10x_hd.o(.text)
    EXTI3_IRQHandler                         0x08001797   Thumb Code     0  startup_stm32f10x_hd.o(.text)
    EXTI4_IRQHandler                         0x08001797   Thumb Code     0  startup_stm32f10x_hd.o(.text)
    FLASH_IRQHandler                         0x08001797   Thumb Code     0  startup_stm32f10x_hd.o(.text)
    FSMC_IRQHandler                          0x08001797   Thumb Code     0  startup_stm32f10x_hd.o(.text)
    I2C1_ER_IRQHandler                       0x08001797   Thumb Code     0  startup_stm32f10x_hd.o(.text)
    I2C1_EV_IRQHandler                       0x08001797   Thumb Code     0  startup_stm32f10x_hd.o(.text)
    I2C2_ER_IRQHandler                       0x08001797   Thumb Code     0  startup_stm32f10x_hd.o(.text)
    I2C2_EV_IRQHandler                       0x08001797   Thumb Code     0  startup_stm32f10x_hd.o(.text)
    PVD_IRQHandler                           0x08001797   Thumb Code     0  startup_stm32f10x_hd.o(.text)
    RCC_IRQHandler                           0x08001797   Thumb Code     0  startup_stm32f10x_hd.o(.text)
    RTCAlarm_IRQHandler                      0x08001797   Thumb Code     0  startup_stm32f10x_hd.o(.text)
    RTC_IRQHandler                           0x08001797   Thumb Code     0  startup_stm32f10x_hd.o(.text)
    SDIO_IRQHandler                          0x08001797   Thumb Code     0  startup_stm32f10x_hd.o(.text)
    SPI1_IRQHandler                          0x08001797   Thumb Code     0  startup_stm32f10x_hd.o(.text)
    SPI2_IRQHandler                          0x08001797   Thumb Code     0  startup_stm32f10x_hd.o(.text)
    SPI3_IRQHandler                          0x08001797   Thumb Code     0  startup_stm32f10x_hd.o(.text)
    TAMPER_IRQHandler                        0x08001797   Thumb Code     0  startup_stm32f10x_hd.o(.text)
    TIM1_BRK_IRQHandler                      0x08001797   Thumb Code     0  startup_stm32f10x_hd.o(.text)
    TIM1_CC_IRQHandler                       0x08001797   Thumb Code     0  startup_stm32f10x_hd.o(.text)
    TIM1_TRG_COM_IRQHandler                  0x08001797   Thumb Code     0  startup_stm32f10x_hd.o(.text)
    TIM1_UP_IRQHandler                       0x08001797   Thumb Code     0  startup_stm32f10x_hd.o(.text)
    TIM2_IRQHandler                          0x08001797   Thumb Code     0  startup_stm32f10x_hd.o(.text)
    TIM4_IRQHandler                          0x08001797   Thumb Code     0  startup_stm32f10x_hd.o(.text)
    TIM5_IRQHandler                          0x08001797   Thumb Code     0  startup_stm32f10x_hd.o(.text)
    TIM6_IRQHandler                          0x08001797   Thumb Code     0  startup_stm32f10x_hd.o(.text)
    TIM7_IRQHandler                          0x08001797   Thumb Code     0  startup_stm32f10x_hd.o(.text)
    TIM8_BRK_IRQHandler                      0x08001797   Thumb Code     0  startup_stm32f10x_hd.o(.text)
    TIM8_CC_IRQHandler                       0x08001797   Thumb Code     0  startup_stm32f10x_hd.o(.text)
    TIM8_TRG_COM_IRQHandler                  0x08001797   Thumb Code     0  startup_stm32f10x_hd.o(.text)
    TIM8_UP_IRQHandler                       0x08001797   Thumb Code     0  startup_stm32f10x_hd.o(.text)
    UART5_IRQHandler                         0x08001797   Thumb Code     0  startup_stm32f10x_hd.o(.text)
    USART3_IRQHandler                        0x08001797   Thumb Code     0  startup_stm32f10x_hd.o(.text)
    USBWakeUp_IRQHandler                     0x08001797   Thumb Code     0  startup_stm32f10x_hd.o(.text)
    USB_HP_CAN1_TX_IRQHandler                0x08001797   Thumb Code     0  startup_stm32f10x_hd.o(.text)
    USB_LP_CAN1_RX0_IRQHandler               0x08001797   Thumb Code     0  startup_stm32f10x_hd.o(.text)
    WWDG_IRQHandler                          0x08001797   Thumb Code     0  startup_stm32f10x_hd.o(.text)
    NVIC_PriorityGroupConfig                 0x080017a1   Thumb Code    10  misc.o(.text)
    NVIC_Init                                0x080017ab   Thumb Code   100  misc.o(.text)
    NVIC_SetVectorTable                      0x0800180f   Thumb Code    14  misc.o(.text)
    NVIC_SystemLPConfig                      0x0800181d   Thumb Code    34  misc.o(.text)
    SysTick_CLKSourceConfig                  0x0800183f   Thumb Code    40  misc.o(.text)
    GPIO_DeInit                              0x0800187d   Thumb Code   172  stm32f10x_gpio.o(.text)
    GPIO_AFIODeInit                          0x08001929   Thumb Code    20  stm32f10x_gpio.o(.text)
    GPIO_Init                                0x0800193d   Thumb Code   278  stm32f10x_gpio.o(.text)
    GPIO_StructInit                          0x08001a53   Thumb Code    16  stm32f10x_gpio.o(.text)
    GPIO_ReadInputDataBit                    0x08001a63   Thumb Code    18  stm32f10x_gpio.o(.text)
    GPIO_ReadInputData                       0x08001a75   Thumb Code     8  stm32f10x_gpio.o(.text)
    GPIO_ReadOutputDataBit                   0x08001a7d   Thumb Code    18  stm32f10x_gpio.o(.text)
    GPIO_ReadOutputData                      0x08001a8f   Thumb Code     8  stm32f10x_gpio.o(.text)
    GPIO_SetBits                             0x08001a97   Thumb Code     4  stm32f10x_gpio.o(.text)
    GPIO_ResetBits                           0x08001a9b   Thumb Code     4  stm32f10x_gpio.o(.text)
    GPIO_WriteBit                            0x08001a9f   Thumb Code    10  stm32f10x_gpio.o(.text)
    GPIO_Write                               0x08001aa9   Thumb Code     4  stm32f10x_gpio.o(.text)
    GPIO_PinLockConfig                       0x08001aad   Thumb Code    18  stm32f10x_gpio.o(.text)
    GPIO_EventOutputConfig                   0x08001abf   Thumb Code    26  stm32f10x_gpio.o(.text)
    GPIO_EventOutputCmd                      0x08001ad9   Thumb Code     6  stm32f10x_gpio.o(.text)
    GPIO_PinRemapConfig                      0x08001adf   Thumb Code   138  stm32f10x_gpio.o(.text)
    GPIO_EXTILineConfig                      0x08001b69   Thumb Code    66  stm32f10x_gpio.o(.text)
    GPIO_ETH_MediaInterfaceConfig            0x08001bab   Thumb Code     8  stm32f10x_gpio.o(.text)
    RCC_DeInit                               0x08001bd9   Thumb Code    64  stm32f10x_rcc.o(.text)
    RCC_HSEConfig                            0x08001c19   Thumb Code    70  stm32f10x_rcc.o(.text)
    RCC_GetFlagStatus                        0x08001c5f   Thumb Code    56  stm32f10x_rcc.o(.text)
    RCC_WaitForHSEStartUp                    0x08001c97   Thumb Code    56  stm32f10x_rcc.o(.text)
    RCC_AdjustHSICalibrationValue            0x08001ccf   Thumb Code    20  stm32f10x_rcc.o(.text)
    RCC_HSICmd                               0x08001ce3   Thumb Code     6  stm32f10x_rcc.o(.text)
    RCC_PLLConfig                            0x08001ce9   Thumb Code    24  stm32f10x_rcc.o(.text)
    RCC_PLLCmd                               0x08001d01   Thumb Code     6  stm32f10x_rcc.o(.text)
    RCC_SYSCLKConfig                         0x08001d07   Thumb Code    18  stm32f10x_rcc.o(.text)
    RCC_GetSYSCLKSource                      0x08001d19   Thumb Code    10  stm32f10x_rcc.o(.text)
    RCC_HCLKConfig                           0x08001d23   Thumb Code    18  stm32f10x_rcc.o(.text)
    RCC_PCLK1Config                          0x08001d35   Thumb Code    18  stm32f10x_rcc.o(.text)
    RCC_PCLK2Config                          0x08001d47   Thumb Code    20  stm32f10x_rcc.o(.text)
    RCC_ITConfig                             0x08001d5b   Thumb Code    26  stm32f10x_rcc.o(.text)
    RCC_USBCLKConfig                         0x08001d75   Thumb Code     8  stm32f10x_rcc.o(.text)
    RCC_ADCCLKConfig                         0x08001d7d   Thumb Code    18  stm32f10x_rcc.o(.text)
    RCC_LSEConfig                            0x08001d8f   Thumb Code    50  stm32f10x_rcc.o(.text)
    RCC_LSICmd                               0x08001dc1   Thumb Code     6  stm32f10x_rcc.o(.text)
    RCC_RTCCLKConfig                         0x08001dc7   Thumb Code    12  stm32f10x_rcc.o(.text)
    RCC_RTCCLKCmd                            0x08001dd3   Thumb Code     8  stm32f10x_rcc.o(.text)
    RCC_GetClocksFreq                        0x08001ddb   Thumb Code   192  stm32f10x_rcc.o(.text)
    RCC_AHBPeriphClockCmd                    0x08001e9b   Thumb Code    26  stm32f10x_rcc.o(.text)
    RCC_APB2PeriphClockCmd                   0x08001eb5   Thumb Code    26  stm32f10x_rcc.o(.text)
    RCC_APB1PeriphClockCmd                   0x08001ecf   Thumb Code    26  stm32f10x_rcc.o(.text)
    RCC_APB2PeriphResetCmd                   0x08001ee9   Thumb Code    26  stm32f10x_rcc.o(.text)
    RCC_APB1PeriphResetCmd                   0x08001f03   Thumb Code    26  stm32f10x_rcc.o(.text)
    RCC_BackupResetCmd                       0x08001f1d   Thumb Code     8  stm32f10x_rcc.o(.text)
    RCC_ClockSecuritySystemCmd               0x08001f25   Thumb Code     6  stm32f10x_rcc.o(.text)
    RCC_MCOConfig                            0x08001f2b   Thumb Code     6  stm32f10x_rcc.o(.text)
    RCC_ClearFlag                            0x08001f31   Thumb Code    14  stm32f10x_rcc.o(.text)
    RCC_GetITStatus                          0x08001f3f   Thumb Code    20  stm32f10x_rcc.o(.text)
    RCC_ClearITPendingBit                    0x08001f53   Thumb Code     6  stm32f10x_rcc.o(.text)
    USART_DeInit                             0x08001f7d   Thumb Code   134  stm32f10x_usart.o(.text)
    USART_Init                               0x08002003   Thumb Code   210  stm32f10x_usart.o(.text)
    USART_StructInit                         0x080020d5   Thumb Code    24  stm32f10x_usart.o(.text)
    USART_ClockInit                          0x080020ed   Thumb Code    34  stm32f10x_usart.o(.text)
    USART_ClockStructInit                    0x0800210f   Thumb Code    12  stm32f10x_usart.o(.text)
    USART_Cmd                                0x0800211b   Thumb Code    24  stm32f10x_usart.o(.text)
    USART_ITConfig                           0x08002133   Thumb Code    74  stm32f10x_usart.o(.text)
    USART_DMACmd                             0x0800217d   Thumb Code    18  stm32f10x_usart.o(.text)
    USART_SetAddress                         0x0800218f   Thumb Code    18  stm32f10x_usart.o(.text)
    USART_WakeUpConfig                       0x080021a1   Thumb Code    18  stm32f10x_usart.o(.text)
    USART_ReceiverWakeUpCmd                  0x080021b3   Thumb Code    24  stm32f10x_usart.o(.text)
    USART_LINBreakDetectLengthConfig         0x080021cb   Thumb Code    18  stm32f10x_usart.o(.text)
    USART_LINCmd                             0x080021dd   Thumb Code    24  stm32f10x_usart.o(.text)
    USART_SendData                           0x080021f5   Thumb Code     8  stm32f10x_usart.o(.text)
    USART_ReceiveData                        0x080021fd   Thumb Code    10  stm32f10x_usart.o(.text)
    USART_SendBreak                          0x08002207   Thumb Code    10  stm32f10x_usart.o(.text)
    USART_SetGuardTime                       0x08002211   Thumb Code    16  stm32f10x_usart.o(.text)
    USART_SetPrescaler                       0x08002221   Thumb Code    16  stm32f10x_usart.o(.text)
    USART_SmartCardCmd                       0x08002231   Thumb Code    24  stm32f10x_usart.o(.text)
    USART_SmartCardNACKCmd                   0x08002249   Thumb Code    24  stm32f10x_usart.o(.text)
    USART_HalfDuplexCmd                      0x08002261   Thumb Code    24  stm32f10x_usart.o(.text)
    USART_OverSampling8Cmd                   0x08002279   Thumb Code    22  stm32f10x_usart.o(.text)
    USART_OneBitMethodCmd                    0x0800228f   Thumb Code    24  stm32f10x_usart.o(.text)
    USART_IrDAConfig                         0x080022a7   Thumb Code    18  stm32f10x_usart.o(.text)
    USART_IrDACmd                            0x080022b9   Thumb Code    24  stm32f10x_usart.o(.text)
    USART_GetFlagStatus                      0x080022d1   Thumb Code    26  stm32f10x_usart.o(.text)
    USART_ClearFlag                          0x080022eb   Thumb Code    18  stm32f10x_usart.o(.text)
    USART_GetITStatus                        0x080022fd   Thumb Code    84  stm32f10x_usart.o(.text)
    USART_ClearITPendingBit                  0x08002351   Thumb Code    52  stm32f10x_usart.o(.text)
    TIM_DeInit                               0x08002385   Thumb Code   424  stm32f10x_tim.o(.text)
    TIM_TimeBaseInit                         0x0800252d   Thumb Code   122  stm32f10x_tim.o(.text)
    TIM_OC1Init                              0x080025a7   Thumb Code   132  stm32f10x_tim.o(.text)
    TIM_OC2Init                              0x0800262b   Thumb Code   154  stm32f10x_tim.o(.text)
    TIM_OC3Init                              0x080026c5   Thumb Code   150  stm32f10x_tim.o(.text)
    TIM_OC4Init                              0x0800275b   Thumb Code   182  stm32f10x_tim.o(.text)
    TIM_SetIC4Prescaler                      0x08002811   Thumb Code    26  stm32f10x_tim.o(.text)
    TIM_SetIC3Prescaler                      0x080028ad   Thumb Code    18  stm32f10x_tim.o(.text)
    TIM_SetIC2Prescaler                      0x08002939   Thumb Code    26  stm32f10x_tim.o(.text)
    TIM_SetIC1Prescaler                      0x080029d5   Thumb Code    18  stm32f10x_tim.o(.text)
    TIM_ICInit                               0x08002a53   Thumb Code   150  stm32f10x_tim.o(.text)
    TIM_PWMIConfig                           0x08002ae9   Thumb Code   124  stm32f10x_tim.o(.text)
    TIM_BDTRConfig                           0x08002b65   Thumb Code    32  stm32f10x_tim.o(.text)
    TIM_TimeBaseStructInit                   0x08002b85   Thumb Code    18  stm32f10x_tim.o(.text)
    TIM_OCStructInit                         0x08002b97   Thumb Code    20  stm32f10x_tim.o(.text)
    TIM_ICStructInit                         0x08002bab   Thumb Code    18  stm32f10x_tim.o(.text)
    TIM_BDTRStructInit                       0x08002bbd   Thumb Code    40  stm32f10x_tim.o(.text)
    TIM_Cmd                                  0x08002be5   Thumb Code    24  stm32f10x_tim.o(.text)
    TIM_CtrlPWMOutputs                       0x08002bfd   Thumb Code    30  stm32f10x_tim.o(.text)
    TIM_ITConfig                             0x08002c1b   Thumb Code    18  stm32f10x_tim.o(.text)
    TIM_GenerateEvent                        0x08002c2d   Thumb Code     4  stm32f10x_tim.o(.text)
    TIM_DMAConfig                            0x08002c31   Thumb Code    10  stm32f10x_tim.o(.text)
    TIM_DMACmd                               0x08002c3b   Thumb Code    18  stm32f10x_tim.o(.text)
    TIM_InternalClockConfig                  0x08002c4d   Thumb Code    12  stm32f10x_tim.o(.text)
    TIM_SelectInputTrigger                   0x08002c59   Thumb Code    18  stm32f10x_tim.o(.text)
    TIM_ITRxExternalClockConfig              0x08002c6b   Thumb Code    24  stm32f10x_tim.o(.text)
    TIM_TIxExternalClockConfig               0x08002c83   Thumb Code    62  stm32f10x_tim.o(.text)
    TIM_ETRConfig                            0x08002cc1   Thumb Code    28  stm32f10x_tim.o(.text)
    TIM_ETRClockMode1Config                  0x08002cdd   Thumb Code    54  stm32f10x_tim.o(.text)
    TIM_ETRClockMode2Config                  0x08002d13   Thumb Code    32  stm32f10x_tim.o(.text)
    TIM_PrescalerConfig                      0x08002d33   Thumb Code     6  stm32f10x_tim.o(.text)
    TIM_CounterModeConfig                    0x08002d39   Thumb Code    18  stm32f10x_tim.o(.text)
    TIM_EncoderInterfaceConfig               0x08002d4b   Thumb Code    66  stm32f10x_tim.o(.text)
    TIM_ForcedOC1Config                      0x08002d8d   Thumb Code    18  stm32f10x_tim.o(.text)
    TIM_ForcedOC2Config                      0x08002d9f   Thumb Code    26  stm32f10x_tim.o(.text)
    TIM_ForcedOC3Config                      0x08002db9   Thumb Code    18  stm32f10x_tim.o(.text)
    TIM_ForcedOC4Config                      0x08002dcb   Thumb Code    26  stm32f10x_tim.o(.text)
    TIM_ARRPreloadConfig                     0x08002de5   Thumb Code    24  stm32f10x_tim.o(.text)
    TIM_SelectCOM                            0x08002dfd   Thumb Code    24  stm32f10x_tim.o(.text)
    TIM_SelectCCDMA                          0x08002e15   Thumb Code    24  stm32f10x_tim.o(.text)
    TIM_CCPreloadControl                     0x08002e2d   Thumb Code    24  stm32f10x_tim.o(.text)
    TIM_OC1PreloadConfig                     0x08002e45   Thumb Code    18  stm32f10x_tim.o(.text)
    TIM_OC2PreloadConfig                     0x08002e57   Thumb Code    26  stm32f10x_tim.o(.text)
    TIM_OC3PreloadConfig                     0x08002e71   Thumb Code    18  stm32f10x_tim.o(.text)
    TIM_OC4PreloadConfig                     0x08002e83   Thumb Code    26  stm32f10x_tim.o(.text)
    TIM_OC1FastConfig                        0x08002e9d   Thumb Code    18  stm32f10x_tim.o(.text)
    TIM_OC2FastConfig                        0x08002eaf   Thumb Code    26  stm32f10x_tim.o(.text)
    TIM_OC3FastConfig                        0x08002ec9   Thumb Code    18  stm32f10x_tim.o(.text)
    TIM_OC4FastConfig                        0x08002edb   Thumb Code    26  stm32f10x_tim.o(.text)
    TIM_ClearOC1Ref                          0x08002ef5   Thumb Code    18  stm32f10x_tim.o(.text)
    TIM_ClearOC2Ref                          0x08002f07   Thumb Code    24  stm32f10x_tim.o(.text)
    TIM_ClearOC3Ref                          0x08002f1f   Thumb Code    18  stm32f10x_tim.o(.text)
    TIM_ClearOC4Ref                          0x08002f31   Thumb Code    24  stm32f10x_tim.o(.text)
    TIM_OC1PolarityConfig                    0x08002f49   Thumb Code    18  stm32f10x_tim.o(.text)
    TIM_OC1NPolarityConfig                   0x08002f5b   Thumb Code    18  stm32f10x_tim.o(.text)
    TIM_OC2PolarityConfig                    0x08002f6d   Thumb Code    26  stm32f10x_tim.o(.text)
    TIM_OC2NPolarityConfig                   0x08002f87   Thumb Code    26  stm32f10x_tim.o(.text)
    TIM_OC3PolarityConfig                    0x08002fa1   Thumb Code    26  stm32f10x_tim.o(.text)
    TIM_OC3NPolarityConfig                   0x08002fbb   Thumb Code    26  stm32f10x_tim.o(.text)
    TIM_OC4PolarityConfig                    0x08002fd5   Thumb Code    26  stm32f10x_tim.o(.text)
    TIM_CCxCmd                               0x08002fef   Thumb Code    30  stm32f10x_tim.o(.text)
    TIM_CCxNCmd                              0x0800300d   Thumb Code    30  stm32f10x_tim.o(.text)
    TIM_SelectOCxM                           0x0800302b   Thumb Code    82  stm32f10x_tim.o(.text)
    TIM_UpdateDisableConfig                  0x0800307d   Thumb Code    24  stm32f10x_tim.o(.text)
    TIM_UpdateRequestConfig                  0x08003095   Thumb Code    24  stm32f10x_tim.o(.text)
    TIM_SelectHallSensor                     0x080030ad   Thumb Code    24  stm32f10x_tim.o(.text)
    TIM_SelectOnePulseMode                   0x080030c5   Thumb Code    18  stm32f10x_tim.o(.text)
    TIM_SelectOutputTrigger                  0x080030d7   Thumb Code    18  stm32f10x_tim.o(.text)
    TIM_SelectSlaveMode                      0x080030e9   Thumb Code    18  stm32f10x_tim.o(.text)
    TIM_SelectMasterSlaveMode                0x080030fb   Thumb Code    18  stm32f10x_tim.o(.text)
    TIM_SetCounter                           0x0800310d   Thumb Code     4  stm32f10x_tim.o(.text)
    TIM_SetAutoreload                        0x08003111   Thumb Code     4  stm32f10x_tim.o(.text)
    TIM_SetCompare1                          0x08003115   Thumb Code     4  stm32f10x_tim.o(.text)
    TIM_SetCompare2                          0x08003119   Thumb Code     4  stm32f10x_tim.o(.text)
    TIM_SetCompare3                          0x0800311d   Thumb Code     4  stm32f10x_tim.o(.text)
    TIM_SetCompare4                          0x08003121   Thumb Code     6  stm32f10x_tim.o(.text)
    TIM_SetClockDivision                     0x08003127   Thumb Code    18  stm32f10x_tim.o(.text)
    TIM_GetCapture1                          0x08003139   Thumb Code     6  stm32f10x_tim.o(.text)
    TIM_GetCapture2                          0x0800313f   Thumb Code     6  stm32f10x_tim.o(.text)
    TIM_GetCapture3                          0x08003145   Thumb Code     6  stm32f10x_tim.o(.text)
    TIM_GetCapture4                          0x0800314b   Thumb Code     8  stm32f10x_tim.o(.text)
    TIM_GetCounter                           0x08003153   Thumb Code     6  stm32f10x_tim.o(.text)
    TIM_GetPrescaler                         0x08003159   Thumb Code     6  stm32f10x_tim.o(.text)
    TIM_GetFlagStatus                        0x0800315f   Thumb Code    18  stm32f10x_tim.o(.text)
    TIM_ClearFlag                            0x08003171   Thumb Code     6  stm32f10x_tim.o(.text)
    TIM_GetITStatus                          0x08003177   Thumb Code    34  stm32f10x_tim.o(.text)
    TIM_ClearITPendingBit                    0x08003199   Thumb Code     6  stm32f10x_tim.o(.text)
    EXTI_DeInit                              0x080031a1   Thumb Code    28  stm32f10x_exti.o(.text)
    EXTI_Init                                0x080031bd   Thumb Code   142  stm32f10x_exti.o(.text)
    EXTI_StructInit                          0x0800324b   Thumb Code    16  stm32f10x_exti.o(.text)
    EXTI_GenerateSWInterrupt                 0x0800325b   Thumb Code    16  stm32f10x_exti.o(.text)
    EXTI_GetFlagStatus                       0x0800326b   Thumb Code    22  stm32f10x_exti.o(.text)
    EXTI_ClearFlag                           0x08003281   Thumb Code     8  stm32f10x_exti.o(.text)
    EXTI_GetITStatus                         0x08003289   Thumb Code    34  stm32f10x_exti.o(.text)
    EXTI_ClearITPendingBit                   0x080032ab   Thumb Code     8  stm32f10x_exti.o(.text)
    vListInitialise                          0x080032bd   Thumb Code    26  list.o(.text)
    vListInitialiseItem                      0x080032d7   Thumb Code     6  list.o(.text)
    vListInsertEnd                           0x080032dd   Thumb Code    24  list.o(.text)
    vListInsert                              0x080032f5   Thumb Code    52  list.o(.text)
    uxListRemove                             0x08003329   Thumb Code    40  list.o(.text)
    xQueueGenericReset                       0x08003351   Thumb Code   136  queue.o(.text)
    xQueueGenericCreate                      0x08003407   Thumb Code    78  queue.o(.text)
    xQueueGenericSend                        0x080035fd   Thumb Code   456  queue.o(.text)
    xQueueCreateMutex                        0x080037e1   Thumb Code    34  queue.o(.text)
    xQueueGiveMutexRecursive                 0x08003803   Thumb Code    66  queue.o(.text)
    xQueueGenericReceive                     0x08003889   Thumb Code   428  queue.o(.text)
    xQueueTakeMutexRecursive                 0x08003a35   Thumb Code    76  queue.o(.text)
    xQueueCreateCountingSemaphore            0x08003a81   Thumb Code    80  queue.o(.text)
    xQueueGenericSendFromISR                 0x08003ad1   Thumb Code   252  queue.o(.text)
    xQueueGiveFromISR                        0x08003bcd   Thumb Code   228  queue.o(.text)
    xQueueReceiveFromISR                     0x08003cb1   Thumb Code   190  queue.o(.text)
    xQueuePeekFromISR                        0x08003d6f   Thumb Code   158  queue.o(.text)
    uxQueueMessagesWaiting                   0x08003e0d   Thumb Code    36  queue.o(.text)
    uxQueueSpacesAvailable                   0x08003e31   Thumb Code    42  queue.o(.text)
    uxQueueMessagesWaitingFromISR            0x08003e5b   Thumb Code    28  queue.o(.text)
    vQueueUnregisterQueue                    0x08003e77   Thumb Code    44  queue.o(.text)
    vQueueDelete                             0x08003ea3   Thumb Code    38  queue.o(.text)
    uxQueueGetQueueNumber                    0x08003ec9   Thumb Code     6  queue.o(.text)
    vQueueSetQueueNumber                     0x08003ecf   Thumb Code     4  queue.o(.text)
    ucQueueGetQueueType                      0x08003ed3   Thumb Code     8  queue.o(.text)
    xQueueIsQueueEmptyFromISR                0x08003edb   Thumb Code    36  queue.o(.text)
    xQueueIsQueueFullFromISR                 0x08003eff   Thumb Code    40  queue.o(.text)
    vQueueAddToRegistry                      0x08003f27   Thumb Code    38  queue.o(.text)
    pcQueueGetName                           0x08003f4d   Thumb Code    38  queue.o(.text)
    vQueueWaitForMessageRestricted           0x08003f73   Thumb Code    74  queue.o(.text)
    xQueueCreateSet                          0x08003fbd   Thumb Code    20  queue.o(.text)
    xQueueAddToSet                           0x08003fd1   Thumb Code    38  queue.o(.text)
    xQueueRemoveFromSet                      0x08003ff7   Thumb Code    48  queue.o(.text)
    xQueueSelectFromSet                      0x08004027   Thumb Code    26  queue.o(.text)
    xQueueSelectFromSetFromISR               0x08004041   Thumb Code    22  queue.o(.text)
    xTaskCreate                              0x080041eb   Thumb Code    96  tasks.o(.text)
    vTaskDelete                              0x08004287   Thumb Code   192  tasks.o(.text)
    xTaskIncrementTick                       0x08004347   Thumb Code   384  tasks.o(.text)
    xTaskResumeAll                           0x080044c7   Thumb Code   218  tasks.o(.text)
    vTaskSuspendAll                          0x0800461d   Thumb Code    12  tasks.o(.text)
    vTaskDelayUntil                          0x08004629   Thumb Code   182  tasks.o(.text)
    vTaskDelay                               0x080046df   Thumb Code    76  tasks.o(.text)
    eTaskGetState                            0x0800472b   Thumb Code   106  tasks.o(.text)
    uxTaskPriorityGet                        0x08004795   Thumb Code    30  tasks.o(.text)
    uxTaskPriorityGetFromISR                 0x080047b3   Thumb Code    62  tasks.o(.text)
    vTaskPrioritySet                         0x080047f1   Thumb Code   314  tasks.o(.text)
    vTaskSwitchContext                       0x0800492b   Thumb Code   168  tasks.o(.text)
    vTaskSuspend                             0x080049d3   Thumb Code   190  tasks.o(.text)
    vTaskResume                              0x08004add   Thumb Code   122  tasks.o(.text)
    xTaskResumeFromISR                       0x08004b57   Thumb Code   152  tasks.o(.text)
    vTaskStartScheduler                      0x08004c65   Thumb Code   202  tasks.o(.text)
    vTaskEndScheduler                        0x08004d2f   Thumb Code    32  tasks.o(.text)
    xTaskGetTickCount                        0x08004d4f   Thumb Code     6  tasks.o(.text)
    xTaskGetTickCountFromISR                 0x08004d55   Thumb Code    16  tasks.o(.text)
    uxTaskGetNumberOfTasks                   0x08004d65   Thumb Code     6  tasks.o(.text)
    pcTaskGetName                            0x08004d6b   Thumb Code    40  tasks.o(.text)
    vTaskGetInfo                             0x08004da9   Thumb Code   114  tasks.o(.text)
    uxTaskGetSystemState                     0x08004e85   Thumb Code   156  tasks.o(.text)
    vTaskPlaceOnEventList                    0x08004f21   Thumb Code    46  tasks.o(.text)
    vTaskPlaceOnUnorderedEventList           0x08004f4f   Thumb Code    88  tasks.o(.text)
    vTaskPlaceOnEventListRestricted          0x08004fa7   Thumb Code    54  tasks.o(.text)
    xTaskRemoveFromEventList                 0x08004fdd   Thumb Code   122  tasks.o(.text)
    xTaskRemoveFromUnorderedEventList        0x08005057   Thumb Code   142  tasks.o(.text)
    vTaskSetTimeOutState                     0x080050e5   Thumb Code    36  tasks.o(.text)
    xTaskCheckForTimeOut                     0x08005109   Thumb Code   186  tasks.o(.text)
    vTaskMissedYield                         0x080051c3   Thumb Code     8  tasks.o(.text)
    uxTaskGetTaskNumber                      0x080051cb   Thumb Code    14  tasks.o(.text)
    vTaskSetTaskNumber                       0x080051d9   Thumb Code     8  tasks.o(.text)
    xTaskGetCurrentTaskHandle                0x080051e1   Thumb Code     6  tasks.o(.text)
    xTaskGetSchedulerState                   0x080051e7   Thumb Code    24  tasks.o(.text)
    vTaskPriorityInherit                     0x080051ff   Thumb Code   164  tasks.o(.text)
    xTaskPriorityDisinherit                  0x080052a3   Thumb Code   176  tasks.o(.text)
    vTaskList                                0x0800537d   Thumb Code   204  tasks.o(.text)
    vTaskGetRunTimeStats                     0x08005449   Thumb Code   182  tasks.o(.text)
    uxTaskResetEventItemValue                0x080054ff   Thumb Code    24  tasks.o(.text)
    pvTaskIncrementMutexHeldCount            0x08005517   Thumb Code    26  tasks.o(.text)
    ulTaskNotifyTake                         0x08005531   Thumb Code   190  tasks.o(.text)
    xTaskNotifyWait                          0x080055ef   Thumb Code   150  tasks.o(.text)
    xTaskGenericNotify                       0x08005685   Thumb Code   226  tasks.o(.text)
    xTaskGenericNotifyFromISR                0x08005767   Thumb Code   282  tasks.o(.text)
    vTaskNotifyGiveFromISR                   0x08005881   Thumb Code   200  tasks.o(.text)
    xTaskNotifyStateClear                    0x08005949   Thumb Code    48  tasks.o(.text)
    xTimerGenericCommand                     0x080059e9   Thumb Code   118  timers.o(.text)
    xTimerCreateTimerTask                    0x08005d51   Thumb Code    54  timers.o(.text)
    xTimerCreate                             0x08005e2d   Thumb Code    48  timers.o(.text)
    xTimerGetTimerDaemonTaskHandle           0x08005e5d   Thumb Code    38  timers.o(.text)
    xTimerGetPeriod                          0x08005e83   Thumb Code    28  timers.o(.text)
    xTimerGetExpiryTime                      0x08005e9f   Thumb Code    30  timers.o(.text)
    pcTimerGetName                           0x08005ebd   Thumb Code    28  timers.o(.text)
    xTimerIsTimerActive                      0x08005ed9   Thumb Code    50  timers.o(.text)
    pvTimerGetTimerID                        0x08005f0b   Thumb Code    38  timers.o(.text)
    vTimerSetTimerID                         0x08005f31   Thumb Code    38  timers.o(.text)
    xTimerPendFunctionCallFromISR            0x08005f57   Thumb Code    48  timers.o(.text)
    xTimerPendFunctionCall                   0x08005f87   Thumb Code    70  timers.o(.text)
    pxPortInitialiseStack                    0x08006005   Thumb Code    30  port.o(.text)
    vPortSetupTimerInterrupt                 0x08006023   Thumb Code    26  port.o(.text)
    xPortStartScheduler                      0x0800603d   Thumb Code   140  port.o(.text)
    vPortEndScheduler                        0x080060c9   Thumb Code    34  port.o(.text)
    vPortEnterCritical                       0x080060eb   Thumb Code    70  port.o(.text)
    vPortExitCritical                        0x08006131   Thumb Code    48  port.o(.text)
    xPortSysTickHandler                      0x08006161   Thumb Code    48  port.o(.text)
    vPortValidateInterruptPriority           0x08006191   Thumb Code    88  port.o(.text)
    pvPortMalloc                             0x08006303   Thumb Code   262  heap_4.o(.text)
    vPortFree                                0x08006409   Thumb Code   120  heap_4.o(.text)
    xPortGetFreeHeapSize                     0x08006481   Thumb Code     6  heap_4.o(.text)
    xPortGetMinimumEverFreeHeapSize          0x08006487   Thumb Code     6  heap_4.o(.text)
    vPortInitialiseBlocks                    0x0800648d   Thumb Code     2  heap_4.o(.text)
    mymemcpy                                 0x080064e1   Thumb Code    26  malloc.o(.text)
    mymemcmp                                 0x080064fb   Thumb Code    20  malloc.o(.text)
    mymemset                                 0x0800650f   Thumb Code    20  malloc.o(.text)
    my_mem_init                              0x08006523   Thumb Code    54  malloc.o(.text)
    my_mem_perused                           0x08006559   Thumb Code    54  malloc.o(.text)
    my_mem_malloc                            0x0800658f   Thumb Code   154  malloc.o(.text)
    my_mem_free                              0x08006629   Thumb Code    94  malloc.o(.text)
    myfree                                   0x08006687   Thumb Code    32  malloc.o(.text)
    mymalloc                                 0x080066a7   Thumb Code    36  malloc.o(.text)
    myrealloc                                0x080066cb   Thumb Code    68  malloc.o(.text)
    cJSON_GetErrorPtr                        0x08006721   Thumb Code    12  cjson.o(.text)
    cJSON_IsString                           0x0800672d   Thumb Code    22  cjson.o(.text)
    cJSON_GetStringValue                     0x08006743   Thumb Code    20  cjson.o(.text)
    cJSON_Version                            0x08006757   Thumb Code    22  cjson.o(.text)
    cJSON_InitHooks                          0x080067ed   Thumb Code    82  cjson.o(.text)
    cJSON_Delete                             0x08006859   Thumb Code    84  cjson.o(.text)
    cJSON_SetNumberHelper                    0x080069db   Thumb Code    72  cjson.o(.text)
    cJSON_ParseWithOpts                      0x08007497   Thumb Code   204  cjson.o(.text)
    cJSON_Parse                              0x08007563   Thumb Code    16  cjson.o(.text)
    cJSON_Print                              0x08007947   Thumb Code    16  cjson.o(.text)
    cJSON_PrintUnformatted                   0x08007957   Thumb Code    16  cjson.o(.text)
    cJSON_PrintBuffered                      0x08007967   Thumb Code    90  cjson.o(.text)
    cJSON_PrintPreallocated                  0x080079c1   Thumb Code    64  cjson.o(.text)
    cJSON_GetArraySize                       0x08007a01   Thumb Code    28  cjson.o(.text)
    cJSON_GetArrayItem                       0x08007a3b   Thumb Code    24  cjson.o(.text)
    cJSON_GetObjectItem                      0x08007aa5   Thumb Code    18  cjson.o(.text)
    cJSON_GetObjectItemCaseSensitive         0x08007ab7   Thumb Code    18  cjson.o(.text)
    cJSON_HasObjectItem                      0x08007ac9   Thumb Code    24  cjson.o(.text)
    cJSON_AddItemToArray                     0x08007b51   Thumb Code    16  cjson.o(.text)
    cJSON_AddItemToObject                    0x08007bd9   Thumb Code    26  cjson.o(.text)
    cJSON_AddItemToObjectCS                  0x08007bf3   Thumb Code    26  cjson.o(.text)
    cJSON_AddItemReferenceToArray            0x08007c0d   Thumb Code    32  cjson.o(.text)
    cJSON_AddItemReferenceToObject           0x08007c2d   Thumb Code    44  cjson.o(.text)
    cJSON_CreateNull                         0x08007c59   Thumb Code    20  cjson.o(.text)
    cJSON_AddNullToObject                    0x08007c6d   Thumb Code    44  cjson.o(.text)
    cJSON_CreateTrue                         0x08007c99   Thumb Code    20  cjson.o(.text)
    cJSON_AddTrueToObject                    0x08007cad   Thumb Code    44  cjson.o(.text)
    cJSON_CreateFalse                        0x08007cd9   Thumb Code    20  cjson.o(.text)
    cJSON_AddFalseToObject                   0x08007ced   Thumb Code    44  cjson.o(.text)
    cJSON_CreateBool                         0x08007d19   Thumb Code    32  cjson.o(.text)
    cJSON_AddBoolToObject                    0x08007d39   Thumb Code    48  cjson.o(.text)
    cJSON_CreateNumber                       0x08007d69   Thumb Code    82  cjson.o(.text)
    cJSON_AddNumberToObject                  0x08007dbb   Thumb Code    56  cjson.o(.text)
    cJSON_CreateString                       0x08007df3   Thumb Code    46  cjson.o(.text)
    cJSON_AddStringToObject                  0x08007e21   Thumb Code    48  cjson.o(.text)
    cJSON_CreateRaw                          0x08007e51   Thumb Code    46  cjson.o(.text)
    cJSON_AddRawToObject                     0x08007e7f   Thumb Code    48  cjson.o(.text)
    cJSON_CreateObject                       0x08007eaf   Thumb Code    20  cjson.o(.text)
    cJSON_AddObjectToObject                  0x08007ec3   Thumb Code    44  cjson.o(.text)
    cJSON_CreateArray                        0x08007eef   Thumb Code    20  cjson.o(.text)
    cJSON_AddArrayToObject                   0x08007f03   Thumb Code    44  cjson.o(.text)
    cJSON_DetachItemViaPointer               0x08007f2f   Thumb Code    50  cjson.o(.text)
    cJSON_DetachItemFromArray                0x08007f61   Thumb Code    34  cjson.o(.text)
    cJSON_DeleteItemFromArray                0x08007f83   Thumb Code    22  cjson.o(.text)
    cJSON_DetachItemFromObject               0x08007f99   Thumb Code    26  cjson.o(.text)
    cJSON_DetachItemFromObjectCaseSensitive  0x08007fb3   Thumb Code    26  cjson.o(.text)
    cJSON_DeleteItemFromObject               0x08007fcd   Thumb Code    22  cjson.o(.text)
    cJSON_DeleteItemFromObjectCaseSensitive  0x08007fe3   Thumb Code    22  cjson.o(.text)
    cJSON_InsertItemInArray                  0x08007ff9   Thumb Code    68  cjson.o(.text)
    cJSON_ReplaceItemViaPointer              0x0800803d   Thumb Code    74  cjson.o(.text)
    cJSON_ReplaceItemInArray                 0x08008087   Thumb Code    42  cjson.o(.text)
    cJSON_free                               0x080080b1   Thumb Code    14  cjson.o(.text)
    cJSON_ReplaceItemInObject                0x08008113   Thumb Code    38  cjson.o(.text)
    cJSON_ReplaceItemInObjectCaseSensitive   0x08008139   Thumb Code    22  cjson.o(.text)
    cJSON_CreateStringReference              0x0800814f   Thumb Code    32  cjson.o(.text)
    cJSON_CreateObjectReference              0x0800816f   Thumb Code    32  cjson.o(.text)
    cJSON_CreateArrayReference               0x0800818f   Thumb Code    32  cjson.o(.text)
    cJSON_CreateIntArray                     0x080081af   Thumb Code   102  cjson.o(.text)
    cJSON_CreateFloatArray                   0x08008215   Thumb Code   102  cjson.o(.text)
    cJSON_CreateDoubleArray                  0x0800827b   Thumb Code   100  cjson.o(.text)
    cJSON_CreateStringArray                  0x080082df   Thumb Code    94  cjson.o(.text)
    cJSON_Duplicate                          0x0800833d   Thumb Code   178  cjson.o(.text)
    cJSON_Minify                             0x080084bf   Thumb Code   158  cjson.o(.text)
    cJSON_IsInvalid                          0x0800855d   Thumb Code    20  cjson.o(.text)
    cJSON_IsFalse                            0x08008571   Thumb Code    20  cjson.o(.text)
    cJSON_IsTrue                             0x08008585   Thumb Code    22  cjson.o(.text)
    cJSON_IsBool                             0x0800859b   Thumb Code    24  cjson.o(.text)
    cJSON_IsNull                             0x080085b3   Thumb Code    22  cjson.o(.text)
    cJSON_IsNumber                           0x080085c9   Thumb Code    22  cjson.o(.text)
    cJSON_IsArray                            0x080085df   Thumb Code    22  cjson.o(.text)
    cJSON_IsObject                           0x080085f5   Thumb Code    22  cjson.o(.text)
    cJSON_IsRaw                              0x0800860b   Thumb Code    22  cjson.o(.text)
    cJSON_Compare                            0x08008621   Thumb Code   392  cjson.o(.text)
    cJSON_malloc                             0x080087a9   Thumb Code    14  cjson.o(.text)
    tolower                                  0x080087bd   Thumb Code    12  tolower.o(.text)
    __aeabi_memcpy                           0x080087c9   Thumb Code    36  memcpya.o(.text)
    __aeabi_memcpy4                          0x080087c9   Thumb Code     0  memcpya.o(.text)
    __aeabi_memcpy8                          0x080087c9   Thumb Code     0  memcpya.o(.text)
    __aeabi_memset                           0x080087ed   Thumb Code    14  memseta.o(.text)
    __aeabi_memset4                          0x080087ed   Thumb Code     0  memseta.o(.text)
    __aeabi_memset8                          0x080087ed   Thumb Code     0  memseta.o(.text)
    __aeabi_memclr                           0x080087fb   Thumb Code     4  memseta.o(.text)
    __aeabi_memclr4                          0x080087fb   Thumb Code     0  memseta.o(.text)
    __aeabi_memclr8                          0x080087fb   Thumb Code     0  memseta.o(.text)
    _memset$wrapper                          0x080087ff   Thumb Code    18  memseta.o(.text)
    strlen                                   0x08008811   Thumb Code    14  strlen.o(.text)
    strcmp                                   0x0800881f   Thumb Code    28  strcmp.o(.text)
    memcmp                                   0x0800883b   Thumb Code    26  memcmp.o(.text)
    strcpy                                   0x08008855   Thumb Code    18  strcpy.o(.text)
    strncmp                                  0x08008867   Thumb Code    30  strncmp.o(.text)
    __0sscanf                                0x08008885   Thumb Code    48  __0sscanf.o(.text)
    _scanf_real                              0x080089e5   Thumb Code     0  scanf_fp.o(.text)
    _scanf_really_real                       0x080089e5   Thumb Code   556  scanf_fp.o(.text)
    __aeabi_dmul                             0x08008c1d   Thumb Code   228  dmul.o(.text)
    __aeabi_ddiv                             0x08008d01   Thumb Code   222  ddiv.o(.text)
    __aeabi_i2d                              0x08008ddf   Thumb Code    34  dflti.o(.text)
    __aeabi_ui2d                             0x08008e01   Thumb Code    26  dfltui.o(.text)
    __aeabi_d2iz                             0x08008e1b   Thumb Code    62  dfixi.o(.text)
    __aeabi_f2d                              0x08008e59   Thumb Code    38  f2d.o(.text)
    __aeabi_cdcmpeq                          0x08008e81   Thumb Code     0  cdcmple.o(.text)
    __aeabi_cdcmple                          0x08008e81   Thumb Code    48  cdcmple.o(.text)
    __aeabi_cdrcmple                         0x08008eb1   Thumb Code    48  cdrcmple.o(.text)
    __aeabi_d2f                              0x08008ee1   Thumb Code    56  d2f.o(.text)
    __aeabi_cfrcmple                         0x08008f19   Thumb Code    20  cfrcmple.o(.text)
    __aeabi_uidiv                            0x08008f2d   Thumb Code     0  uidiv.o(.text)
    __aeabi_uidivmod                         0x08008f2d   Thumb Code    44  uidiv.o(.text)
    __aeabi_uldivmod                         0x08008f59   Thumb Code    98  uldiv.o(.text)
    __aeabi_llsr                             0x08008fbb   Thumb Code    32  llushr.o(.text)
    _ll_ushift_r                             0x08008fbb   Thumb Code     0  llushr.o(.text)
    __vfscanf_char                           0x08008fe9   Thumb Code    20  scanf_char.o(.text)
    _sgetc                                   0x08009005   Thumb Code    30  _sgetc.o(.text)
    _sbackspace                              0x08009023   Thumb Code    34  _sgetc.o(.text)
    __strtod_int                             0x0800907b   Thumb Code    90  strtod.o(.text)
    __I$use$fp                               0x080090e1   Thumb Code     0  iusefp.o(.text)
    _float_round                             0x080090e1   Thumb Code    18  fepilogue.o(.text)
    _float_epilogue                          0x080090f3   Thumb Code    92  fepilogue.o(.text)
    _double_round                            0x0800914f   Thumb Code    30  depilogue.o(.text)
    _double_epilogue                         0x0800916d   Thumb Code   156  depilogue.o(.text)
    __aeabi_dadd                             0x08009209   Thumb Code   322  dadd.o(.text)
    __aeabi_dsub                             0x0800934b   Thumb Code     6  dadd.o(.text)
    __aeabi_drsub                            0x08009351   Thumb Code     6  dadd.o(.text)
    __aeabi_ul2d                             0x08009357   Thumb Code    24  dfltul.o(.text)
    __aeabi_d2ulz                            0x0800936f   Thumb Code    48  dfixul.o(.text)
    __scatterload                            0x080093a1   Thumb Code    28  init.o(.text)
    __scatterload_rt2                        0x080093a1   Thumb Code     0  init.o(.text)
    __aeabi_llsl                             0x080093c5   Thumb Code    30  llshl.o(.text)
    _ll_shift_l                              0x080093c5   Thumb Code     0  llshl.o(.text)
    __aeabi_lasr                             0x080093e3   Thumb Code    36  llsshr.o(.text)
    _ll_sshift_r                             0x080093e3   Thumb Code     0  llsshr.o(.text)
    isspace                                  0x08009407   Thumb Code    10  isspace_c.o(.text)
    __vfscanf                                0x08009411   Thumb Code   808  _scanf.o(.text)
    __ctype_lookup                           0x0800973d   Thumb Code    34  ctype_c.o(.text)
    __decompress                             0x08009765   Thumb Code     0  __dczerorl2.o(.text)
    __decompress1                            0x08009765   Thumb Code    86  __dczerorl2.o(.text)
    __0printf                                0x080097bd   Thumb Code    22  printfa.o(i.__0printf)
    __1printf                                0x080097bd   Thumb Code     0  printfa.o(i.__0printf)
    __2printf                                0x080097bd   Thumb Code     0  printfa.o(i.__0printf)
    __c89printf                              0x080097bd   Thumb Code     0  printfa.o(i.__0printf)
    printf                                   0x080097bd   Thumb Code     0  printfa.o(i.__0printf)
    __0sprintf                               0x080097dd   Thumb Code    34  printfa.o(i.__0sprintf)
    __1sprintf                               0x080097dd   Thumb Code     0  printfa.o(i.__0sprintf)
    __2sprintf                               0x080097dd   Thumb Code     0  printfa.o(i.__0sprintf)
    __c89sprintf                             0x080097dd   Thumb Code     0  printfa.o(i.__0sprintf)
    sprintf                                  0x080097dd   Thumb Code     0  printfa.o(i.__0sprintf)
    free                                     0x08009805   Thumb Code    88  mallocr.o(i.__free$realloc)
    malloc                                   0x08009861   Thumb Code    64  mallocr.o(i.__malloc$realloc)
    __read_errno                             0x080098b1   Thumb Code     6  errno.o(i.__read_errno)
    __scatterload_copy                       0x080098bd   Thumb Code    14  handlers.o(i.__scatterload_copy)
    __scatterload_null                       0x080098cb   Thumb Code     2  handlers.o(i.__scatterload_null)
    __scatterload_zeroinit                   0x080098cd   Thumb Code    14  handlers.o(i.__scatterload_zeroinit)
    __set_errno                              0x080098dd   Thumb Code     6  errno.o(i.__set_errno)
    _is_digit                                0x08009a6d   Thumb Code    14  scanf_fp.o(i._is_digit)
    atof                                     0x0800a1b5   Thumb Code    42  atof.o(i.atof)
    realloc                                  0x0800a231   Thumb Code   102  mallocr.o(i.realloc)
    strtod                                   0x0800a29d   Thumb Code    28  strtod.o(i.strtod)
    memtblsize                               0x0800a2b8   Data           8  malloc.o(.constdata)
    memblksize                               0x0800a2c0   Data           8  malloc.o(.constdata)
    memsize                                  0x0800a2c8   Data           8  malloc.o(.constdata)
    __ctype_categories                       0x0800a2d0   Data          64  ctype_c.o(.constdata)
    Region$$Table$$Base                      0x0800a310   Number         0  anon$$obj.o(Region$$Table)
    Region$$Table$$Limit                     0x0800a330   Number         0  anon$$obj.o(Region$$Table)
    StartTask_Handler                        0x20000000   Data           4  main.o(.data)
    UartTask_Handler                         0x20000004   Data           4  main.o(.data)
    autoLoadTimeFlag                         0x20000008   Data           4  main.o(.data)
    TimerControlTask_Handler                 0x2000000c   Data           4  main.o(.data)
    MessageProcessTask_Handler               0x20000010   Data           4  main.o(.data)
    AutoReloadTimer_Handle                   0x20000014   Data           4  main.o(.data)
    SystemCoreClock                          0x20000018   Data           4  system_stm32f10x.o(.data)
    AHBPrescTable                            0x2000001c   Data          16  system_stm32f10x.o(.data)
    startScanFlag                            0x2000002c   Data           1  user_process.o(.data)
    heatBodyFlag                             0x2000002d   Data           1  user_process.o(.data)
    setingTempValue                          0x20000030   Data           4  user_process.o(.data)
    systemState                              0x20000034   Data           4  user_process.o(.data)
    CardCheckFlag                            0x2000003c   Data           1  exti.o(.data)
    Task2Task_Handler                        0x20000040   Data           4  exti.o(.data)
    FreeRTOSRunTimeTicks                     0x20000048   Data           8  timer.o(.data)
    __stdout                                 0x20000054   Data           4  usart.o(.data)
    uart1StartFlag                           0x20000058   Data           1  usart.o(.data)
    uart2StartFlag                           0x20000059   Data           1  usart.o(.data)
    uart1RxSta                               0x2000005a   Data           2  usart.o(.data)
    uart1ReciveSufixCount                    0x2000005c   Data           2  usart.o(.data)
    uart1RecivePrefixCount                   0x2000005e   Data           2  usart.o(.data)
    uart2RxSta                               0x20000060   Data           2  usart.o(.data)
    uart2ReciveSufixCount                    0x20000062   Data           2  usart.o(.data)
    uart2RecivePrefixCount                   0x20000064   Data           2  usart.o(.data)
    uart4RxSta                               0x20000066   Data           2  usart.o(.data)
    uart4ReciveSufixCount                    0x20000068   Data           2  usart.o(.data)
    uart4RecivePrefixCount                   0x2000006a   Data           2  usart.o(.data)
    pxCurrentTCB                             0x20000080   Data           4  tasks.o(.data)
    mallco_dev                               0x200000fc   Data          28  malloc.o(.data)
    __microlib_freelist                      0x2000012c   Data           4  mvars.o(.data)
    __microlib_freelist_initialised          0x20000130   Data           4  mvars.o(.data)
    uart1RxBuf                               0x20000138   Data         512  usart.o(.bss)
    uart2RxBuf                               0x20000338   Data         512  usart.o(.bss)
    uart4RxBuf                               0x20000538   Data         512  usart.o(.bss)
    xQueueRegistry                           0x20000738   Data          64  queue.o(.bss)
    mem1base                                 0x20004aa0   Data       20480  malloc.o(.bss)
    mem1mapbase                              0x20009aa0   Data        1280  malloc.o(.bss)
    __heap_base                              0x20009fb0   Data           0  startup_stm32f10x_hd.o(HEAP)
    __heap_limit                             0x2000afb0   Data           0  startup_stm32f10x_hd.o(HEAP)
    __initial_sp                             0x2000b3b0   Data           0  startup_stm32f10x_hd.o(STACK)
    mem2base                                 0x68000000   Data       983040  malloc.o(.ARM.__AT_0x68000000)
    mem2mapbase                              0x680f0000   Data       61440  malloc.o(.ARM.__AT_0x680F0000)



==============================================================================

Memory Map of the image

  Image Entry point : 0x08000131

  Load Region LR_IROM1 (Base: 0x08000000, Size: 0x0000a468, Max: 0x00080000, ABSOLUTE, COMPRESSED[0x0000a374])

    Execution Region ER_IROM1 (Exec base: 0x08000000, Load base: 0x08000000, Size: 0x0000a330, Max: 0x00080000, ABSOLUTE)

    Exec Addr    Load Addr    Size         Type   Attr      Idx    E Section Name        Object

    0x08000000   0x08000000   0x00000130   Data   RO          434    RESET               startup_stm32f10x_hd.o
    0x08000130   0x08000130   0x00000000   Code   RO          752  * .ARM.Collect$$$$00000000  mc_w.l(entry.o)
    0x08000130   0x08000130   0x00000004   Code   RO         1088    .ARM.Collect$$$$00000001  mc_w.l(entry2.o)
    0x08000134   0x08000134   0x00000004   Code   RO         1091    .ARM.Collect$$$$00000004  mc_w.l(entry5.o)
    0x08000138   0x08000138   0x00000000   Code   RO         1093    .ARM.Collect$$$$00000008  mc_w.l(entry7b.o)
    0x08000138   0x08000138   0x00000000   Code   RO         1095    .ARM.Collect$$$$0000000A  mc_w.l(entry8b.o)
    0x08000138   0x08000138   0x00000008   Code   RO         1096    .ARM.Collect$$$$0000000B  mc_w.l(entry9a.o)
    0x08000140   0x08000140   0x00000000   Code   RO         1098    .ARM.Collect$$$$0000000D  mc_w.l(entry10a.o)
    0x08000140   0x08000140   0x00000000   Code   RO         1100    .ARM.Collect$$$$0000000F  mc_w.l(entry11a.o)
    0x08000140   0x08000140   0x00000004   Code   RO         1089    .ARM.Collect$$$$00002712  mc_w.l(entry2.o)
    0x08000144   0x08000144   0x00000096   Code   RO          638    .emb_text           port.o
    0x080001da   0x080001da   0x00000002   PAD
    0x080001dc   0x080001dc   0x00000224   Code   RO            1    .text               main.o
    0x08000400   0x08000400   0x00000014   Code   RO          187    .text               stm32f10x_it.o
    0x08000414   0x08000414   0x000001e0   Code   RO          228    .text               system_stm32f10x.o
    0x080005f4   0x080005f4   0x000006b8   Code   RO          246    .text               user_process.o
    0x08000cac   0x08000cac   0x00000034   Code   RO          285    .text               led.o
    0x08000ce0   0x08000ce0   0x000000cc   Code   RO          297    .text               key.o
    0x08000dac   0x08000dac   0x000000dc   Code   RO          310    .text               exti.o
    0x08000e88   0x08000e88   0x00000120   Code   RO          328    .text               timer.o
    0x08000fa8   0x08000fa8   0x00000180   Code   RO          349    .text               max6675.o
    0x08001128   0x08001128   0x00000104   Code   RO          361    .text               delay.o
    0x0800122c   0x0800122c   0x00000550   Code   RO          392    .text               usart.o
    0x0800177c   0x0800177c   0x00000024   Code   RO          435    .text               startup_stm32f10x_hd.o
    0x080017a0   0x080017a0   0x000000dc   Code   RO          439    .text               misc.o
    0x0800187c   0x0800187c   0x0000035c   Code   RO          451    .text               stm32f10x_gpio.o
    0x08001bd8   0x08001bd8   0x000003a4   Code   RO          463    .text               stm32f10x_rcc.o
    0x08001f7c   0x08001f7c   0x00000408   Code   RO          477    .text               stm32f10x_usart.o
    0x08002384   0x08002384   0x00000e1a   Code   RO          489    .text               stm32f10x_tim.o
    0x0800319e   0x0800319e   0x00000002   PAD
    0x080031a0   0x080031a0   0x0000011c   Code   RO          501    .text               stm32f10x_exti.o
    0x080032bc   0x080032bc   0x00000094   Code   RO          562    .text               list.o
    0x08003350   0x08003350   0x00000d0c   Code   RO          574    .text               queue.o
    0x0800405c   0x0800405c   0x0000193c   Code   RO          592    .text               tasks.o
    0x08005998   0x08005998   0x0000063c   Code   RO          623    .text               timers.o
    0x08005fd4   0x08005fd4   0x0000026c   Code   RO          639    .text               port.o
    0x08006240   0x08006240   0x000002a0   Code   RO          668    .text               heap_4.o
    0x080064e0   0x080064e0   0x00000240   Code   RO          683    .text               malloc.o
    0x08006720   0x08006720   0x0000209c   Code   RO          708    .text               cjson.o
    0x080087bc   0x080087bc   0x0000000c   Code   RO          755    .text               mc_w.l(tolower.o)
    0x080087c8   0x080087c8   0x00000024   Code   RO          757    .text               mc_w.l(memcpya.o)
    0x080087ec   0x080087ec   0x00000024   Code   RO          759    .text               mc_w.l(memseta.o)
    0x08008810   0x08008810   0x0000000e   Code   RO          761    .text               mc_w.l(strlen.o)
    0x0800881e   0x0800881e   0x0000001c   Code   RO          763    .text               mc_w.l(strcmp.o)
    0x0800883a   0x0800883a   0x0000001a   Code   RO          765    .text               mc_w.l(memcmp.o)
    0x08008854   0x08008854   0x00000012   Code   RO          767    .text               mc_w.l(strcpy.o)
    0x08008866   0x08008866   0x0000001e   Code   RO          769    .text               mc_w.l(strncmp.o)
    0x08008884   0x08008884   0x00000038   Code   RO         1062    .text               mc_w.l(__0sscanf.o)
    0x080088bc   0x080088bc   0x00000360   Code   RO         1064    .text               mc_w.l(scanf_fp.o)
    0x08008c1c   0x08008c1c   0x000000e4   Code   RO         1068    .text               mf_w.l(dmul.o)
    0x08008d00   0x08008d00   0x000000de   Code   RO         1070    .text               mf_w.l(ddiv.o)
    0x08008dde   0x08008dde   0x00000022   Code   RO         1072    .text               mf_w.l(dflti.o)
    0x08008e00   0x08008e00   0x0000001a   Code   RO         1074    .text               mf_w.l(dfltui.o)
    0x08008e1a   0x08008e1a   0x0000003e   Code   RO         1076    .text               mf_w.l(dfixi.o)
    0x08008e58   0x08008e58   0x00000026   Code   RO         1078    .text               mf_w.l(f2d.o)
    0x08008e7e   0x08008e7e   0x00000002   PAD
    0x08008e80   0x08008e80   0x00000030   Code   RO         1080    .text               mf_w.l(cdcmple.o)
    0x08008eb0   0x08008eb0   0x00000030   Code   RO         1082    .text               mf_w.l(cdrcmple.o)
    0x08008ee0   0x08008ee0   0x00000038   Code   RO         1084    .text               mf_w.l(d2f.o)
    0x08008f18   0x08008f18   0x00000014   Code   RO         1086    .text               mf_w.l(cfrcmple.o)
    0x08008f2c   0x08008f2c   0x0000002c   Code   RO         1102    .text               mc_w.l(uidiv.o)
    0x08008f58   0x08008f58   0x00000062   Code   RO         1104    .text               mc_w.l(uldiv.o)
    0x08008fba   0x08008fba   0x00000020   Code   RO         1106    .text               mc_w.l(llushr.o)
    0x08008fda   0x08008fda   0x00000002   PAD
    0x08008fdc   0x08008fdc   0x00000028   Code   RO         1117    .text               mc_w.l(scanf_char.o)
    0x08009004   0x08009004   0x00000040   Code   RO         1119    .text               mc_w.l(_sgetc.o)
    0x08009044   0x08009044   0x0000009c   Code   RO         1121    .text               mc_w.l(strtod.o)
    0x080090e0   0x080090e0   0x00000000   Code   RO         1123    .text               mc_w.l(iusefp.o)
    0x080090e0   0x080090e0   0x0000006e   Code   RO         1124    .text               mf_w.l(fepilogue.o)
    0x0800914e   0x0800914e   0x000000ba   Code   RO         1126    .text               mf_w.l(depilogue.o)
    0x08009208   0x08009208   0x0000014e   Code   RO         1128    .text               mf_w.l(dadd.o)
    0x08009356   0x08009356   0x00000018   Code   RO         1130    .text               mf_w.l(dfltul.o)
    0x0800936e   0x0800936e   0x00000030   Code   RO         1132    .text               mf_w.l(dfixul.o)
    0x0800939e   0x0800939e   0x00000002   PAD
    0x080093a0   0x080093a0   0x00000024   Code   RO         1134    .text               mc_w.l(init.o)
    0x080093c4   0x080093c4   0x0000001e   Code   RO         1136    .text               mc_w.l(llshl.o)
    0x080093e2   0x080093e2   0x00000024   Code   RO         1138    .text               mc_w.l(llsshr.o)
    0x08009406   0x08009406   0x0000000a   Code   RO         1140    .text               mc_w.l(isspace_c.o)
    0x08009410   0x08009410   0x0000032c   Code   RO         1142    .text               mc_w.l(_scanf.o)
    0x0800973c   0x0800973c   0x00000028   Code   RO         1144    .text               mc_w.l(ctype_c.o)
    0x08009764   0x08009764   0x00000056   Code   RO         1155    .text               mc_w.l(__dczerorl2.o)
    0x080097ba   0x080097ba   0x00000002   PAD
    0x080097bc   0x080097bc   0x00000020   Code   RO         1006    i.__0printf         mc_w.l(printfa.o)
    0x080097dc   0x080097dc   0x00000028   Code   RO         1008    i.__0sprintf        mc_w.l(printfa.o)
    0x08009804   0x08009804   0x0000005c   Code   RO         1038    i.__free$realloc    mc_w.l(mallocr.o)
    0x08009860   0x08009860   0x00000050   Code   RO         1039    i.__malloc$realloc  mc_w.l(mallocr.o)
    0x080098b0   0x080098b0   0x0000000c   Code   RO         1111    i.__read_errno      mc_w.l(errno.o)
    0x080098bc   0x080098bc   0x0000000e   Code   RO         1149    i.__scatterload_copy  mc_w.l(handlers.o)
    0x080098ca   0x080098ca   0x00000002   Code   RO         1150    i.__scatterload_null  mc_w.l(handlers.o)
    0x080098cc   0x080098cc   0x0000000e   Code   RO         1151    i.__scatterload_zeroinit  mc_w.l(handlers.o)
    0x080098da   0x080098da   0x00000002   PAD
    0x080098dc   0x080098dc   0x0000000c   Code   RO         1112    i.__set_errno       mc_w.l(errno.o)
    0x080098e8   0x080098e8   0x00000184   Code   RO         1013    i._fp_digits        mc_w.l(printfa.o)
    0x08009a6c   0x08009a6c   0x0000000e   Code   RO         1066    i._is_digit         mc_w.l(scanf_fp.o)
    0x08009a7a   0x08009a7a   0x00000002   PAD
    0x08009a7c   0x08009a7c   0x000006dc   Code   RO         1014    i._printf_core      mc_w.l(printfa.o)
    0x0800a158   0x0800a158   0x00000024   Code   RO         1015    i._printf_post_padding  mc_w.l(printfa.o)
    0x0800a17c   0x0800a17c   0x0000002e   Code   RO         1016    i._printf_pre_padding  mc_w.l(printfa.o)
    0x0800a1aa   0x0800a1aa   0x0000000a   Code   RO         1018    i._sputc            mc_w.l(printfa.o)
    0x0800a1b4   0x0800a1b4   0x0000002a   Code   RO          745    i.atof              m_ws.l(atof.o)
    0x0800a1de   0x0800a1de   0x00000002   PAD
    0x0800a1e0   0x0800a1e0   0x00000050   Code   RO         1040    i.internal_alloc    mc_w.l(mallocr.o)
    0x0800a230   0x0800a230   0x0000006c   Code   RO         1041    i.realloc           mc_w.l(mallocr.o)
    0x0800a29c   0x0800a29c   0x0000001c   Code   RO          749    i.strtod            m_ws.l(strtod.o)
    0x0800a2b8   0x0800a2b8   0x00000018   Data   RO          687    .constdata          malloc.o
    0x0800a2d0   0x0800a2d0   0x00000040   Data   RO         1145    .constdata          mc_w.l(ctype_c.o)
    0x0800a310   0x0800a310   0x00000020   Data   RO         1147    Region$$Table       anon$$obj.o


    Execution Region RW_IRAM1 (Exec base: 0x20000000, Load base: 0x0800a330, Size: 0x0000b3b0, Max: 0x00010000, ABSOLUTE, COMPRESSED[0x00000044])

    Exec Addr    Load Addr    Size         Type   Attr      Idx    E Section Name        Object

    0x20000000   COMPRESSED   0x00000018   Data   RW            2    .data               main.o
    0x20000018   COMPRESSED   0x00000014   Data   RW          229    .data               system_stm32f10x.o
    0x2000002c   COMPRESSED   0x0000000c   Data   RW          247    .data               user_process.o
    0x20000038   COMPRESSED   0x00000001   Data   RW          298    .data               key.o
    0x20000039   COMPRESSED   0x00000003   PAD
    0x2000003c   COMPRESSED   0x00000008   Data   RW          311    .data               exti.o
    0x20000044   COMPRESSED   0x00000004   PAD
    0x20000048   COMPRESSED   0x00000008   Data   RW          329    .data               timer.o
    0x20000050   COMPRESSED   0x00000004   Data   RW          362    .data               delay.o
    0x20000054   COMPRESSED   0x00000018   Data   RW          394    .data               usart.o
    0x2000006c   COMPRESSED   0x00000014   Data   RW          464    .data               stm32f10x_rcc.o
    0x20000080   COMPRESSED   0x00000044   Data   RW          594    .data               tasks.o
    0x200000c4   COMPRESSED   0x00000014   Data   RW          625    .data               timers.o
    0x200000d8   COMPRESSED   0x0000000c   Data   RW          640    .data               port.o
    0x200000e4   COMPRESSED   0x00000018   Data   RW          670    .data               heap_4.o
    0x200000fc   COMPRESSED   0x0000001c   Data   RW          688    .data               malloc.o
    0x20000118   COMPRESSED   0x00000014   Data   RW          710    .data               cjson.o
    0x2000012c   COMPRESSED   0x00000004   Data   RW         1108    .data               mc_w.l(mvars.o)
    0x20000130   COMPRESSED   0x00000004   Data   RW         1109    .data               mc_w.l(mvars.o)
    0x20000134   COMPRESSED   0x00000004   Data   RW         1113    .data               mc_w.l(errno.o)
    0x20000138        -       0x00000600   Zero   RW          393    .bss                usart.o
    0x20000738        -       0x00000040   Zero   RW          575    .bss                queue.o
    0x20000778        -       0x000002e4   Zero   RW          593    .bss                tasks.o
    0x20000a5c        -       0x00000028   Zero   RW          624    .bss                timers.o
    0x20000a84        -       0x00004000   Zero   RW          669    .bss                heap_4.o
    0x20004a84   COMPRESSED   0x0000001c   PAD
    0x20004aa0        -       0x00005500   Zero   RW          686    .bss                malloc.o
    0x20009fa0        -       0x0000000f   Zero   RW          709    .bss                cjson.o
    0x20009faf   COMPRESSED   0x00000001   PAD
    0x20009fb0        -       0x00001000   Zero   RW          433    HEAP                startup_stm32f10x_hd.o
    0x2000afb0        -       0x00000400   Zero   RW          432    STACK               startup_stm32f10x_hd.o



  Load Region LR$$.ARM.__AT_0x68000000 (Base: 0x68000000, Size: 0x00000000, Max: 0x000f0000, ABSOLUTE)

    Execution Region ER$$.ARM.__AT_0x68000000 (Exec base: 0x68000000, Load base: 0x68000000, Size: 0x000f0000, Max: 0x000f0000, ABSOLUTE, UNINIT)

    Exec Addr    Load Addr    Size         Type   Attr      Idx    E Section Name        Object

    0x68000000        -       0x000f0000   Zero   RW          684    .ARM.__AT_0x68000000  malloc.o



  Load Region LR$$.ARM.__AT_0x680F0000 (Base: 0x680f0000, Size: 0x00000000, Max: 0x0000f000, ABSOLUTE)

    Execution Region ER$$.ARM.__AT_0x680F0000 (Exec base: 0x680f0000, Load base: 0x680f0000, Size: 0x0000f000, Max: 0x0000f000, ABSOLUTE, UNINIT)

    Exec Addr    Load Addr    Size         Type   Attr      Idx    E Section Name        Object

    0x680f0000        -       0x0000f000   Zero   RW          685    .ARM.__AT_0x680F0000  malloc.o


==============================================================================

Image component sizes


      Code (inc. data)   RO Data    RW Data    ZI Data      Debug   Object Name

      8348        162          0         20         15      39454   cjson.o
       260         18          0          4          0       1417   delay.o
         0          0          0          0          0       9248   event_groups.o
       220         42          0          8          0       1095   exti.o
       672         82          0         24      16384       3160   heap_4.o
       204         18          0          1          0        764   key.o
        52          6          0          0          0        442   led.o
       148          0          0          0          0       1754   list.o
       548        106          0         24          0     269058   main.o
       576         18         24         28    1066240       5237   malloc.o
       384         16          0          0          0       1171   max6675.o
       220         22          0          0          0       1721   misc.o
       770        100          0         12          0       7507   port.o
      3340         52          0          0         64      16246   queue.o
        36          8        304          0       5120        756   startup_stm32f10x_hd.o
       284         10          0          0          0       2175   stm32f10x_exti.o
       860         38          0          0          0       5653   stm32f10x_gpio.o
        20          0          0          0          0        871   stm32f10x_it.o
       932         36          0         20          0       8792   stm32f10x_rcc.o
      3610         88          0          0          0      22760   stm32f10x_tim.o
      1032         22          0          0          0       8380   stm32f10x_usart.o
         0          0          0          0          0         32   sys.o
       480         38          0         20          0       1623   system_stm32f10x.o
      6460        438          0         68        740      32385   tasks.o
       288         14          0          8          0       3958   timer.o
      1596        110          0         20         40       8744   timers.o
      1360         88          0         24       1536       5954   usart.o
      1720        468          0         12          0       7421   user_process.o

    ----------------------------------------------------------------------
     34424       2000        360        300    1090168     467778   Object Totals
         0          0         32          0          0          0   (incl. Generated)
         4          0          0          7         29          0   (incl. Padding)

    ----------------------------------------------------------------------

      Code (inc. data)   RO Data    RW Data    ZI Data      Debug   Library Member Name

        42          0          0          0          0         84   atof.o
        28          0          0          0          0         80   strtod.o
        56          8          0          0          0         84   __0sscanf.o
        86          0          0          0          0          0   __dczerorl2.o
       812          4          0          0          0        112   _scanf.o
        64          0          0          0          0         84   _sgetc.o
        40          6         64          0          0         68   ctype_c.o
         0          0          0          0          0          0   entry.o
         0          0          0          0          0          0   entry10a.o
         0          0          0          0          0          0   entry11a.o
         8          4          0          0          0          0   entry2.o
         4          0          0          0          0          0   entry5.o
         0          0          0          0          0          0   entry7b.o
         0          0          0          0          0          0   entry8b.o
         8          4          0          0          0          0   entry9a.o
        24         12          0          4          0        136   errno.o
        30          0          0          0          0          0   handlers.o
        36          8          0          0          0         68   init.o
        10          0          0          0          0         68   isspace_c.o
         0          0          0          0          0          0   iusefp.o
        30          0          0          0          0         68   llshl.o
        36          0          0          0          0         68   llsshr.o
        32          0          0          0          0         68   llushr.o
       360         30          0          0          0        356   mallocr.o
        26          0          0          0          0         80   memcmp.o
        36          0          0          0          0         68   memcpya.o
        36          0          0          0          0        108   memseta.o
         0          0          0          8          0          0   mvars.o
      2308         96          0          0          0        604   printfa.o
        40          8          0          0          0         84   scanf_char.o
       878         12          0          0          0        216   scanf_fp.o
        28          0          0          0          0         76   strcmp.o
        18          0          0          0          0         68   strcpy.o
        14          0          0          0          0         68   strlen.o
        30          0          0          0          0         80   strncmp.o
       156         12          0          0          0        120   strtod.o
        12          0          0          0          0         68   tolower.o
        44          0          0          0          0         80   uidiv.o
        98          0          0          0          0         92   uldiv.o
        48          0          0          0          0         68   cdcmple.o
        48          0          0          0          0         68   cdrcmple.o
        20          0          0          0          0         68   cfrcmple.o
        56          0          0          0          0         88   d2f.o
       334          0          0          0          0        148   dadd.o
       222          0          0          0          0        100   ddiv.o
       186          0          0          0          0        176   depilogue.o
        62          0          0          0          0         80   dfixi.o
        48          0          0          0          0         68   dfixul.o
        34          0          0          0          0         76   dflti.o
        26          0          0          0          0         76   dfltui.o
        24          0          0          0          0         76   dfltul.o
       228          0          0          0          0         96   dmul.o
        38          0          0          0          0         68   f2d.o
       110          0          0          0          0        168   fepilogue.o

    ----------------------------------------------------------------------
      6928        204         64         12          0       4580   Library Totals
        14          0          0          0          0          0   (incl. Padding)

    ----------------------------------------------------------------------

      Code (inc. data)   RO Data    RW Data    ZI Data      Debug   Library Name

        70          0          0          0          0        164   m_ws.l
      5360        204         64         12          0       2992   mc_w.l
      1484          0          0          0          0       1424   mf_w.l

    ----------------------------------------------------------------------
      6928        204         64         12          0       4580   Library Totals

    ----------------------------------------------------------------------

==============================================================================


      Code (inc. data)   RO Data    RW Data    ZI Data      Debug   

     41352       2204        424        312    1090168     467546   Grand Totals
     41352       2204        424         68    1090168     467546   ELF Image Totals (compressed)
     41352       2204        424         68          0          0   ROM Totals

==============================================================================

    Total RO  Size (Code + RO Data)                41776 (  40.80kB)
    Total RW  Size (RW Data + ZI Data)           1090480 (1064.92kB)
    Total ROM Size (Code + RO Data + RW Data)      41844 (  40.86kB)

==============================================================================

